Archive member included to satisfy reference by file (symbol)

C:/ST/STM32CubeIDE_1.13.2/STM32CubeIDE/plugins/com.st.stm32cube.ide.mcu.externaltools.gnu-tools-for-stm32.12.3.rel1.win32_1.1.0.202410251130/tools/bin/../lib/gcc/arm-none-eabi/12.3.1/../../../../arm-none-eabi/lib/thumb/v7e-m+fp/hard\libc_nano.a(libc_a-atoi.o)
                              ./Core/Src/main.o (atoi)
C:/ST/STM32CubeIDE_1.13.2/STM32CubeIDE/plugins/com.st.stm32cube.ide.mcu.externaltools.gnu-tools-for-stm32.12.3.rel1.win32_1.1.0.202410251130/tools/bin/../lib/gcc/arm-none-eabi/12.3.1/../../../../arm-none-eabi/lib/thumb/v7e-m+fp/hard\libc_nano.a(libc_a-exit.o)
                              C:/ST/STM32CubeIDE_1.13.2/STM32CubeIDE/plugins/com.st.stm32cube.ide.mcu.externaltools.gnu-tools-for-stm32.12.3.rel1.win32_1.1.0.202410251130/tools/bin/../lib/gcc/arm-none-eabi/12.3.1/../../../../arm-none-eabi/lib/thumb/v7e-m+fp/hard/crt0.o (exit)
C:/ST/STM32CubeIDE_1.13.2/STM32CubeIDE/plugins/com.st.stm32cube.ide.mcu.externaltools.gnu-tools-for-stm32.12.3.rel1.win32_1.1.0.202410251130/tools/bin/../lib/gcc/arm-none-eabi/12.3.1/../../../../arm-none-eabi/lib/thumb/v7e-m+fp/hard\libc_nano.a(libc_a-strtol.o)
                              C:/ST/STM32CubeIDE_1.13.2/STM32CubeIDE/plugins/com.st.stm32cube.ide.mcu.externaltools.gnu-tools-for-stm32.12.3.rel1.win32_1.1.0.202410251130/tools/bin/../lib/gcc/arm-none-eabi/12.3.1/../../../../arm-none-eabi/lib/thumb/v7e-m+fp/hard\libc_nano.a(libc_a-atoi.o) (_strtol_r)
C:/ST/STM32CubeIDE_1.13.2/STM32CubeIDE/plugins/com.st.stm32cube.ide.mcu.externaltools.gnu-tools-for-stm32.12.3.rel1.win32_1.1.0.202410251130/tools/bin/../lib/gcc/arm-none-eabi/12.3.1/../../../../arm-none-eabi/lib/thumb/v7e-m+fp/hard\libc_nano.a(libc_a-ctype_.o)
                              C:/ST/STM32CubeIDE_1.13.2/STM32CubeIDE/plugins/com.st.stm32cube.ide.mcu.externaltools.gnu-tools-for-stm32.12.3.rel1.win32_1.1.0.202410251130/tools/bin/../lib/gcc/arm-none-eabi/12.3.1/../../../../arm-none-eabi/lib/thumb/v7e-m+fp/hard\libc_nano.a(libc_a-strtol.o) (_ctype_)
C:/ST/STM32CubeIDE_1.13.2/STM32CubeIDE/plugins/com.st.stm32cube.ide.mcu.externaltools.gnu-tools-for-stm32.12.3.rel1.win32_1.1.0.202410251130/tools/bin/../lib/gcc/arm-none-eabi/12.3.1/../../../../arm-none-eabi/lib/thumb/v7e-m+fp/hard\libc_nano.a(libc_a-findfp.o)
                              C:/ST/STM32CubeIDE_1.13.2/STM32CubeIDE/plugins/com.st.stm32cube.ide.mcu.externaltools.gnu-tools-for-stm32.12.3.rel1.win32_1.1.0.202410251130/tools/bin/../lib/gcc/arm-none-eabi/12.3.1/../../../../arm-none-eabi/lib/thumb/v7e-m+fp/hard\libc_nano.a(libc_a-exit.o) (__stdio_exit_handler)
C:/ST/STM32CubeIDE_1.13.2/STM32CubeIDE/plugins/com.st.stm32cube.ide.mcu.externaltools.gnu-tools-for-stm32.12.3.rel1.win32_1.1.0.202410251130/tools/bin/../lib/gcc/arm-none-eabi/12.3.1/../../../../arm-none-eabi/lib/thumb/v7e-m+fp/hard\libc_nano.a(libc_a-fwalk.o)
                              C:/ST/STM32CubeIDE_1.13.2/STM32CubeIDE/plugins/com.st.stm32cube.ide.mcu.externaltools.gnu-tools-for-stm32.12.3.rel1.win32_1.1.0.202410251130/tools/bin/../lib/gcc/arm-none-eabi/12.3.1/../../../../arm-none-eabi/lib/thumb/v7e-m+fp/hard\libc_nano.a(libc_a-findfp.o) (_fwalk_sglue)
C:/ST/STM32CubeIDE_1.13.2/STM32CubeIDE/plugins/com.st.stm32cube.ide.mcu.externaltools.gnu-tools-for-stm32.12.3.rel1.win32_1.1.0.202410251130/tools/bin/../lib/gcc/arm-none-eabi/12.3.1/../../../../arm-none-eabi/lib/thumb/v7e-m+fp/hard\libc_nano.a(libc_a-snprintf.o)
                              ./Core/Src/main.o (snprintf)
C:/ST/STM32CubeIDE_1.13.2/STM32CubeIDE/plugins/com.st.stm32cube.ide.mcu.externaltools.gnu-tools-for-stm32.12.3.rel1.win32_1.1.0.202410251130/tools/bin/../lib/gcc/arm-none-eabi/12.3.1/../../../../arm-none-eabi/lib/thumb/v7e-m+fp/hard\libc_nano.a(libc_a-stdio.o)
                              C:/ST/STM32CubeIDE_1.13.2/STM32CubeIDE/plugins/com.st.stm32cube.ide.mcu.externaltools.gnu-tools-for-stm32.12.3.rel1.win32_1.1.0.202410251130/tools/bin/../lib/gcc/arm-none-eabi/12.3.1/../../../../arm-none-eabi/lib/thumb/v7e-m+fp/hard\libc_nano.a(libc_a-findfp.o) (__sread)
C:/ST/STM32CubeIDE_1.13.2/STM32CubeIDE/plugins/com.st.stm32cube.ide.mcu.externaltools.gnu-tools-for-stm32.12.3.rel1.win32_1.1.0.202410251130/tools/bin/../lib/gcc/arm-none-eabi/12.3.1/../../../../arm-none-eabi/lib/thumb/v7e-m+fp/hard\libc_nano.a(libc_a-memset.o)
                              C:/ST/STM32CubeIDE_1.13.2/STM32CubeIDE/plugins/com.st.stm32cube.ide.mcu.externaltools.gnu-tools-for-stm32.12.3.rel1.win32_1.1.0.202410251130/tools/bin/../lib/gcc/arm-none-eabi/12.3.1/../../../../arm-none-eabi/lib/thumb/v7e-m+fp/hard/crt0.o (memset)
C:/ST/STM32CubeIDE_1.13.2/STM32CubeIDE/plugins/com.st.stm32cube.ide.mcu.externaltools.gnu-tools-for-stm32.12.3.rel1.win32_1.1.0.202410251130/tools/bin/../lib/gcc/arm-none-eabi/12.3.1/../../../../arm-none-eabi/lib/thumb/v7e-m+fp/hard\libc_nano.a(libc_a-closer.o)
[...]
Memory Configuration

Name             Origin             Length             Attributes
RAM              0x20000000         0x00050000         xrw
FLASH            0x08000000         0x00100000         xr
*default*        0x00000000         0xffffffff

Linker script and memory map

LOAD C:/ST/STM32CubeIDE_1.13.2/STM32CubeIDE/plugins/com.st.stm32cube.ide.mcu.externaltools.gnu-tools-for-stm32.12.3.rel1.win32_1.1.0.202410251130/tools/bin/../lib/gcc/arm-none-eabi/12.3.1/thumb/v7e-m+fp/hard/crti.o
LOAD C:/ST/STM32CubeIDE_1.13.2/STM32CubeIDE/plugins/com.st.stm32cube.ide.mcu.externaltools.gnu-tools-for-stm32.12.3.rel1.win32_1.1.0.202410251130/tools/bin/../lib/gcc/arm-none-eabi/12.3.1/thumb/v7e-m+fp/hard/crtbegin.o
LOAD C:/ST/STM32CubeIDE_1.13.2/STM32CubeIDE/plugins/com.st.stm32cube.ide.mcu.externaltools.gnu-tools-for-stm32.12.3.rel1.win32_1.1.0.202410251130/tools/bin/../lib/gcc/arm-none-eabi/12.3.1/../../../../arm-none-eabi/lib/thumb/v7e-m+fp/hard/crt0.o
LOAD ./Core/Src/INA219.o
LOAD ./Core/Src/bmp2.o
LOAD ./Core/Src/bmp2_config.o
LOAD ./Core/Src/gpio.o
LOAD ./Core/Src/i2c.o
LOAD ./Core/Src/keypad_4x4_lib.o
LOAD ./Core/Src/lcd_hd44780_lib.o
LOAD ./Core/Src/main.o
LOAD ./Core/Src/spi.o
LOAD ./Core/Src/stm32f7xx_hal_msp.o
LOAD ./Core/Src/stm32f7xx_it.o
LOAD ./Core/Src/syscalls.o
LOAD ./Core/Src/sysmem.o
LOAD ./Core/Src/system_stm32f7xx.o
LOAD ./Core/Src/tim.o
LOAD ./Core/Src/usart.o
LOAD ./Core/Startup/startup_stm32f746zgtx.o
LOAD ./Drivers/STM32F7xx_HAL_Driver/Src/stm32f7xx_hal.o
LOAD ./Drivers/STM32F7xx_HAL_Driver/Src/stm32f7xx_hal_cortex.o
LOAD ./Drivers/STM32F7xx_HAL_Driver/Src/stm32f7xx_hal_dma.o
LOAD ./Drivers/STM32F7xx_HAL_Driver/Src/stm32f7xx_hal_dma_ex.o
LOAD ./Drivers/STM32F7xx_HAL_Driver/Src/stm32f7xx_hal_exti.o
LOAD ./Drivers/STM32F7xx_HAL_Driver/Src/stm32f7xx_hal_flash.o
LOAD ./Drivers/STM32F7xx_HAL_Driver/Src/stm32f7xx_hal_flash_ex.o
LOAD ./Drivers/STM32F7xx_HAL_Driver/Src/stm32f7xx_hal_gpio.o
LOAD ./Drivers/STM32F7xx_HAL_Driver/Src/stm32f7xx_hal_i2c.o
LOAD ./Drivers/STM32F7xx_HAL_Driver/Src/stm32f7xx_hal_i2c_ex.o
LOAD ./Drivers/STM32F7xx_HAL_Driver/Src/stm32f7xx_hal_pwr.o
LOAD ./Drivers/STM32F7xx_HAL_Driver/Src/stm32f7xx_hal_pwr_ex.o
LOAD ./Drivers/STM32F7xx_HAL_Driver/Src/stm32f7xx_hal_rcc.o
LOAD ./Drivers/STM32F7xx_HAL_Driver/Src/stm32f7xx_hal_rcc_ex.o
LOAD ./Drivers/STM32F7xx_HAL_Driver/Src/stm32f7xx_hal_spi.o
LOAD ./Drivers/STM32F7xx_HAL_Driver/Src/stm32f7xx_hal_spi_ex.o
LOAD ./Drivers/STM32F7xx_HAL_Driver/Src/stm32f7xx_hal_tim.o
LOAD ./Drivers/STM32F7xx_HAL_Driver/Src/stm32f7xx_hal_tim_ex.o
LOAD ./Drivers/STM32F7xx_HAL_Driver/Src/stm32f7xx_hal_uart.o
LOAD ./Drivers/STM32F7xx_HAL_Driver/Src/stm32f7xx_hal_uart_ex.o
START GROUP
LOAD C:/ST/STM32CubeIDE_1.13.2/STM32CubeIDE/plugins/com.st.stm32cube.ide.mcu.externaltools.gnu-tools-for-stm32.12.3.rel1.win32_1.1.0.202410251130/tools/bin/../lib/gcc/arm-none-eabi/12.3.1/../../../../arm-none-eabi/lib/thumb/v7e-m+fp/hard\libc_nano.a
LOAD C:/ST/STM32CubeIDE_1.13.2/STM32CubeIDE/plugins/com.st.stm32cube.ide.mcu.externaltools.gnu-tools-for-stm32.12.3.rel1.win32_1.1.0.202410251130/tools/bin/../lib/gcc/arm-none-eabi/12.3.1/../../../../arm-none-eabi/lib/thumb/v7e-m+fp/hard\libm.a
END GROUP
START GROUP
LOAD C:/ST/STM32CubeIDE_1.13.2/STM32CubeIDE/plugins/com.st.stm32cube.ide.mcu.externaltools.gnu-tools-for-stm32.12.3.rel1.win32_1.1.0.202410251130/tools/bin/../lib/gcc/arm-none-eabi/12.3.1/thumb/v7e-m+fp/hard\libgcc.a
LOAD C:/ST/STM32CubeIDE_1.13.2/STM32CubeIDE/plugins/com.st.stm32cube.ide.mcu.externaltools.gnu-tools-for-stm32.12.3.rel1.win32_1.1.0.202410251130/tools/bin/../lib/gcc/arm-none-eabi/12.3.1/../../../../arm-none-eabi/lib/thumb/v7e-m+fp/hard\libc_nano.a
END GROUP
START GROUP
LOAD C:/ST/STM32CubeIDE_1.13.2/STM32CubeIDE/plugins/com.st.stm32cube.ide.mcu.externaltools.gnu-tools-for-stm32.12.3.rel1.win32_1.1.0.202410251130/tools/bin/../lib/gcc/arm-none-eabi/12.3.1/thumb/v7e-m+fp/hard\libgcc.a
LOAD C:/ST/STM32CubeIDE_1.13.2/STM32CubeIDE/plugins/com.st.stm32cube.ide.mcu.externaltools.gnu-tools-for-stm32.12.3.rel1.win32_1.1.0.202410251130/tools/bin/../lib/gcc/arm-none-eabi/12.3.1/../../../../arm-none-eabi/lib/thumb/v7e-m+fp/hard\libc_nano.a
LOAD C:/ST/STM32CubeIDE_1.13.2/STM32CubeIDE/plugins/com.st.stm32cube.ide.mcu.externaltools.gnu-tools-for-stm32.12.3.rel1.win32_1.1.0.202410251130/tools/bin/../lib/gcc/arm-none-eabi/12.3.1/../../../../arm-none-eabi/lib/thumb/v7e-m+fp/hard\libnosys.a
END GROUP
START GROUP
LOAD C:/ST/STM32CubeIDE_1.13.2/STM32CubeIDE/plugins/com.st.stm32cube.ide.mcu.externaltools.gnu-tools-for-stm32.12.3.rel1.win32_1.1.0.202410251130/tools/bin/../lib/gcc/arm-none-eabi/12.3.1/thumb/v7e-m+fp/hard\libgcc.a
LOAD C:/ST/STM32CubeIDE_1.13.2/STM32CubeIDE/plugins/com.st.stm32cube.ide.mcu.externaltools.gnu-tools-for-stm32.12.3.rel1.win32_1.1.0.202410251130/tools/bin/../lib/gcc/arm-none-eabi/12.3.1/../../../../arm-none-eabi/lib/thumb/v7e-m+fp/hard\libc_nano.a
LOAD C:/ST/STM32CubeIDE_1.13.2/STM32CubeIDE/plugins/com.st.stm32cube.ide.mcu.externaltools.gnu-tools-for-stm32.12.3.rel1.win32_1.1.0.202410251130/tools/bin/../lib/gcc/arm-none-eabi/12.3.1/../../../../arm-none-eabi/lib/thumb/v7e-m+fp/hard\libnosys.a
END GROUP
LOAD C:/ST/STM32CubeIDE_1.13.2/STM32CubeIDE/plugins/com.st.stm32cube.ide.mcu.externaltools.gnu-tools-for-stm32.12.3.rel1.win32_1.1.0.202410251130/tools/bin/../lib/gcc/arm-none-eabi/12.3.1/thumb/v7e-m+fp/hard/crtend.o
LOAD C:/ST/STM32CubeIDE_1.13.2/STM32CubeIDE/plugins/com.st.stm32cube.ide.mcu.externaltools.gnu-tools-for-stm32.12.3.rel1.win32_1.1.0.202410251130/tools/bin/../lib/gcc/arm-none-eabi/12.3.1/thumb/v7e-m+fp/hard/crtn.o
                0x20050000                        _estack = (ORIGIN (RAM) + LENGTH (RAM))
                0x00000200                        _Min_Heap_Size = 0x200
                0x00000400                        _Min_Stack_Size = 0x400

.isr_vector     0x08000000      0x1c8
                0x08000000                        . = ALIGN (0x4)
 *(.isr_vector)
 .isr_vector    0x08000000      0x1c8 ./Core/Startup/startup_stm32f746zgtx.o
                0x08000000                g_pfnVectors
                0x080001c8                        . = ALIGN (0x4)

.text           0x080001d0     0xca0c
                0x080001d0                        . = ALIGN (0x4)
 *(.text)
 .text          0x080001d0       0x40 C:/ST/STM32CubeIDE_1.13.2/STM32CubeIDE/plugins/com.st.stm32cube.ide.mcu.externaltools.gnu-tools-for-stm32.12.3.rel1.win32_1.1.0.202410251130/tools/bin/../lib/gcc/arm-none-eabi/12.3.1/thumb/v7e-m+fp/hard/crtbegin.o
 .text          0x08000210       0x14 C:/ST/STM32CubeIDE_1.13.2/STM32CubeIDE/plugins/com.st.stm32cube.ide.mcu.externaltools.gnu-tools-for-stm32.12.3.rel1.win32_1.1.0.202410251130/tools/bin/../lib/gcc/arm-none-eabi/12.3.1/../../../../arm-none-eabi/lib/thumb/v7e-m+fp/hard\libc_nano.a(libc_a-strcmp.o)
                0x08000210                strcmp
 .text          0x08000224       0x10 C:/ST/STM32CubeIDE_1.13.2/STM32CubeIDE/plugins/com.st.stm32cube.ide.mcu.externaltools.gnu-tools-for-stm32.12.3.rel1.win32_1.1.0.202410251130/tools/bin/../lib/gcc/arm-none-eabi/12.3.1/../../../../arm-none-eabi/lib/thumb/v7e-m+fp/hard\libc_nano.a(libc_a-strlen.o)
                0x08000224                strlen
 *fill*         0x08000234        0xc 
 .text          0x08000240       0xa0 C:/ST/STM32CubeIDE_1.13.2/STM32CubeIDE/plugins/com.st.stm32cube.ide.mcu.externaltools.gnu-tools-for-stm32.12.3.rel1.win32_1.1.0.202410251130/tools/bin/../lib/gcc/arm-none-eabi/12.3.1/../../../../arm-none-eabi/lib/thumb/v7e-m+fp/hard\libc_nano.a(libc_a-memchr.o)
                0x08000240                memchr
 .text          0x080002e0      0x378 C:/ST/STM32CubeIDE_1.13.2/STM32CubeIDE/plugins/com.st.stm32cube.ide.mcu.externaltools.gnu-tools-for-stm32.12.3.rel1.win32_1.1.0.202410251130/tools/bin/../lib/gcc/arm-none-eabi/12.3.1/thumb/v7e-m+fp/hard\libgcc.a(_arm_addsubdf3.o)
                0x080002e0                __aeabi_drsub
                0x080002e8                __aeabi_dsub
                0x080002e8                __subdf3
                0x080002ec                __aeabi_dadd
                0x080002ec                __adddf3
                0x08000564                __floatunsidf
                0x08000564                __aeabi_ui2d
                0x08000584                __floatsidf
                0x08000584                __aeabi_i2d
                0x080005a8                __aeabi_f2d
                0x080005a8                __extendsfdf2
                0x080005ec                __floatundidf
                0x080005ec                __aeabi_ul2d
                0x080005fc                __floatdidf
                0x080005fc                __aeabi_l2d
 .text          0x08000658      0x424 C:/ST/STM32CubeIDE_1.13.2/STM32CubeIDE/plugins/com.st.stm32cube.ide.mcu.externaltools.gnu-tools-for-stm32.12.3.rel1.win32_1.1.0.202410251130/tools/bin/../lib/gcc/arm-none-eabi/12.3.1/thumb/v7e-m+fp/hard\libgcc.a(_arm_muldivdf3.o)
                0x08000658                __aeabi_dmul
                0x08000658                __muldf3
                0x080008ac                __divdf3
                0x080008ac                __aeabi_ddiv
 .text          0x08000a7c      0x110 C:/ST/STM32CubeIDE_1.13.2/STM32CubeIDE/plugins/com.st.stm32cube.ide.mcu.externaltools.gnu-tools-for-stm32.12.3.rel1.win32_1.1.0.202410251130/tools/bin/../lib/gcc/arm-none-eabi/12.3.1/thumb/v7e-m+fp/hard\libgcc.a(_arm_cmpdf2.o)
                0x08000a7c                __gtdf2
                0x08000a7c                __gedf2
                0x08000a84                __ltdf2
                0x08000a84                __ledf2
                0x08000a8c                __nedf2
                0x08000a8c                __eqdf2
                0x08000a8c                __cmpdf2
                0x08000b08                __aeabi_cdrcmple
                0x08000b18                __aeabi_cdcmpeq
                0x08000b18                __aeabi_cdcmple
                0x08000b28                __aeabi_dcmpeq
                0x08000b3c                __aeabi_dcmplt
                0x08000b50                __aeabi_dcmple
                0x08000b64                __aeabi_dcmpge
                0x08000b78                __aeabi_dcmpgt
 .text          0x08000b8c       0x50 C:/ST/STM32CubeIDE_1.13.2/STM32CubeIDE/plugins/com.st.stm32cube.ide.mcu.externaltools.gnu-tools-for-stm32.12.3.rel1.win32_1.1.0.202410251130/tools/bin/../lib/gcc/arm-none-eabi/12.3.1/thumb/v7e-m+fp/hard\libgcc.a(_arm_fixdfsi.o)
                0x08000b8c                __aeabi_d2iz
                0x08000b8c                __fixdfsi
 .text          0x08000bdc       0x40 C:/ST/STM32CubeIDE_1.13.2/STM32CubeIDE/plugins/com.st.stm32cube.ide.mcu.externaltools.gnu-tools-for-stm32.12.3.rel1.win32_1.1.0.202410251130/tools/bin/../lib/gcc/arm-none-eabi/12.3.1/thumb/v7e-m+fp/hard\libgcc.a(_arm_fixunsdfsi.o)
                0x08000bdc                __aeabi_d2uiz
                0x08000bdc                __fixunsdfsi
 .text          0x08000c1c       0xa0 C:/ST/STM32CubeIDE_1.13.2/STM32CubeIDE/plugins/com.st.stm32cube.ide.mcu.externaltools.gnu-tools-for-stm32.12.3.rel1.win32_1.1.0.202410251130/tools/bin/../lib/gcc/arm-none-eabi/12.3.1/thumb/v7e-m+fp/hard\libgcc.a(_arm_truncdfsf2.o)
                0x08000c1c                __truncdfsf2
                0x08000c1c                __aeabi_d2f
 .text          0x08000cbc       0x30 C:/ST/STM32CubeIDE_1.13.2/STM32CubeIDE/plugins/com.st.stm32cube.ide.mcu.externaltools.gnu-tools-for-stm32.12.3.rel1.win32_1.1.0.202410251130/tools/bin/../lib/gcc/arm-none-eabi/12.3.1/thumb/v7e-m+fp/hard\libgcc.a(_aeabi_uldivmod.o)
                0x08000cbc                __aeabi_uldivmod
 .text          0x08000cec      0x2bc C:/ST/STM32CubeIDE_1.13.2/STM32CubeIDE/plugins/com.st.stm32cube.ide.mcu.externaltools.gnu-tools-for-stm32.12.3.rel1.win32_1.1.0.202410251130/tools/bin/../lib/gcc/arm-none-eabi/12.3.1/thumb/v7e-m+fp/hard\libgcc.a(_udivmoddi4.o)
                0x08000cec                __udivmoddi4
 .text          0x08000fa8        0x4 C:/ST/STM32CubeIDE_1.13.2/STM32CubeIDE/plugins/com.st.stm32cube.ide.mcu.externaltools.gnu-tools-for-stm32.12.3.rel1.win32_1.1.0.202410251130/tools/bin/../lib/gcc/arm-none-eabi/12.3.1/thumb/v7e-m+fp/hard\libgcc.a(_dvmd_tls.o)
                0x08000fa8                __aeabi_idiv0
                0x08000fa8                __aeabi_ldiv0
 *(.text*)
 .text.Read16   0x08000fac       0x44 ./Core/Src/INA219.o
                0x08000fac                Read16
 .text.Write16  0x08000ff0       0x48 ./Core/Src/INA219.o
                0x08000ff0                Write16
 .text.INA219_ReadBusVoltage
                0x08001038       0x26 ./Core/Src/INA219.o
                0x08001038                INA219_ReadBusVoltage
 .text.INA219_ReadCurrent_raw
                0x0800105e       0x20 ./Core/Src/INA219.o
                0x0800105e                INA219_ReadCurrent_raw
 *fill*         0x0800107e        0x2 
 .text.INA219_ReadCurrent
                0x08001080       0x30 ./Core/Src/INA219.o
                0x08001080                INA219_ReadCurrent
 .text.INA219_ReadShuntVolage
                0x080010b0       0x48 ./Core/Src/INA219.o
                0x080010b0                INA219_ReadShuntVolage
 .text.INA219_Reset
                0x080010f8       0x22 ./Core/Src/INA219.o
                0x080010f8                INA219_Reset
 .text.INA219_setCalibration
                0x0800111a       0x20 ./Core/Src/INA219.o
                0x0800111a                INA219_setCalibration
 .text.INA219_setConfig
                0x0800113a       0x20 ./Core/Src/INA219.o
                0x0800113a                INA219_setConfig
 *fill*         0x0800115a        0x2 
 .text.INA219_setCalibration_16V_400mA
                0x0800115c       0x4c ./Core/Src/INA219.o
                0x0800115c                INA219_setCalibration_16V_400mA
 .text.INA219_Init
                0x080011a8       0x64 ./Core/Src/INA219.o
                0x080011a8                INA219_Init
 .text.bmp2_init
                0x0800120c       0x56 ./Core/Src/bmp2.o
                0x0800120c                bmp2_init
 .text.bmp2_get_regs
                0x08001262       0x70 ./Core/Src/bmp2.o
                0x08001262                bmp2_get_regs
 .text.bmp2_set_regs
                0x080012d2       0xe4 ./Core/Src/bmp2.o
                0x080012d2                bmp2_set_regs
 .text.bmp2_soft_reset
                0x080013b6       0x30 ./Core/Src/bmp2.o
                0x080013b6                bmp2_soft_reset
 .text.bmp2_get_config
                0x080013e6       0x80 ./Core/Src/bmp2.o
                0x080013e6                bmp2_get_config
 .text.bmp2_set_config
                0x08001466       0x1e ./Core/Src/bmp2.o
                0x08001466                bmp2_set_config
 .text.bmp2_get_status
                0x08001484       0x58 ./Core/Src/bmp2.o
                0x08001484                bmp2_get_status
 .text.bmp2_set_power_mode
                0x080014dc       0x2a ./Core/Src/bmp2.o
                0x080014dc                bmp2_set_power_mode
 .text.bmp2_get_sensor_data
                0x08001506       0x7c ./Core/Src/bmp2.o
                0x08001506                bmp2_get_sensor_data
 .text.bmp2_compensate_data
                0x08001582       0x82 ./Core/Src/bmp2.o
                0x08001582                bmp2_compensate_data
 .text.bmp2_compute_meas_time
                0x08001604       0xa4 ./Core/Src/bmp2.o
                0x08001604                bmp2_compute_meas_time
 .text.null_ptr_check
                0x080016a8       0x40 ./Core/Src/bmp2.o
 .text.interleave_data
                0x080016e8       0x56 ./Core/Src/bmp2.o
 .text.get_calib_param
                0x0800173e      0x136 ./Core/Src/bmp2.o
 .text.conf_sensor
                0x08001874      0x118 ./Core/Src/bmp2.o
 .text.set_os_mode
                0x0800198c      0x138 ./Core/Src/bmp2.o
 .text.parse_sensor_data
                0x08001ac4       0x86 ./Core/Src/bmp2.o
 *fill*         0x08001b4a        0x2 
 .text.compensate_temperature
                0x08001b4c      0x1ec ./Core/Src/bmp2.o
 .text.compensate_pressure
                0x08001d38      0x3c8 ./Core/Src/bmp2.o
 .text.st_check_boundaries
                0x08002100       0x8c ./Core/Src/bmp2.o
 .text.BMP2_Init
                0x0800218c       0x70 ./Core/Src/bmp2_config.o
                0x0800218c                BMP2_Init
 .text.bmp2_spi_read
                0x080021fc       0x80 ./Core/Src/bmp2_config.o
                0x080021fc                bmp2_spi_read
 .text.bmp2_spi_write
                0x0800227c       0x80 ./Core/Src/bmp2_config.o
                0x0800227c                bmp2_spi_write
 .text.bmp2_delay_us
                0x080022fc       0x28 ./Core/Src/bmp2_config.o
                0x080022fc                bmp2_delay_us
 .text.BMP2_ReadData
                0x08002324       0xc8 ./Core/Src/bmp2_config.o
                0x08002324                BMP2_ReadData
 .text.MX_GPIO_Init
                0x080023ec      0x240 ./Core/Src/gpio.o
                0x080023ec                MX_GPIO_Init
 .text.MX_I2C1_Init
                0x0800262c       0x80 ./Core/Src/i2c.o
                0x0800262c                MX_I2C1_Init
 .text.MX_I2C2_Init
                0x080026ac       0x80 ./Core/Src/i2c.o
                0x080026ac                MX_I2C2_Init
 .text.HAL_I2C_MspInit
                0x0800272c      0x14c ./Core/Src/i2c.o
                0x0800272c                HAL_I2C_MspInit
 .text.keypad_config
                0x08002878       0x68 ./Core/Src/keypad_4x4_lib.o
                0x08002878                keypad_config
 .text.keypad_readkey
                0x080028e0       0x8c ./Core/Src/keypad_4x4_lib.o
                0x080028e0                keypad_readkey
 .text.LCD_WriteNibble
                0x0800296c       0x78 ./Core/Src/lcd_hd44780_lib.o
                0x0800296c                LCD_WriteNibble
 .text.LCD_ReadNibble
                0x080029e4       0x90 ./Core/Src/lcd_hd44780_lib.o
                0x080029e4                LCD_ReadNibble
 .text.LCD_ReadStatus
                0x08002a74       0x98 ./Core/Src/lcd_hd44780_lib.o
                0x08002a74                LCD_ReadStatus
 .text.LCD_WriteData
                0x08002b0c       0x58 ./Core/Src/lcd_hd44780_lib.o
                0x08002b0c                LCD_WriteData
 .text.LCD_WriteCommand
                0x08002b64       0x4c ./Core/Src/lcd_hd44780_lib.o
                0x08002b64                LCD_WriteCommand
 .text.LCD_WriteText
                0x08002bb0       0x2a ./Core/Src/lcd_hd44780_lib.o
                0x08002bb0                LCD_WriteText
 .text.LCD_GoTo
                0x08002bda       0x34 ./Core/Src/lcd_hd44780_lib.o
                0x08002bda                LCD_GoTo
 .text.LCD_WriteTextXY
                0x08002c0e       0x3e ./Core/Src/lcd_hd44780_lib.o
                0x08002c0e                LCD_WriteTextXY
 .text.LCD_Initialize
                0x08002c4c       0xf0 ./Core/Src/lcd_hd44780_lib.o
                0x08002c4c                LCD_Initialize
 .text.move_menu
                0x08002d3c       0xcc ./Core/Src/main.o
                0x08002d3c                move_menu
 .text.roundToTwoDecimals
                0x08002e08       0x6c ./Core/Src/main.o
                0x08002e08                roundToTwoDecimals
 .text.calculate_discrete_pi
                0x08002e74      0x1e0 ./Core/Src/main.o
                0x08002e74                calculate_discrete_pi
 .text.PowerSupply_SetState
                0x08003054       0x24 ./Core/Src/main.o
                0x08003054                PowerSupply_SetState
 .text.PowerSupply_Off
                0x08003078       0x28 ./Core/Src/main.o
                0x08003078                PowerSupply_Off
 .text.PowerSupply_On
                0x080030a0       0x28 ./Core/Src/main.o
                0x080030a0                PowerSupply_On
 .text.Battery_SetState
                0x080030c8       0x24 ./Core/Src/main.o
                0x080030c8                Battery_SetState
 .text.Battery_Off
                0x080030ec       0x28 ./Core/Src/main.o
                0x080030ec                Battery_Off
 .text.Battery_On
                0x08003114       0x28 ./Core/Src/main.o
                0x08003114                Battery_On
 .text.Output_SetState
                0x0800313c       0x24 ./Core/Src/main.o
                0x0800313c                Output_SetState
 .text.Output_Off
                0x08003160       0x1c ./Core/Src/main.o
                0x08003160                Output_Off
 .text.Output_On
                0x0800317c       0x1c ./Core/Src/main.o
                0x0800317c                Output_On
 .text.sendBluetoothData
                0x08003198       0x48 ./Core/Src/main.o
                0x08003198                sendBluetoothData
 .text.HAL_UART_RxCpltCallback
                0x080031e0       0x54 ./Core/Src/main.o
                0x080031e0                HAL_UART_RxCpltCallback
 .text.HAL_TIM_PeriodElapsedCallback
                0x08003234      0x110 ./Core/Src/main.o
                0x08003234                HAL_TIM_PeriodElapsedCallback
 *fill*         0x08003344        0x4 
 .text.main     0x08003348     0x1b5c ./Core/Src/main.o
                0x08003348                main
 .text.SystemClock_Config
                0x08004ea4       0xd0 ./Core/Src/main.o
                0x08004ea4                SystemClock_Config
 .text.Error_Handler
                0x08004f74        0xc ./Core/Src/main.o
                0x08004f74                Error_Handler
 .text.MX_SPI4_Init
                0x08004f80       0x7c ./Core/Src/spi.o
                0x08004f80                MX_SPI4_Init
 .text.HAL_SPI_MspInit
                0x08004ffc       0x98 ./Core/Src/spi.o
                0x08004ffc                HAL_SPI_MspInit
 .text.HAL_MspInit
                0x08005094       0x48 ./Core/Src/stm32f7xx_hal_msp.o
                0x08005094                HAL_MspInit
 .text.NMI_Handler
                0x080050dc        0x8 ./Core/Src/stm32f7xx_it.o
                0x080050dc                NMI_Handler
 .text.HardFault_Handler
                0x080050e4        0x8 ./Core/Src/stm32f7xx_it.o
                0x080050e4                HardFault_Handler
 .text.MemManage_Handler
                0x080050ec        0x8 ./Core/Src/stm32f7xx_it.o
                0x080050ec                MemManage_Handler
 .text.BusFault_Handler
                0x080050f4        0x8 ./Core/Src/stm32f7xx_it.o
                0x080050f4                BusFault_Handler
 .text.UsageFault_Handler
                0x080050fc        0x8 ./Core/Src/stm32f7xx_it.o
                0x080050fc                UsageFault_Handler
 .text.SVC_Handler
                0x08005104        0xe ./Core/Src/stm32f7xx_it.o
                0x08005104                SVC_Handler
 .text.DebugMon_Handler
                0x08005112        0xe ./Core/Src/stm32f7xx_it.o
                0x08005112                DebugMon_Handler
 .text.PendSV_Handler
                0x08005120        0xe ./Core/Src/stm32f7xx_it.o
                0x08005120                PendSV_Handler
 .text.SysTick_Handler
                0x0800512e        0xc ./Core/Src/stm32f7xx_it.o
                0x0800512e                SysTick_Handler
 *fill*         0x0800513a        0x2 
 .text.TIM1_CC_IRQHandler
                0x0800513c       0x14 ./Core/Src/stm32f7xx_it.o
                0x0800513c                TIM1_CC_IRQHandler
 .text.TIM2_IRQHandler
                0x08005150       0x14 ./Core/Src/stm32f7xx_it.o
                0x08005150                TIM2_IRQHandler
 .text.TIM3_IRQHandler
                0x08005164       0x14 ./Core/Src/stm32f7xx_it.o
                0x08005164                TIM3_IRQHandler
 .text.TIM4_IRQHandler
                0x08005178       0x14 ./Core/Src/stm32f7xx_it.o
                0x08005178                TIM4_IRQHandler
 .text.EXTI15_10_IRQHandler
                0x0800518c       0x10 ./Core/Src/stm32f7xx_it.o
                0x0800518c                EXTI15_10_IRQHandler
 .text.USART6_IRQHandler
                0x0800519c       0x14 ./Core/Src/stm32f7xx_it.o
                0x0800519c                USART6_IRQHandler
 .text.SPI4_IRQHandler
                0x080051b0       0x14 ./Core/Src/stm32f7xx_it.o
                0x080051b0                SPI4_IRQHandler
 .text._sbrk    0x080051c4       0x6c ./Core/Src/sysmem.o
                0x080051c4                _sbrk
 .text.SystemInit
                0x08005230       0x24 ./Core/Src/system_stm32f7xx.o
                0x08005230                SystemInit
 .text.MX_TIM1_Init
                0x08005254      0x1a0 ./Core/Src/tim.o
                0x08005254                MX_TIM1_Init
 .text.MX_TIM2_Init
                0x080053f4      0x124 ./Core/Src/tim.o
                0x080053f4                MX_TIM2_Init
 .text.MX_TIM3_Init
                0x08005518       0xf0 ./Core/Src/tim.o
                0x08005518                MX_TIM3_Init
 .text.MX_TIM4_Init
                0x08005608      0x10c ./Core/Src/tim.o
                0x08005608                MX_TIM4_Init
 .text.HAL_TIM_Base_MspInit
                0x08005714       0xf0 ./Core/Src/tim.o
                0x08005714                HAL_TIM_Base_MspInit
 .text.HAL_TIM_MspPostInit
                0x08005804      0x1cc ./Core/Src/tim.o
                0x08005804                HAL_TIM_MspPostInit
 .text.MX_USART6_UART_Init
                0x080059d0       0x60 ./Core/Src/usart.o
                0x080059d0                MX_USART6_UART_Init
 .text.HAL_UART_MspInit
                0x08005a30       0xd0 ./Core/Src/usart.o
                0x08005a30                HAL_UART_MspInit
 .text.Reset_Handler
                0x08005b00       0x50 ./Core/Startup/startup_stm32f746zgtx.o
                0x08005b00                Reset_Handler
 .text.Default_Handler
                0x08005b50        0x2 ./Core/Startup/startup_stm32f746zgtx.o
                0x08005b50                RTC_Alarm_IRQHandler
                0x08005b50                EXTI2_IRQHandler
                0x08005b50                TIM8_CC_IRQHandler
                0x08005b50                UART8_IRQHandler
                0x08005b50                DMA2_Stream5_IRQHandler
                0x08005b50                DMA1_Stream5_IRQHandler
                0x08005b50                PVD_IRQHandler
                0x08005b50                TAMP_STAMP_IRQHandler
                0x08005b50                CAN2_RX1_IRQHandler
                0x08005b50                EXTI3_IRQHandler
                0x08005b50                TIM8_TRG_COM_TIM14_IRQHandler
                0x08005b50                TIM1_UP_TIM10_IRQHandler
                0x08005b50                TIM8_UP_TIM13_IRQHandler
                0x08005b50                I2C3_ER_IRQHandler
                0x08005b50                EXTI0_IRQHandler
                0x08005b50                I2C2_EV_IRQHandler
                0x08005b50                DMA1_Stream2_IRQHandler
                0x08005b50                CAN1_RX0_IRQHandler
                0x08005b50                FPU_IRQHandler
                0x08005b50                OTG_HS_WKUP_IRQHandler
                0x08005b50                LTDC_ER_IRQHandler
                0x08005b50                CAN2_SCE_IRQHandler
                0x08005b50                DMA2_Stream2_IRQHandler
                0x08005b50                SPI1_IRQHandler
                0x08005b50                TIM6_DAC_IRQHandler
                0x08005b50                TIM1_BRK_TIM9_IRQHandler
                0x08005b50                DCMI_IRQHandler
                0x08005b50                CAN2_RX0_IRQHandler
                0x08005b50                DMA2_Stream3_IRQHandler
                0x08005b50                SAI2_IRQHandler
                0x08005b50                USART3_IRQHandler
                0x08005b50                CAN1_RX1_IRQHandler
                0x08005b50                UART5_IRQHandler
                0x08005b50                DMA2_Stream0_IRQHandler
                0x08005b50                QUADSPI_IRQHandler
                0x08005b50                I2C1_EV_IRQHandler
                0x08005b50                DMA1_Stream6_IRQHandler
                0x08005b50                DMA1_Stream1_IRQHandler
                0x08005b50                UART4_IRQHandler
                0x08005b50                RCC_IRQHandler
                0x08005b50                TIM8_BRK_TIM12_IRQHandler
                0x08005b50                Default_Handler
                0x08005b50                CEC_IRQHandler
                0x08005b50                ADC_IRQHandler
                0x08005b50                DMA1_Stream7_IRQHandler
                0x08005b50                SPI5_IRQHandler
                0x08005b50                TIM7_IRQHandler
                0x08005b50                SDMMC1_IRQHandler
                0x08005b50                CAN2_TX_IRQHandler
                0x08005b50                TIM5_IRQHandler
                0x08005b50                DMA2_Stream7_IRQHandler
                0x08005b50                I2C3_EV_IRQHandler
                0x08005b50                EXTI9_5_IRQHandler
                0x08005b50                RTC_WKUP_IRQHandler
                0x08005b50                LTDC_IRQHandler
                0x08005b50                ETH_WKUP_IRQHandler
                0x08005b50                SPDIF_RX_IRQHandler
                0x08005b50                SPI2_IRQHandler
                0x08005b50                OTG_HS_EP1_IN_IRQHandler
                0x08005b50                DMA1_Stream0_IRQHandler
                0x08005b50                CAN1_TX_IRQHandler
                0x08005b50                EXTI4_IRQHandler
                0x08005b50                RNG_IRQHandler
                0x08005b50                ETH_IRQHandler
                0x08005b50                OTG_HS_EP1_OUT_IRQHandler
                0x08005b50                WWDG_IRQHandler
                0x08005b50                SPI6_IRQHandler
                0x08005b50                I2C4_EV_IRQHandler
                0x08005b50                OTG_FS_WKUP_IRQHandler
                0x08005b50                TIM1_TRG_COM_TIM11_IRQHandler
                0x08005b50                OTG_HS_IRQHandler
                0x08005b50                DMA2D_IRQHandler
                0x08005b50                EXTI1_IRQHandler
                0x08005b50                UART7_IRQHandler
                0x08005b50                USART2_IRQHandler
                0x08005b50                I2C2_ER_IRQHandler
                0x08005b50                DMA2_Stream1_IRQHandler
                0x08005b50                CAN1_SCE_IRQHandler
                0x08005b50                FLASH_IRQHandler
                0x08005b50                DMA2_Stream4_IRQHandler
                0x08005b50                USART1_IRQHandler
                0x08005b50                OTG_FS_IRQHandler
                0x08005b50                SPI3_IRQHandler
                0x08005b50                DMA1_Stream4_IRQHandler
                0x08005b50                I2C1_ER_IRQHandler
                0x08005b50                FMC_IRQHandler
                0x08005b50                LPTIM1_IRQHandler
                0x08005b50                I2C4_ER_IRQHandler
                0x08005b50                DMA2_Stream6_IRQHandler
                0x08005b50                SAI1_IRQHandler
                0x08005b50                DMA1_Stream3_IRQHandler
 .text.HAL_Init
                0x08005b52       0x1a ./Drivers/STM32F7xx_HAL_Driver/Src/stm32f7xx_hal.o
                0x08005b52                HAL_Init
 .text.HAL_InitTick
                0x08005b6c       0x60 ./Drivers/STM32F7xx_HAL_Driver/Src/stm32f7xx_hal.o
                0x08005b6c                HAL_InitTick
 .text.HAL_IncTick
                0x08005bcc       0x28 ./Drivers/STM32F7xx_HAL_Driver/Src/stm32f7xx_hal.o
                0x08005bcc                HAL_IncTick
 .text.HAL_GetTick
                0x08005bf4       0x18 ./Drivers/STM32F7xx_HAL_Driver/Src/stm32f7xx_hal.o
                0x08005bf4                HAL_GetTick
 .text.HAL_Delay
                0x08005c0c       0x48 ./Drivers/STM32F7xx_HAL_Driver/Src/stm32f7xx_hal.o
                0x08005c0c                HAL_Delay
 .text.__NVIC_SetPriorityGrouping
                0x08005c54       0x48 ./Drivers/STM32F7xx_HAL_Driver/Src/stm32f7xx_hal_cortex.o
 .text.__NVIC_GetPriorityGrouping
                0x08005c9c       0x1c ./Drivers/STM32F7xx_HAL_Driver/Src/stm32f7xx_hal_cortex.o
 .text.__NVIC_EnableIRQ
                0x08005cb8       0x3c ./Drivers/STM32F7xx_HAL_Driver/Src/stm32f7xx_hal_cortex.o
 .text.__NVIC_SetPriority
                0x08005cf4       0x54 ./Drivers/STM32F7xx_HAL_Driver/Src/stm32f7xx_hal_cortex.o
 .text.NVIC_EncodePriority
                0x08005d48       0x66 ./Drivers/STM32F7xx_HAL_Driver/Src/stm32f7xx_hal_cortex.o
 *fill*         0x08005dae        0x2 
 .text.SysTick_Config
                0x08005db0       0x44 ./Drivers/STM32F7xx_HAL_Driver/Src/stm32f7xx_hal_cortex.o
 .text.HAL_NVIC_SetPriorityGrouping
                0x08005df4       0x16 ./Drivers/STM32F7xx_HAL_Driver/Src/stm32f7xx_hal_cortex.o
                0x08005df4                HAL_NVIC_SetPriorityGrouping
 .text.HAL_NVIC_SetPriority
                0x08005e0a       0x38 ./Drivers/STM32F7xx_HAL_Driver/Src/stm32f7xx_hal_cortex.o
                0x08005e0a                HAL_NVIC_SetPriority
 .text.HAL_NVIC_EnableIRQ
                0x08005e42       0x1c ./Drivers/STM32F7xx_HAL_Driver/Src/stm32f7xx_hal_cortex.o
                0x08005e42                HAL_NVIC_EnableIRQ
 .text.HAL_SYSTICK_Config
                0x08005e5e       0x18 ./Drivers/STM32F7xx_HAL_Driver/Src/stm32f7xx_hal_cortex.o
                0x08005e5e                HAL_SYSTICK_Config
 .text.HAL_DMA_Abort
                0x08005e76       0xe0 ./Drivers/STM32F7xx_HAL_Driver/Src/stm32f7xx_hal_dma.o
                0x08005e76                HAL_DMA_Abort
 .text.HAL_DMA_Abort_IT
                0x08005f56       0x44 ./Drivers/STM32F7xx_HAL_Driver/Src/stm32f7xx_hal_dma.o
                0x08005f56                HAL_DMA_Abort_IT
 *fill*         0x08005f9a        0x2 
 .text.HAL_GPIO_Init
                0x08005f9c      0x358 ./Drivers/STM32F7xx_HAL_Driver/Src/stm32f7xx_hal_gpio.o
                0x08005f9c                HAL_GPIO_Init
 .text.HAL_GPIO_ReadPin
                0x080062f4       0x30 ./Drivers/STM32F7xx_HAL_Driver/Src/stm32f7xx_hal_gpio.o
                0x080062f4                HAL_GPIO_ReadPin
 .text.HAL_GPIO_WritePin
                0x08006324       0x32 ./Drivers/STM32F7xx_HAL_Driver/Src/stm32f7xx_hal_gpio.o
                0x08006324                HAL_GPIO_WritePin
 .text.HAL_GPIO_TogglePin
                0x08006356       0x34 ./Drivers/STM32F7xx_HAL_Driver/Src/stm32f7xx_hal_gpio.o
                0x08006356                HAL_GPIO_TogglePin
 *fill*         0x0800638a        0x2 
 .text.HAL_GPIO_EXTI_IRQHandler
                0x0800638c       0x30 ./Drivers/STM32F7xx_HAL_Driver/Src/stm32f7xx_hal_gpio.o
                0x0800638c                HAL_GPIO_EXTI_IRQHandler
 .text.HAL_GPIO_EXTI_Callback
                0x080063bc       0x16 ./Drivers/STM32F7xx_HAL_Driver/Src/stm32f7xx_hal_gpio.o
                0x080063bc                HAL_GPIO_EXTI_Callback
 *fill*         0x080063d2        0x2 
 .text.HAL_I2C_Init
                0x080063d4      0x120 ./Drivers/STM32F7xx_HAL_Driver/Src/stm32f7xx_hal_i2c.o
                0x080063d4                HAL_I2C_Init
 .text.HAL_I2C_Mem_Write
                0x080064f4      0x228 ./Drivers/STM32F7xx_HAL_Driver/Src/stm32f7xx_hal_i2c.o
                0x080064f4                HAL_I2C_Mem_Write
 .text.HAL_I2C_Mem_Read
                0x0800671c      0x234 ./Drivers/STM32F7xx_HAL_Driver/Src/stm32f7xx_hal_i2c.o
                0x0800671c                HAL_I2C_Mem_Read
 .text.HAL_I2C_IsDeviceReady
                0x08006950      0x210 ./Drivers/STM32F7xx_HAL_Driver/Src/stm32f7xx_hal_i2c.o
                0x08006950                HAL_I2C_IsDeviceReady
 .text.I2C_RequestMemoryWrite
                0x08006b60       0xa8 ./Drivers/STM32F7xx_HAL_Driver/Src/stm32f7xx_hal_i2c.o
 .text.I2C_RequestMemoryRead
                0x08006c08       0xa8 ./Drivers/STM32F7xx_HAL_Driver/Src/stm32f7xx_hal_i2c.o
 .text.I2C_Flush_TXDR
                0x08006cb0       0x48 ./Drivers/STM32F7xx_HAL_Driver/Src/stm32f7xx_hal_i2c.o
 .text.I2C_WaitOnFlagUntilTimeout
                0x08006cf8       0x80 ./Drivers/STM32F7xx_HAL_Driver/Src/stm32f7xx_hal_i2c.o
 .text.I2C_WaitOnTXISFlagUntilTimeout
                0x08006d78       0x80 ./Drivers/STM32F7xx_HAL_Driver/Src/stm32f7xx_hal_i2c.o
 .text.I2C_WaitOnSTOPFlagUntilTimeout
                0x08006df8       0x78 ./Drivers/STM32F7xx_HAL_Driver/Src/stm32f7xx_hal_i2c.o
 .text.I2C_IsErrorOccurred
                0x08006e70      0x1c0 ./Drivers/STM32F7xx_HAL_Driver/Src/stm32f7xx_hal_i2c.o
 .text.I2C_TransferConfig
                0x08007030       0x64 ./Drivers/STM32F7xx_HAL_Driver/Src/stm32f7xx_hal_i2c.o
 .text.HAL_I2CEx_ConfigAnalogFilter
                0x08007094       0x96 ./Drivers/STM32F7xx_HAL_Driver/Src/stm32f7xx_hal_i2c_ex.o
                0x08007094                HAL_I2CEx_ConfigAnalogFilter
 .text.HAL_I2CEx_ConfigDigitalFilter
                0x0800712a       0x98 ./Drivers/STM32F7xx_HAL_Driver/Src/stm32f7xx_hal_i2c_ex.o
                0x0800712a                HAL_I2CEx_ConfigDigitalFilter
 *fill*         0x080071c2        0x2 
 .text.HAL_PWR_EnableBkUpAccess
                0x080071c4       0x20 ./Drivers/STM32F7xx_HAL_Driver/Src/stm32f7xx_hal_pwr.o
                0x080071c4                HAL_PWR_EnableBkUpAccess
 .text.HAL_RCC_OscConfig
                0x080071e4      0x548 ./Drivers/STM32F7xx_HAL_Driver/Src/stm32f7xx_hal_rcc.o
                0x080071e4                HAL_RCC_OscConfig
 .text.HAL_RCC_ClockConfig
                0x0800772c      0x1d8 ./Drivers/STM32F7xx_HAL_Driver/Src/stm32f7xx_hal_rcc.o
                0x0800772c                HAL_RCC_ClockConfig
 .text.HAL_RCC_GetSysClockFreq
                0x08007904      0x20c ./Drivers/STM32F7xx_HAL_Driver/Src/stm32f7xx_hal_rcc.o
                0x08007904                HAL_RCC_GetSysClockFreq
 .text.HAL_RCC_GetHCLKFreq
                0x08007b10       0x18 ./Drivers/STM32F7xx_HAL_Driver/Src/stm32f7xx_hal_rcc.o
                0x08007b10                HAL_RCC_GetHCLKFreq
 .text.HAL_RCC_GetPCLK1Freq
                0x08007b28       0x28 ./Drivers/STM32F7xx_HAL_Driver/Src/stm32f7xx_hal_rcc.o
                0x08007b28                HAL_RCC_GetPCLK1Freq
 .text.HAL_RCC_GetPCLK2Freq
                0x08007b50       0x28 ./Drivers/STM32F7xx_HAL_Driver/Src/stm32f7xx_hal_rcc.o
                0x08007b50                HAL_RCC_GetPCLK2Freq
 .text.HAL_RCCEx_PeriphCLKConfig
                0x08007b78      0x7e0 ./Drivers/STM32F7xx_HAL_Driver/Src/stm32f7xx_hal_rcc_ex.o
                0x08007b78                HAL_RCCEx_PeriphCLKConfig
 .text.HAL_SPI_Init
                0x08008358      0x156 ./Drivers/STM32F7xx_HAL_Driver/Src/stm32f7xx_hal_spi.o
                0x08008358                HAL_SPI_Init
 .text.HAL_SPI_Transmit
                0x080084ae      0x2dc ./Drivers/STM32F7xx_HAL_Driver/Src/stm32f7xx_hal_spi.o
                0x080084ae                HAL_SPI_Transmit
 .text.HAL_SPI_Receive
                0x0800878a      0x260 ./Drivers/STM32F7xx_HAL_Driver/Src/stm32f7xx_hal_spi.o
                0x0800878a                HAL_SPI_Receive
 .text.HAL_SPI_TransmitReceive
                0x080089ea      0x426 ./Drivers/STM32F7xx_HAL_Driver/Src/stm32f7xx_hal_spi.o
                0x080089ea                HAL_SPI_TransmitReceive
 .text.HAL_SPI_IRQHandler
                0x08008e10      0x1e8 ./Drivers/STM32F7xx_HAL_Driver/Src/stm32f7xx_hal_spi.o
                0x08008e10                HAL_SPI_IRQHandler
 .text.HAL_SPI_ErrorCallback
                0x08008ff8       0x14 ./Drivers/STM32F7xx_HAL_Driver/Src/stm32f7xx_hal_spi.o
                0x08008ff8                HAL_SPI_ErrorCallback
 .text.SPI_DMAAbortOnError
                0x0800900c       0x2a ./Drivers/STM32F7xx_HAL_Driver/Src/stm32f7xx_hal_spi.o
 *fill*         0x08009036        0x2 
 .text.SPI_WaitFlagStateUntilTimeout
                0x08009038      0x110 ./Drivers/STM32F7xx_HAL_Driver/Src/stm32f7xx_hal_spi.o
 .text.SPI_WaitFifoStateUntilTimeout
                0x08009148      0x12c ./Drivers/STM32F7xx_HAL_Driver/Src/stm32f7xx_hal_spi.o
 .text.SPI_EndRxTransaction
                0x08009274       0xf8 ./Drivers/STM32F7xx_HAL_Driver/Src/stm32f7xx_hal_spi.o
 .text.SPI_EndRxTxTransaction
                0x0800936c       0xd4 ./Drivers/STM32F7xx_HAL_Driver/Src/stm32f7xx_hal_spi.o
 .text.HAL_TIM_Base_Init
                0x08009440       0xae ./Drivers/STM32F7xx_HAL_Driver/Src/stm32f7xx_hal_tim.o
                0x08009440                HAL_TIM_Base_Init
 *fill*         0x080094ee        0x2 
 .text.HAL_TIM_Base_Start_IT
                0x080094f0       0xf0 ./Drivers/STM32F7xx_HAL_Driver/Src/stm32f7xx_hal_tim.o
                0x080094f0                HAL_TIM_Base_Start_IT
 .text.HAL_TIM_Base_Stop_IT
                0x080095e0       0x5e ./Drivers/STM32F7xx_HAL_Driver/Src/stm32f7xx_hal_tim.o
                0x080095e0                HAL_TIM_Base_Stop_IT
 .text.HAL_TIM_PWM_Init
                0x0800963e       0xae ./Drivers/STM32F7xx_HAL_Driver/Src/stm32f7xx_hal_tim.o
                0x0800963e                HAL_TIM_PWM_Init
 .text.HAL_TIM_PWM_MspInit
                0x080096ec       0x14 ./Drivers/STM32F7xx_HAL_Driver/Src/stm32f7xx_hal_tim.o
                0x080096ec                HAL_TIM_PWM_MspInit
 .text.HAL_TIM_PWM_Start
                0x08009700      0x1f4 ./Drivers/STM32F7xx_HAL_Driver/Src/stm32f7xx_hal_tim.o
                0x08009700                HAL_TIM_PWM_Start
 .text.HAL_TIM_PWM_Stop
                0x080098f4      0x100 ./Drivers/STM32F7xx_HAL_Driver/Src/stm32f7xx_hal_tim.o
                0x080098f4                HAL_TIM_PWM_Stop
 .text.HAL_TIM_IRQHandler
                0x080099f4      0x23e ./Drivers/STM32F7xx_HAL_Driver/Src/stm32f7xx_hal_tim.o
                0x080099f4                HAL_TIM_IRQHandler
 *fill*         0x08009c32        0x2 
 .text.HAL_TIM_PWM_ConfigChannel
                0x08009c34      0x228 ./Drivers/STM32F7xx_HAL_Driver/Src/stm32f7xx_hal_tim.o
                0x08009c34                HAL_TIM_PWM_ConfigChannel
 .text.HAL_TIM_ConfigClockSource
                0x08009e5c      0x194 ./Drivers/STM32F7xx_HAL_Driver/Src/stm32f7xx_hal_tim.o
                0x08009e5c                HAL_TIM_ConfigClockSource
 .text.HAL_TIM_OC_DelayElapsedCallback
                0x08009ff0       0x14 ./Drivers/STM32F7xx_HAL_Driver/Src/stm32f7xx_hal_tim.o
                0x08009ff0                HAL_TIM_OC_DelayElapsedCallback
 .text.HAL_TIM_IC_CaptureCallback
                0x0800a004       0x14 ./Drivers/STM32F7xx_HAL_Driver/Src/stm32f7xx_hal_tim.o
                0x0800a004                HAL_TIM_IC_CaptureCallback
 .text.HAL_TIM_PWM_PulseFinishedCallback
                0x0800a018       0x14 ./Drivers/STM32F7xx_HAL_Driver/Src/stm32f7xx_hal_tim.o
                0x0800a018                HAL_TIM_PWM_PulseFinishedCallback
 .text.HAL_TIM_TriggerCallback
                0x0800a02c       0x14 ./Drivers/STM32F7xx_HAL_Driver/Src/stm32f7xx_hal_tim.o
                0x0800a02c                HAL_TIM_TriggerCallback
 .text.TIM_Base_SetConfig
                0x0800a040      0x140 ./Drivers/STM32F7xx_HAL_Driver/Src/stm32f7xx_hal_tim.o
                0x0800a040                TIM_Base_SetConfig
 .text.TIM_OC1_SetConfig
                0x0800a180       0xe4 ./Drivers/STM32F7xx_HAL_Driver/Src/stm32f7xx_hal_tim.o
 .text.TIM_OC2_SetConfig
                0x0800a264       0xf0 ./Drivers/STM32F7xx_HAL_Driver/Src/stm32f7xx_hal_tim.o
                0x0800a264                TIM_OC2_SetConfig
 .text.TIM_OC3_SetConfig
                0x0800a354       0xec ./Drivers/STM32F7xx_HAL_Driver/Src/stm32f7xx_hal_tim.o
 .text.TIM_OC4_SetConfig
                0x0800a440       0xb0 ./Drivers/STM32F7xx_HAL_Driver/Src/stm32f7xx_hal_tim.o
 .text.TIM_OC5_SetConfig
                0x0800a4f0       0xa4 ./Drivers/STM32F7xx_HAL_Driver/Src/stm32f7xx_hal_tim.o
 .text.TIM_OC6_SetConfig
                0x0800a594       0xa8 ./Drivers/STM32F7xx_HAL_Driver/Src/stm32f7xx_hal_tim.o
 .text.TIM_TI1_ConfigInputStage
                0x0800a63c       0x5e ./Drivers/STM32F7xx_HAL_Driver/Src/stm32f7xx_hal_tim.o
 .text.TIM_TI2_ConfigInputStage
                0x0800a69a       0x60 ./Drivers/STM32F7xx_HAL_Driver/Src/stm32f7xx_hal_tim.o
 .text.TIM_ITRx_SetConfig
                0x0800a6fa       0x36 ./Drivers/STM32F7xx_HAL_Driver/Src/stm32f7xx_hal_tim.o
 .text.TIM_ETR_SetConfig
                0x0800a730       0x40 ./Drivers/STM32F7xx_HAL_Driver/Src/stm32f7xx_hal_tim.o
                0x0800a730                TIM_ETR_SetConfig
 .text.TIM_CCxChannelCmd
                0x0800a770       0x4a ./Drivers/STM32F7xx_HAL_Driver/Src/stm32f7xx_hal_tim.o
                0x0800a770                TIM_CCxChannelCmd
 *fill*         0x0800a7ba        0x2 
 .text.HAL_TIMEx_MasterConfigSynchronization
                0x0800a7bc      0x11c ./Drivers/STM32F7xx_HAL_Driver/Src/stm32f7xx_hal_tim_ex.o
                0x0800a7bc                HAL_TIMEx_MasterConfigSynchronization
 .text.HAL_TIMEx_ConfigBreakDeadTime
                0x0800a8d8       0xfc ./Drivers/STM32F7xx_HAL_Driver/Src/stm32f7xx_hal_tim_ex.o
                0x0800a8d8                HAL_TIMEx_ConfigBreakDeadTime
 .text.HAL_TIMEx_CommutCallback
                0x0800a9d4       0x14 ./Drivers/STM32F7xx_HAL_Driver/Src/stm32f7xx_hal_tim_ex.o
                0x0800a9d4                HAL_TIMEx_CommutCallback
 .text.HAL_TIMEx_BreakCallback
                0x0800a9e8       0x14 ./Drivers/STM32F7xx_HAL_Driver/Src/stm32f7xx_hal_tim_ex.o
                0x0800a9e8                HAL_TIMEx_BreakCallback
 .text.HAL_TIMEx_Break2Callback
                0x0800a9fc       0x14 ./Drivers/STM32F7xx_HAL_Driver/Src/stm32f7xx_hal_tim_ex.o
                0x0800a9fc                HAL_TIMEx_Break2Callback
 .text.HAL_UART_Init
                0x0800aa10       0x9c ./Drivers/STM32F7xx_HAL_Driver/Src/stm32f7xx_hal_uart.o
                0x0800aa10                HAL_UART_Init
 .text.HAL_UART_Transmit
                0x0800aaac      0x106 ./Drivers/STM32F7xx_HAL_Driver/Src/stm32f7xx_hal_uart.o
                0x0800aaac                HAL_UART_Transmit
 .text.HAL_UART_Receive_IT
                0x0800abb2       0x88 ./Drivers/STM32F7xx_HAL_Driver/Src/stm32f7xx_hal_uart.o
                0x0800abb2                HAL_UART_Receive_IT
 *fill*         0x0800ac3a        0x2 
 .text.HAL_UART_IRQHandler
                0x0800ac3c      0x5a4 ./Drivers/STM32F7xx_HAL_Driver/Src/stm32f7xx_hal_uart.o
                0x0800ac3c                HAL_UART_IRQHandler
 .text.HAL_UART_TxCpltCallback
                0x0800b1e0       0x14 ./Drivers/STM32F7xx_HAL_Driver/Src/stm32f7xx_hal_uart.o
                0x0800b1e0                HAL_UART_TxCpltCallback
 .text.HAL_UART_ErrorCallback
                0x0800b1f4       0x14 ./Drivers/STM32F7xx_HAL_Driver/Src/stm32f7xx_hal_uart.o
                0x0800b1f4                HAL_UART_ErrorCallback
 .text.HAL_UARTEx_RxEventCallback
                0x0800b208       0x18 ./Drivers/STM32F7xx_HAL_Driver/Src/stm32f7xx_hal_uart.o
                0x0800b208                HAL_UARTEx_RxEventCallback
 .text.UART_SetConfig
                0x0800b220      0x4c8 ./Drivers/STM32F7xx_HAL_Driver/Src/stm32f7xx_hal_uart.o
                0x0800b220                UART_SetConfig
 .text.UART_AdvFeatureConfig
                0x0800b6e8      0x144 ./Drivers/STM32F7xx_HAL_Driver/Src/stm32f7xx_hal_uart.o
                0x0800b6e8                UART_AdvFeatureConfig
 .text.UART_CheckIdleState
                0x0800b82c       0x6e ./Drivers/STM32F7xx_HAL_Driver/Src/stm32f7xx_hal_uart.o
                0x0800b82c                UART_CheckIdleState
 .text.UART_WaitOnFlagUntilTimeout
                0x0800b89a      0x18c ./Drivers/STM32F7xx_HAL_Driver/Src/stm32f7xx_hal_uart.o
                0x0800b89a                UART_WaitOnFlagUntilTimeout
 *fill*         0x0800ba26        0x2 
 .text.UART_Start_Receive_IT
                0x0800ba28      0x18c ./Drivers/STM32F7xx_HAL_Driver/Src/stm32f7xx_hal_uart.o
                0x0800ba28                UART_Start_Receive_IT
 .text.UART_EndRxTransfer
                0x0800bbb4       0xc8 ./Drivers/STM32F7xx_HAL_Driver/Src/stm32f7xx_hal_uart.o
 .text.UART_DMAAbortOnError
                0x0800bc7c       0x2c ./Drivers/STM32F7xx_HAL_Driver/Src/stm32f7xx_hal_uart.o
 .text.UART_EndTransmit_IT
                0x0800bca8       0x54 ./Drivers/STM32F7xx_HAL_Driver/Src/stm32f7xx_hal_uart.o
 .text.UART_RxISR_8BIT
                0x0800bcfc      0x166 ./Drivers/STM32F7xx_HAL_Driver/Src/stm32f7xx_hal_uart.o
 .text.UART_RxISR_16BIT
                0x0800be62      0x166 ./Drivers/STM32F7xx_HAL_Driver/Src/stm32f7xx_hal_uart.o
 .text.atoi     0x0800bfc8        0x8 C:/ST/STM32CubeIDE_1.13.2/STM32CubeIDE/plugins/com.st.stm32cube.ide.mcu.externaltools.gnu-tools-for-stm32.12.3.rel1.win32_1.1.0.202410251130/tools/bin/../lib/gcc/arm-none-eabi/12.3.1/../../../../arm-none-eabi/lib/thumb/v7e-m+fp/hard\libc_nano.a(libc_a-atoi.o)
                0x0800bfc8                atoi
 .text._strtol_l.constprop.0
                0x0800bfd0       0xf4 C:/ST/STM32CubeIDE_1.13.2/STM32CubeIDE/plugins/com.st.stm32cube.ide.mcu.externaltools.gnu-tools-for-stm32.12.3.rel1.win32_1.1.0.202410251130/tools/bin/../lib/gcc/arm-none-eabi/12.3.1/../../../../arm-none-eabi/lib/thumb/v7e-m+fp/hard\libc_nano.a(libc_a-strtol.o)
 .text.strtol   0x0800c0c4       0x14 C:/ST/STM32CubeIDE_1.13.2/STM32CubeIDE/plugins/com.st.stm32cube.ide.mcu.externaltools.gnu-tools-for-stm32.12.3.rel1.win32_1.1.0.202410251130/tools/bin/../lib/gcc/arm-none-eabi/12.3.1/../../../../arm-none-eabi/lib/thumb/v7e-m+fp/hard\libc_nano.a(libc_a-strtol.o)
                0x0800c0c4                strtol
 .text.snprintf
                0x0800c0d8       0x68 C:/ST/STM32CubeIDE_1.13.2/STM32CubeIDE/plugins/com.st.stm32cube.ide.mcu.externaltools.gnu-tools-for-stm32.12.3.rel1.win32_1.1.0.202410251130/tools/bin/../lib/gcc/arm-none-eabi/12.3.1/../../../../arm-none-eabi/lib/thumb/v7e-m+fp/hard\libc_nano.a(libc_a-snprintf.o)
                0x0800c0d8                sniprintf
                0x0800c0d8                snprintf
 .text.memset   0x0800c140       0x10 C:/ST/STM32CubeIDE_1.13.2/STM32CubeIDE/plugins/com.st.stm32cube.ide.mcu.externaltools.gnu-tools-for-stm32.12.3.rel1.win32_1.1.0.202410251130/tools/bin/../lib/gcc/arm-none-eabi/12.3.1/../../../../arm-none-eabi/lib/thumb/v7e-m+fp/hard\libc_nano.a(libc_a-memset.o)
                0x0800c140                memset
 .text.__errno  0x0800c150        0xc C:/ST/STM32CubeIDE_1.13.2/STM32CubeIDE/plugins/com.st.stm32cube.ide.mcu.externaltools.gnu-tools-for-stm32.12.3.rel1.win32_1.1.0.202410251130/tools/bin/../lib/gcc/arm-none-eabi/12.3.1/../../../../arm-none-eabi/lib/thumb/v7e-m+fp/hard\libc_nano.a(libc_a-errno.o)
                0x0800c150                __errno
 .text.__libc_init_array
                0x0800c15c       0x48 C:/ST/STM32CubeIDE_1.13.2/STM32CubeIDE/plugins/com.st.stm32cube.ide.mcu.externaltools.gnu-tools-for-stm32.12.3.rel1.win32_1.1.0.202410251130/tools/bin/../lib/gcc/arm-none-eabi/12.3.1/../../../../arm-none-eabi/lib/thumb/v7e-m+fp/hard\libc_nano.a(libc_a-init.o)
                0x0800c15c                __libc_init_array
 .text.__retarget_lock_acquire_recursive
                0x0800c1a4        0x2 C:/ST/STM32CubeIDE_1.13.2/STM32CubeIDE/plugins/com.st.stm32cube.ide.mcu.externaltools.gnu-tools-for-stm32.12.3.rel1.win32_1.1.0.202410251130/tools/bin/../lib/gcc/arm-none-eabi/12.3.1/../../../../arm-none-eabi/lib/thumb/v7e-m+fp/hard\libc_nano.a(libc_a-lock.o)
                0x0800c1a4                __retarget_lock_acquire_recursive
 .text.__retarget_lock_release_recursive
                0x0800c1a6        0x2 C:/ST/STM32CubeIDE_1.13.2/STM32CubeIDE/plugins/com.st.stm32cube.ide.mcu.externaltools.gnu-tools-for-stm32.12.3.rel1.win32_1.1.0.202410251130/tools/bin/../lib/gcc/arm-none-eabi/12.3.1/../../../../arm-none-eabi/lib/thumb/v7e-m+fp/hard\libc_nano.a(libc_a-lock.o)
                0x0800c1a6                __retarget_lock_release_recursive
 .text._free_r  0x0800c1a8       0x94 C:/ST/STM32CubeIDE_1.13.2/STM32CubeIDE/plugins/com.st.stm32cube.ide.mcu.externaltools.gnu-tools-for-stm32.12.3.rel1.win32_1.1.0.202410251130/tools/bin/../lib/gcc/arm-none-eabi/12.3.1/../../../../arm-none-eabi/lib/thumb/v7e-m+fp/hard\libc_nano.a(libc_a-freer.o)
                0x0800c1a8                _free_r
 .text.sbrk_aligned
                0x0800c23c       0x44 C:/ST/STM32CubeIDE_1.13.2/STM32CubeIDE/plugins/com.st.stm32cube.ide.mcu.externaltools.gnu-tools-for-stm32.12.3.rel1.win32_1.1.0.202410251130/tools/bin/../lib/gcc/arm-none-eabi/12.3.1/../../../../arm-none-eabi/lib/thumb/v7e-m+fp/hard\libc_nano.a(libc_a-mallocr.o)
 .text._malloc_r
                0x0800c280      0x100 C:/ST/STM32CubeIDE_1.13.2/STM32CubeIDE/plugins/com.st.stm32cube.ide.mcu.externaltools.gnu-tools-for-stm32.12.3.rel1.win32_1.1.0.202410251130/tools/bin/../lib/gcc/arm-none-eabi/12.3.1/../../../../arm-none-eabi/lib/thumb/v7e-m+fp/hard\libc_nano.a(libc_a-mallocr.o)
                0x0800c280                _malloc_r
 .text.__malloc_lock
                0x0800c380        0xc C:/ST/STM32CubeIDE_1.13.2/STM32CubeIDE/plugins/com.st.stm32cube.ide.mcu.externaltools.gnu-tools-for-stm32.12.3.rel1.win32_1.1.0.202410251130/tools/bin/../lib/gcc/arm-none-eabi/12.3.1/../../../../arm-none-eabi/lib/thumb/v7e-m+fp/hard\libc_nano.a(libc_a-mlock.o)
                0x0800c380                __malloc_lock
 .text.__malloc_unlock
                0x0800c38c        0xc C:/ST/STM32CubeIDE_1.13.2/STM32CubeIDE/plugins/com.st.stm32cube.ide.mcu.externaltools.gnu-tools-for-stm32.12.3.rel1.win32_1.1.0.202410251130/tools/bin/../lib/gcc/arm-none-eabi/12.3.1/../../../../arm-none-eabi/lib/thumb/v7e-m+fp/hard\libc_nano.a(libc_a-mlock.o)
                0x0800c38c                __malloc_unlock
 .text.__ssputs_r
                0x0800c398       0xb6 C:/ST/STM32CubeIDE_1.13.2/STM32CubeIDE/plugins/com.st.stm32cube.ide.mcu.externaltools.gnu-tools-for-stm32.12.3.rel1.win32_1.1.0.202410251130/tools/bin/../lib/gcc/arm-none-eabi/12.3.1/../../../../arm-none-eabi/lib/thumb/v7e-m+fp/hard\libc_nano.a(libc_a-nano-svfprintf.o)
                0x0800c398                __ssputs_r
 *fill*         0x0800c44e        0x2 
 .text._svfprintf_r
                0x0800c450      0x1f8 C:/ST/STM32CubeIDE_1.13.2/STM32CubeIDE/plugins/com.st.stm32cube.ide.mcu.externaltools.gnu-tools-for-stm32.12.3.rel1.win32_1.1.0.202410251130/tools/bin/../lib/gcc/arm-none-eabi/12.3.1/../../../../arm-none-eabi/lib/thumb/v7e-m+fp/hard\libc_nano.a(libc_a-nano-svfprintf.o)
                0x0800c450                _svfiprintf_r
                0x0800c450                _svfprintf_r
 .text._printf_common
                0x0800c648       0xda C:/ST/STM32CubeIDE_1.13.2/STM32CubeIDE/plugins/com.st.stm32cube.ide.mcu.externaltools.gnu-tools-for-stm32.12.3.rel1.win32_1.1.0.202410251130/tools/bin/../lib/gcc/arm-none-eabi/12.3.1/../../../../arm-none-eabi/lib/thumb/v7e-m+fp/hard\libc_nano.a(libc_a-nano-vfprintf_i.o)
                0x0800c648                _printf_common
 *fill*         0x0800c722        0x2 
 .text._printf_i
                0x0800c724      0x240 C:/ST/STM32CubeIDE_1.13.2/STM32CubeIDE/plugins/com.st.stm32cube.ide.mcu.externaltools.gnu-tools-for-stm32.12.3.rel1.win32_1.1.0.202410251130/tools/bin/../lib/gcc/arm-none-eabi/12.3.1/../../../../arm-none-eabi/lib/thumb/v7e-m+fp/hard\libc_nano.a(libc_a-nano-vfprintf_i.o)
                0x0800c724                _printf_i
 .text.memmove  0x0800c964       0x34 C:/ST/STM32CubeIDE_1.13.2/STM32CubeIDE/plugins/com.st.stm32cube.ide.mcu.externaltools.gnu-tools-for-stm32.12.3.rel1.win32_1.1.0.202410251130/tools/bin/../lib/gcc/arm-none-eabi/12.3.1/../../../../arm-none-eabi/lib/thumb/v7e-m+fp/hard\libc_nano.a(libc_a-memmove.o)
                0x0800c964                memmove
 .text._sbrk_r  0x0800c998       0x20 C:/ST/STM32CubeIDE_1.13.2/STM32CubeIDE/plugins/com.st.stm32cube.ide.mcu.externaltools.gnu-tools-for-stm32.12.3.rel1.win32_1.1.0.202410251130/tools/bin/../lib/gcc/arm-none-eabi/12.3.1/../../../../arm-none-eabi/lib/thumb/v7e-m+fp/hard\libc_nano.a(libc_a-sbrkr.o)
                0x0800c998                _sbrk_r
 .text.memcpy   0x0800c9b8       0x1c C:/ST/STM32CubeIDE_1.13.2/STM32CubeIDE/plugins/com.st.stm32cube.ide.mcu.externaltools.gnu-tools-for-stm32.12.3.rel1.win32_1.1.0.202410251130/tools/bin/../lib/gcc/arm-none-eabi/12.3.1/../../../../arm-none-eabi/lib/thumb/v7e-m+fp/hard\libc_nano.a(libc_a-memcpy-stub.o)
                0x0800c9b8                memcpy
 .text._realloc_r
                0x0800c9d4       0x5c C:/ST/STM32CubeIDE_1.13.2/STM32CubeIDE/plugins/com.st.stm32cube.ide.mcu.externaltools.gnu-tools-for-stm32.12.3.rel1.win32_1.1.0.202410251130/tools/bin/../lib/gcc/arm-none-eabi/12.3.1/../../../../arm-none-eabi/lib/thumb/v7e-m+fp/hard\libc_nano.a(libc_a-reallocr.o)
                0x0800c9d4                _realloc_r
 .text._malloc_usable_size_r
                0x0800ca30       0x10 C:/ST/STM32CubeIDE_1.13.2/STM32CubeIDE/plugins/com.st.stm32cube.ide.mcu.externaltools.gnu-tools-for-stm32.12.3.rel1.win32_1.1.0.202410251130/tools/bin/../lib/gcc/arm-none-eabi/12.3.1/../../../../arm-none-eabi/lib/thumb/v7e-m+fp/hard\libc_nano.a(libc_a-msizer.o)
                0x0800ca30                _malloc_usable_size_r
 .text.floor    0x0800ca40       0xf8 C:/ST/STM32CubeIDE_1.13.2/STM32CubeIDE/plugins/com.st.stm32cube.ide.mcu.externaltools.gnu-tools-for-stm32.12.3.rel1.win32_1.1.0.202410251130/tools/bin/../lib/gcc/arm-none-eabi/12.3.1/../../../../arm-none-eabi/lib/thumb/v7e-m+fp/hard\libm.a(libm_a-s_floor.o)
                0x0800ca40                floor
 .text.round    0x0800cb38       0x8c C:/ST/STM32CubeIDE_1.13.2/STM32CubeIDE/plugins/com.st.stm32cube.ide.mcu.externaltools.gnu-tools-for-stm32.12.3.rel1.win32_1.1.0.202410251130/tools/bin/../lib/gcc/arm-none-eabi/12.3.1/../../../../arm-none-eabi/lib/thumb/v7e-m+fp/hard\libm.a(libm_a-s_round.o)
                0x0800cb38                round
 *(.glue_7)
 .glue_7        0x0800cbc4        0x0 linker stubs
 *(.glue_7t)
 .glue_7t       0x0800cbc4        0x0 linker stubs
 *(.eh_frame)
 .eh_frame      0x0800cbc4        0x0 C:/ST/STM32CubeIDE_1.13.2/STM32CubeIDE/plugins/com.st.stm32cube.ide.mcu.externaltools.gnu-tools-for-stm32.12.3.rel1.win32_1.1.0.202410251130/tools/bin/../lib/gcc/arm-none-eabi/12.3.1/thumb/v7e-m+fp/hard/crtbegin.o
 *(.init)
 .init          0x0800cbc4        0x4 C:/ST/STM32CubeIDE_1.13.2/STM32CubeIDE/plugins/com.st.stm32cube.ide.mcu.externaltools.gnu-tools-for-stm32.12.3.rel1.win32_1.1.0.202410251130/tools/bin/../lib/gcc/arm-none-eabi/12.3.1/thumb/v7e-m+fp/hard/crti.o
                0x0800cbc4                _init
 .init          0x0800cbc8        0x8 C:/ST/STM32CubeIDE_1.13.2/STM32CubeIDE/plugins/com.st.stm32cube.ide.mcu.externaltools.gnu-tools-for-stm32.12.3.rel1.win32_1.1.0.202410251130/tools/bin/../lib/gcc/arm-none-eabi/12.3.1/thumb/v7e-m+fp/hard/crtn.o
 *(.fini)
 .fini          0x0800cbd0        0x4 C:/ST/STM32CubeIDE_1.13.2/STM32CubeIDE/plugins/com.st.stm32cube.ide.mcu.externaltools.gnu-tools-for-stm32.12.3.rel1.win32_1.1.0.202410251130/tools/bin/../lib/gcc/arm-none-eabi/12.3.1/thumb/v7e-m+fp/hard/crti.o
                0x0800cbd0                _fini
 .fini          0x0800cbd4        0x8 C:/ST/STM32CubeIDE_1.13.2/STM32CubeIDE/plugins/com.st.stm32cube.ide.mcu.externaltools.gnu-tools-for-stm32.12.3.rel1.win32_1.1.0.202410251130/tools/bin/../lib/gcc/arm-none-eabi/12.3.1/thumb/v7e-m+fp/hard/crtn.o
                0x0800cbdc                        . = ALIGN (0x4)
                0x0800cbdc                        _etext = .

.vfp11_veneer   0x0800cbdc        0x0
 .vfp11_veneer  0x0800cbdc        0x0 linker stubs

.v4_bx          0x0800cbdc        0x0
 .v4_bx         0x0800cbdc        0x0 linker stubs

.iplt           0x0800cbdc        0x0
 .iplt          0x0800cbdc        0x0 C:/ST/STM32CubeIDE_1.13.2/STM32CubeIDE/plugins/com.st.stm32cube.ide.mcu.externaltools.gnu-tools-for-stm32.12.3.rel1.win32_1.1.0.202410251130/tools/bin/../lib/gcc/arm-none-eabi/12.3.1/thumb/v7e-m+fp/hard/crtbegin.o

.rodata         0x0800cbdc      0x410
                0x0800cbdc                        . = ALIGN (0x4)
 *(.rodata)
 .rodata        0x0800cbdc       0x34 ./Core/Src/bmp2.o
 .rodata        0x0800cc10      0x275 ./Core/Src/main.o
 *(.rodata*)
 *fill*         0x0800ce85        0x3 
 .rodata.KeyMap
                0x0800ce88       0x10 ./Core/Src/keypad_4x4_lib.o
                0x0800ce88                KeyMap
 .rodata.Rows   0x0800ce98        0x4 ./Core/Src/keypad_4x4_lib.o
                0x0800ce98                Rows
 .rodata.Cols   0x0800ce9c        0x4 ./Core/Src/keypad_4x4_lib.o
                0x0800ce9c                Cols
 .rodata.AHBPrescTable
                0x0800cea0       0x10 ./Core/Src/system_stm32f7xx.o
                0x0800cea0                AHBPrescTable
 .rodata.APBPrescTable
                0x0800ceb0        0x8 ./Core/Src/system_stm32f7xx.o
                0x0800ceb0                APBPrescTable
 .rodata._ctype_
                0x0800ceb8      0x101 C:/ST/STM32CubeIDE_1.13.2/STM32CubeIDE/plugins/com.st.stm32cube.ide.mcu.externaltools.gnu-tools-for-stm32.12.3.rel1.win32_1.1.0.202410251130/tools/bin/../lib/gcc/arm-none-eabi/12.3.1/../../../../arm-none-eabi/lib/thumb/v7e-m+fp/hard\libc_nano.a(libc_a-ctype_.o)
                0x0800ceb8                _ctype_
 .rodata._svfprintf_r.str1.1
                0x0800cfb9       0x11 C:/ST/STM32CubeIDE_1.13.2/STM32CubeIDE/plugins/com.st.stm32cube.ide.mcu.externaltools.gnu-tools-for-stm32.12.3.rel1.win32_1.1.0.202410251130/tools/bin/../lib/gcc/arm-none-eabi/12.3.1/../../../../arm-none-eabi/lib/thumb/v7e-m+fp/hard\libc_nano.a(libc_a-nano-svfprintf.o)
 .rodata._printf_i.str1.1
                0x0800cfca       0x22 C:/ST/STM32CubeIDE_1.13.2/STM32CubeIDE/plugins/com.st.stm32cube.ide.mcu.externaltools.gnu-tools-for-stm32.12.3.rel1.win32_1.1.0.202410251130/tools/bin/../lib/gcc/arm-none-eabi/12.3.1/../../../../arm-none-eabi/lib/thumb/v7e-m+fp/hard\libc_nano.a(libc_a-nano-vfprintf_i.o)
                0x0800cfec                        . = ALIGN (0x4)

.ARM.extab      0x0800cfec        0x0
                0x0800cfec                        . = ALIGN (0x4)
 *(.ARM.extab* .gnu.linkonce.armextab.*)
                0x0800cfec                        . = ALIGN (0x4)

.ARM            0x0800cfec        0x8
                0x0800cfec                        . = ALIGN (0x4)
                0x0800cfec                        __exidx_start = .
 *(.ARM.exidx*)
 .ARM.exidx     0x0800cfec        0x8 C:/ST/STM32CubeIDE_1.13.2/STM32CubeIDE/plugins/com.st.stm32cube.ide.mcu.externaltools.gnu-tools-for-stm32.12.3.rel1.win32_1.1.0.202410251130/tools/bin/../lib/gcc/arm-none-eabi/12.3.1/../../../../arm-none-eabi/lib/thumb/v7e-m+fp/hard\libc_nano.a(libc_a-strcmp.o)
 .ARM.exidx     0x0800cff4        0x0 C:/ST/STM32CubeIDE_1.13.2/STM32CubeIDE/plugins/com.st.stm32cube.ide.mcu.externaltools.gnu-tools-for-stm32.12.3.rel1.win32_1.1.0.202410251130/tools/bin/../lib/gcc/arm-none-eabi/12.3.1/../../../../arm-none-eabi/lib/thumb/v7e-m+fp/hard\libc_nano.a(libc_a-strlen.o)
                                  0x8 (size before relaxing)
 .ARM.exidx     0x0800cff4        0x0 C:/ST/STM32CubeIDE_1.13.2/STM32CubeIDE/plugins/com.st.stm32cube.ide.mcu.externaltools.gnu-tools-for-stm32.12.3.rel1.win32_1.1.0.202410251130/tools/bin/../lib/gcc/arm-none-eabi/12.3.1/../../../../arm-none-eabi/lib/thumb/v7e-m+fp/hard\libc_nano.a(libc_a-memchr.o)
                                  0x8 (size before relaxing)
 .ARM.exidx     0x0800cff4        0x0 C:/ST/STM32CubeIDE_1.13.2/STM32CubeIDE/plugins/com.st.stm32cube.ide.mcu.externaltools.gnu-tools-for-stm32.12.3.rel1.win32_1.1.0.202410251130/tools/bin/../lib/gcc/arm-none-eabi/12.3.1/thumb/v7e-m+fp/hard\libgcc.a(_udivmoddi4.o)
                                  0x8 (size before relaxing)
                0x0800cff4                        __exidx_end = .
                0x0800cff4                        . = ALIGN (0x4)

.rel.dyn        0x0800cff4        0x0
 .rel.iplt      0x0800cff4        0x0 C:/ST/STM32CubeIDE_1.13.2/STM32CubeIDE/plugins/com.st.stm32cube.ide.mcu.externaltools.gnu-tools-for-stm32.12.3.rel1.win32_1.1.0.202410251130/tools/bin/../lib/gcc/arm-none-eabi/12.3.1/thumb/v7e-m+fp/hard/crtbegin.o

.preinit_array  0x0800cff4        0x0
                0x0800cff4                        . = ALIGN (0x4)
                0x0800cff4                        PROVIDE (__preinit_array_start = .)
 *(.preinit_array*)
                0x0800cff4                        PROVIDE (__preinit_array_end = .)
                0x0800cff4                        . = ALIGN (0x4)

.init_array     0x0800cff4        0x4
                0x0800cff4                        . = ALIGN (0x4)
                0x0800cff4                        PROVIDE (__init_array_start = .)
 *(SORT_BY_NAME(.init_array.*))
 *(.init_array*)
 .init_array    0x0800cff4        0x4 C:/ST/STM32CubeIDE_1.13.2/STM32CubeIDE/plugins/com.st.stm32cube.ide.mcu.externaltools.gnu-tools-for-stm32.12.3.rel1.win32_1.1.0.202410251130/tools/bin/../lib/gcc/arm-none-eabi/12.3.1/thumb/v7e-m+fp/hard/crtbegin.o
                0x0800cff8                        PROVIDE (__init_array_end = .)
                0x0800cff8                        . = ALIGN (0x4)

.fini_array     0x0800cff8        0x4
                0x0800cff8                        . = ALIGN (0x4)
                [!provide]                        PROVIDE (__fini_array_start = .)
 *(SORT_BY_NAME(.fini_array.*))
 *(.fini_array*)
 .fini_array    0x0800cff8        0x4 C:/ST/STM32CubeIDE_1.13.2/STM32CubeIDE/plugins/com.st.stm32cube.ide.mcu.externaltools.gnu-tools-for-stm32.12.3.rel1.win32_1.1.0.202410251130/tools/bin/../lib/gcc/arm-none-eabi/12.3.1/thumb/v7e-m+fp/hard/crtbegin.o
                [!provide]                        PROVIDE (__fini_array_end = .)
                0x0800cffc                        . = ALIGN (0x4)
                0x0800cffc                        _sidata = LOADADDR (.data)

.data           0x20000000      0x1b4 load address 0x0800cffc
                0x20000000                        . = ALIGN (0x4)
                0x20000000                        _sdata = .
 *(.data)
 *(.data*)
 .data.hbmp2    0x20000000       0x18 ./Core/Src/bmp2_config.o
                0x20000000                hbmp2
 .data.bmp2dev  0x20000018       0x3c ./Core/Src/bmp2_config.o
                0x20000018                bmp2dev
 .data.position
                0x20000054        0x1 ./Core/Src/main.o
                0x20000054                position
 .data.max_pos  0x20000055        0x1 ./Core/Src/main.o
                0x20000055                max_pos
 *fill*         0x20000056        0x2 
 .data.mainmenu
                0x20000058       0x10 ./Core/Src/main.o
                0x20000058                mainmenu
 .data.menuKitchen
                0x20000068       0x10 ./Core/Src/main.o
                0x20000068                menuKitchen
 .data.menuKitchenLighting
                0x20000078       0x10 ./Core/Src/main.o
                0x20000078                menuKitchenLighting
 .data.menuKitchenShutter
                0x20000088       0x10 ./Core/Src/main.o
                0x20000088                menuKitchenShutter
 .data.menuLivingroom
                0x20000098       0x10 ./Core/Src/main.o
                0x20000098                menuLivingroom
 .data.menuLivingroomLighting
                0x200000a8       0x10 ./Core/Src/main.o
                0x200000a8                menuLivingroomLighting
 .data.menuLivingroomTemperature
                0x200000b8       0x10 ./Core/Src/main.o
                0x200000b8                menuLivingroomTemperature
 .data.menuLivingroomShutter
                0x200000c8       0x10 ./Core/Src/main.o
                0x200000c8                menuLivingroomShutter
 .data.menuGarage
                0x200000d8       0x10 ./Core/Src/main.o
                0x200000d8                menuGarage
 .data.menuGarageLighting
                0x200000e8       0x10 ./Core/Src/main.o
                0x200000e8                menuGarageLighting
 .data.menuGarageShutter
                0x200000f8       0x10 ./Core/Src/main.o
                0x200000f8                menuGarageShutter
 .data.menuGarageGate
                0x20000108       0x10 ./Core/Src/main.o
                0x20000108                menuGarageGate
 .data.menuAlarm
                0x20000118       0x10 ./Core/Src/main.o
                0x20000118                menuAlarm
 .data.act_menu
                0x20000128        0x4 ./Core/Src/main.o
                0x20000128                act_menu
 .data.brightnessLivingroom
                0x2000012c        0x4 ./Core/Src/main.o
                0x2000012c                brightnessLivingroom
 .data.brightnessKitchen
                0x20000130        0x4 ./Core/Src/main.o
                0x20000130                brightnessKitchen
 .data.brightnessGarage
                0x20000134        0x4 ./Core/Src/main.o
                0x20000134                brightnessGarage
 .data.setpoint
                0x20000138        0x4 ./Core/Src/main.o
                0x20000138                setpoint
 .data.my_PI    0x2000013c       0x18 ./Core/Src/main.o
                0x2000013c                my_PI
 .data.energymode
                0x20000154        0x2 ./Core/Src/main.o
                0x20000154                energymode
 *fill*         0x20000156        0x2 
 .data.SystemCoreClock
                0x20000158        0x4 ./Core/Src/system_stm32f7xx.o
                0x20000158                SystemCoreClock
 .data.uwTickPrio
                0x2000015c        0x4 ./Drivers/STM32F7xx_HAL_Driver/Src/stm32f7xx_hal.o
                0x2000015c                uwTickPrio
 .data.uwTickFreq
                0x20000160        0x1 ./Drivers/STM32F7xx_HAL_Driver/Src/stm32f7xx_hal.o
                0x20000160                uwTickFreq
 *fill*         0x20000161        0x3 
 .data._impure_ptr
                0x20000164        0x4 C:/ST/STM32CubeIDE_1.13.2/STM32CubeIDE/plugins/com.st.stm32cube.ide.mcu.externaltools.gnu-tools-for-stm32.12.3.rel1.win32_1.1.0.202410251130/tools/bin/../lib/gcc/arm-none-eabi/12.3.1/../../../../arm-none-eabi/lib/thumb/v7e-m+fp/hard\libc_nano.a(libc_a-impure.o)
                0x20000164                _impure_ptr
 .data._impure_data
                0x20000168       0x4c C:/ST/STM32CubeIDE_1.13.2/STM32CubeIDE/plugins/com.st.stm32cube.ide.mcu.externaltools.gnu-tools-for-stm32.12.3.rel1.win32_1.1.0.202410251130/tools/bin/../lib/gcc/arm-none-eabi/12.3.1/../../../../arm-none-eabi/lib/thumb/v7e-m+fp/hard\libc_nano.a(libc_a-impure.o)
                0x20000168                _impure_data
 *(.RamFunc)
 *(.RamFunc*)
                0x200001b4                        . = ALIGN (0x4)
                0x200001b4                        _edata = .

.igot.plt       0x200001b4        0x0 load address 0x0800d1b0
 .igot.plt      0x200001b4        0x0 C:/ST/STM32CubeIDE_1.13.2/STM32CubeIDE/plugins/com.st.stm32cube.ide.mcu.externaltools.gnu-tools-for-stm32.12.3.rel1.win32_1.1.0.202410251130/tools/bin/../lib/gcc/arm-none-eabi/12.3.1/thumb/v7e-m+fp/hard/crtbegin.o
                0x200001b4                        . = ALIGN (0x4)

.bss            0x200001b8      0x53c load address 0x0800d1b0
                0x200001b8                        _sbss = .
                0x200001b8                        __bss_start__ = _sbss
 *(.bss)
 .bss           0x200001b8       0x1c C:/ST/STM32CubeIDE_1.13.2/STM32CubeIDE/plugins/com.st.stm32cube.ide.mcu.externaltools.gnu-tools-for-stm32.12.3.rel1.win32_1.1.0.202410251130/tools/bin/../lib/gcc/arm-none-eabi/12.3.1/thumb/v7e-m+fp/hard/crtbegin.o
 *(.bss*)
 .bss.ina219_calibrationValue
                0x200001d4        0x2 ./Core/Src/INA219.o
                0x200001d4                ina219_calibrationValue
 .bss.ina219_currentDivider_mA
                0x200001d6        0x2 ./Core/Src/INA219.o
                0x200001d6                ina219_currentDivider_mA
 .bss.ina219_powerMultiplier_mW
                0x200001d8        0x2 ./Core/Src/INA219.o
                0x200001d8                ina219_powerMultiplier_mW
 *fill*         0x200001da        0x2 
 .bss.hi2c1     0x200001dc       0x54 ./Core/Src/i2c.o
                0x200001dc                hi2c1
 .bss.hi2c2     0x20000230       0x54 ./Core/Src/i2c.o
                0x20000230                hi2c2
 .bss.GPIO_InitStruct
                0x20000284       0x14 ./Core/Src/lcd_hd44780_lib.o
                0x20000284                GPIO_InitStruct
 .bss.symbol    0x20000298        0x1 ./Core/Src/main.o
                0x20000298                symbol
 *fill*         0x20000299        0x3 
 .bss.buff      0x2000029c        0x5 ./Core/Src/main.o
                0x2000029c                buff
 *fill*         0x200002a1        0x3 
 .bss.result    0x200002a4       0x32 ./Core/Src/main.o
                0x200002a4                result
 *fill*         0x200002d6        0x2 
 .bss.buffer    0x200002d8        0xa ./Core/Src/main.o
                0x200002d8                buffer
 *fill*         0x200002e2        0x2 
 .bss.rxBuffer  0x200002e4        0xa ./Core/Src/main.o
                0x200002e4                rxBuffer
 .bss.rxIndex   0x200002ee        0x1 ./Core/Src/main.o
                0x200002ee                rxIndex
 *fill*         0x200002ef        0x1 
 .bss.received  0x200002f0        0x5 ./Core/Src/main.o
                0x200002f0                received
 *fill*         0x200002f5        0x3 
 .bss.lastMessage
                0x200002f8        0x5 ./Core/Src/main.o
                0x200002f8                lastMessage
 .bss.refreshLCD
                0x200002fd        0x1 ./Core/Src/main.o
                0x200002fd                refreshLCD
 .bss.alarm     0x200002fe        0x1 ./Core/Src/main.o
                0x200002fe                alarm
 .bss.alarmLED  0x200002ff        0x1 ./Core/Src/main.o
                0x200002ff                alarmLED
 .bss.PIR_Garage
                0x20000300        0x1 ./Core/Src/main.o
                0x20000300                PIR_Garage
 .bss.PIR_Livingroom
                0x20000301        0x1 ./Core/Src/main.o
                0x20000301                PIR_Livingroom
 .bss.PIR_Kitchen
                0x20000302        0x1 ./Core/Src/main.o
                0x20000302                PIR_Kitchen
 .bss.PIR_detected
                0x20000303        0x1 ./Core/Src/main.o
                0x20000303                PIR_detected
 .bss.kitchenShutter
                0x20000304        0x1 ./Core/Src/main.o
                0x20000304                kitchenShutter
 .bss.livingroomShutter
                0x20000305        0x1 ./Core/Src/main.o
                0x20000305                livingroomShutter
 .bss.garageShutter
                0x20000306        0x1 ./Core/Src/main.o
                0x20000306                garageShutter
 .bss.garageGate
                0x20000307        0x1 ./Core/Src/main.o
                0x20000307                garageGate
 .bss.i         0x20000308        0x4 ./Core/Src/main.o
                0x20000308                i
 .bss.pinKey    0x2000030c        0x4 ./Core/Src/main.o
                0x2000030c                pinKey
 .bss.intPart   0x20000310        0x4 ./Core/Src/main.o
                0x20000310                intPart
 .bss.fracPart  0x20000314        0x4 ./Core/Src/main.o
                0x20000314                fracPart
 .bss.U         0x20000318        0x4 ./Core/Src/main.o
                0x20000318                U
 .bss.P         0x2000031c        0x4 ./Core/Src/main.o
                0x2000031c                P
 .bss.I         0x20000320        0x4 ./Core/Src/main.o
                0x20000320                I
 .bss.error     0x20000324        0x4 ./Core/Src/main.o
                0x20000324                error
 .bss.integral  0x20000328        0x4 ./Core/Src/main.o
                0x20000328                integral
 .bss.PI_output
                0x2000032c        0x4 ./Core/Src/main.o
                0x2000032c                PI_output
 .bss.temp      0x20000330        0x8 ./Core/Src/main.o
                0x20000330                temp
 .bss.press     0x20000338        0x8 ./Core/Src/main.o
                0x20000338                press
 .bss.roundedValue
                0x20000340        0x8 ./Core/Src/main.o
                0x20000340                roundedValue
 .bss.ina219    0x20000348        0x8 ./Core/Src/main.o
                0x20000348                ina219
 .bss.ina219_2  0x20000350        0x8 ./Core/Src/main.o
                0x20000350                ina219_2
 .bss.vbus      0x20000358        0x2 ./Core/Src/main.o
                0x20000358                vbus
 .bss.vshunt    0x2000035a        0x2 ./Core/Src/main.o
                0x2000035a                vshunt
 .bss.current   0x2000035c        0x2 ./Core/Src/main.o
                0x2000035c                current
 .bss.power     0x2000035e        0x2 ./Core/Src/main.o
                0x2000035e                power
 .bss.vbus2     0x20000360        0x2 ./Core/Src/main.o
                0x20000360                vbus2
 .bss.vshunt2   0x20000362        0x2 ./Core/Src/main.o
                0x20000362                vshunt2
 .bss.current2  0x20000364        0x2 ./Core/Src/main.o
                0x20000364                current2
 .bss.power2    0x20000366        0x2 ./Core/Src/main.o
                0x20000366                power2
 .bss.PowerSupply
                0x20000368        0x1 ./Core/Src/main.o
                0x20000368                PowerSupply
 .bss.Battery   0x20000369        0x1 ./Core/Src/main.o
                0x20000369                Battery
 .bss.Output    0x2000036a        0x1 ./Core/Src/main.o
                0x2000036a                Output
 .bss.Solar     0x2000036b        0x1 ./Core/Src/main.o
                0x2000036b                Solar
 .bss.solar_volts
                0x2000036c        0x4 ./Core/Src/main.o
                0x2000036c                solar_volts
 .bss.vshunt_volts
                0x20000370        0x4 ./Core/Src/main.o
                0x20000370                vshunt_volts
 .bss.solar_amps
                0x20000374        0x4 ./Core/Src/main.o
                0x20000374                solar_amps
 .bss.output_volts
                0x20000378        0x4 ./Core/Src/main.o
                0x20000378                output_volts
 .bss.vshunt_volts2
                0x2000037c        0x4 ./Core/Src/main.o
                0x2000037c                vshunt_volts2
 .bss.current_amps2
                0x20000380        0x4 ./Core/Src/main.o
                0x20000380                current_amps2
 .bss.solar_power
                0x20000384        0x4 ./Core/Src/main.o
                0x20000384                solar_power
 .bss.hspi4     0x20000388       0x64 ./Core/Src/spi.o
                0x20000388                hspi4
 .bss.__sbrk_heap_end
                0x200003ec        0x4 ./Core/Src/sysmem.o
 .bss.htim1     0x200003f0       0x4c ./Core/Src/tim.o
                0x200003f0                htim1
 .bss.htim2     0x2000043c       0x4c ./Core/Src/tim.o
                0x2000043c                htim2
 .bss.htim3     0x20000488       0x4c ./Core/Src/tim.o
                0x20000488                htim3
 .bss.htim4     0x200004d4       0x4c ./Core/Src/tim.o
                0x200004d4                htim4
 .bss.huart6    0x20000520       0x88 ./Core/Src/usart.o
                0x20000520                huart6
 .bss.uwTick    0x200005a8        0x4 ./Drivers/STM32F7xx_HAL_Driver/Src/stm32f7xx_hal.o
                0x200005a8                uwTick
 .bss.__sf      0x200005ac      0x138 C:/ST/STM32CubeIDE_1.13.2/STM32CubeIDE/plugins/com.st.stm32cube.ide.mcu.externaltools.gnu-tools-for-stm32.12.3.rel1.win32_1.1.0.202410251130/tools/bin/../lib/gcc/arm-none-eabi/12.3.1/../../../../arm-none-eabi/lib/thumb/v7e-m+fp/hard\libc_nano.a(libc_a-findfp.o)
                0x200005ac                __sf
 .bss.errno     0x200006e4        0x4 C:/ST/STM32CubeIDE_1.13.2/STM32CubeIDE/plugins/com.st.stm32cube.ide.mcu.externaltools.gnu-tools-for-stm32.12.3.rel1.win32_1.1.0.202410251130/tools/bin/../lib/gcc/arm-none-eabi/12.3.1/../../../../arm-none-eabi/lib/thumb/v7e-m+fp/hard\libc_nano.a(libc_a-reent.o)
                0x200006e4                errno
 .bss.__lock___malloc_recursive_mutex
                0x200006e8        0x1 C:/ST/STM32CubeIDE_1.13.2/STM32CubeIDE/plugins/com.st.stm32cube.ide.mcu.externaltools.gnu-tools-for-stm32.12.3.rel1.win32_1.1.0.202410251130/tools/bin/../lib/gcc/arm-none-eabi/12.3.1/../../../../arm-none-eabi/lib/thumb/v7e-m+fp/hard\libc_nano.a(libc_a-lock.o)
                0x200006e8                __lock___malloc_recursive_mutex
 *fill*         0x200006e9        0x3 
 .bss.__malloc_sbrk_start
                0x200006ec        0x4 C:/ST/STM32CubeIDE_1.13.2/STM32CubeIDE/plugins/com.st.stm32cube.ide.mcu.externaltools.gnu-tools-for-stm32.12.3.rel1.win32_1.1.0.202410251130/tools/bin/../lib/gcc/arm-none-eabi/12.3.1/../../../../arm-none-eabi/lib/thumb/v7e-m+fp/hard\libc_nano.a(libc_a-mallocr.o)
                0x200006ec                __malloc_sbrk_start
 .bss.__malloc_free_list
                0x200006f0        0x4 C:/ST/STM32CubeIDE_1.13.2/STM32CubeIDE/plugins/com.st.stm32cube.ide.mcu.externaltools.gnu-tools-for-stm32.12.3.rel1.win32_1.1.0.202410251130/tools/bin/../lib/gcc/arm-none-eabi/12.3.1/../../../../arm-none-eabi/lib/thumb/v7e-m+fp/hard\libc_nano.a(libc_a-mallocr.o)
                0x200006f0                __malloc_free_list
 *(COMMON)
                0x200006f4                        . = ALIGN (0x4)
                0x200006f4                        _ebss = .
                0x200006f4                        __bss_end__ = _ebss

._user_heap_stack
                0x200006f4      0x604 load address 0x0800d1b0
                0x200006f8                        . = ALIGN (0x8)
 *fill*         0x200006f4        0x4 
                [!provide]                        PROVIDE (end = .)
                0x200006f8                        PROVIDE (_end = .)
                0x200008f8                        . = (. + _Min_Heap_Size)
 *fill*         0x200006f8      0x200 
                0x20000cf8                        . = (. + _Min_Stack_Size)
 *fill*         0x200008f8      0x400 
                0x20000cf8                        . = ALIGN (0x8)

/DISCARD/
 libc.a(*)
 libm.a(*)
 libgcc.a(*)

.ARM.attributes
                0x00000000       0x30
 *(.ARM.attributes)
 .ARM.attributes
                0x00000000       0x22 C:/ST/STM32CubeIDE_1.13.2/STM32CubeIDE/plugins/com.st.stm32cube.ide.mcu.externaltools.gnu-tools-for-stm32.12.3.rel1.win32_1.1.0.202410251130/tools/bin/../lib/gcc/arm-none-eabi/12.3.1/thumb/v7e-m+fp/hard/crti.o
 .ARM.attributes
                0x00000022       0x34 C:/ST/STM32CubeIDE_1.13.2/STM32CubeIDE/plugins/com.st.stm32cube.ide.mcu.externaltools.gnu-tools-for-stm32.12.3.rel1.win32_1.1.0.202410251130/tools/bin/../lib/gcc/arm-none-eabi/12.3.1/thumb/v7e-m+fp/hard/crtbegin.o
 .ARM.attributes
                0x00000056       0x34 ./Core/Src/INA219.o
 .ARM.attributes
                0x0000008a       0x34 ./Core/Src/bmp2.o
 .ARM.attributes
                0x000000be       0x34 ./Core/Src/bmp2_config.o
 .ARM.attributes
                0x000000f2       0x34 ./Core/Src/gpio.o
 .ARM.attributes
                0x00000126       0x34 ./Core/Src/i2c.o
 .ARM.attributes
                0x0000015a       0x34 ./Core/Src/keypad_4x4_lib.o
 .ARM.attributes
                0x0000018e       0x34 ./Core/Src/lcd_hd44780_lib.o
 .ARM.attributes
                0x000001c2       0x34 ./Core/Src/main.o
 .ARM.attributes
                0x000001f6       0x34 ./Core/Src/spi.o
 .ARM.attributes
                0x0000022a       0x34 ./Core/Src/stm32f7xx_hal_msp.o
 .ARM.attributes
                0x0000025e       0x34 ./Core/Src/stm32f7xx_it.o
 .ARM.attributes
                0x00000292       0x34 ./Core/Src/sysmem.o
 .ARM.attributes
                0x000002c6       0x34 ./Core/Src/system_stm32f7xx.o
 .ARM.attributes
                0x000002fa       0x34 ./Core/Src/tim.o
 .ARM.attributes
                0x0000032e       0x34 ./Core/Src/usart.o
 .ARM.attributes
                0x00000362       0x21 ./Core/Startup/startup_stm32f746zgtx.o
 .ARM.attributes
                0x00000383       0x34 ./Drivers/STM32F7xx_HAL_Driver/Src/stm32f7xx_hal.o
 .ARM.attributes
                0x000003b7       0x34 ./Drivers/STM32F7xx_HAL_Driver/Src/stm32f7xx_hal_cortex.o
 .ARM.attributes
                0x000003eb       0x34 ./Drivers/STM32F7xx_HAL_Driver/Src/stm32f7xx_hal_dma.o
 .ARM.attributes
                0x0000041f       0x34 ./Drivers/STM32F7xx_HAL_Driver/Src/stm32f7xx_hal_gpio.o
 .ARM.attributes
                0x00000453       0x34 ./Drivers/STM32F7xx_HAL_Driver/Src/stm32f7xx_hal_i2c.o
 .ARM.attributes
                0x00000487       0x34 ./Drivers/STM32F7xx_HAL_Driver/Src/stm32f7xx_hal_i2c_ex.o
 .ARM.attributes
                0x000004bb       0x34 ./Drivers/STM32F7xx_HAL_Driver/Src/stm32f7xx_hal_pwr.o
 .ARM.attributes
                0x000004ef       0x34 ./Drivers/STM32F7xx_HAL_Driver/Src/stm32f7xx_hal_rcc.o
 .ARM.attributes
                0x00000523       0x34 ./Drivers/STM32F7xx_HAL_Driver/Src/stm32f7xx_hal_rcc_ex.o
 .ARM.attributes
                0x00000557       0x34 ./Drivers/STM32F7xx_HAL_Driver/Src/stm32f7xx_hal_spi.o
 .ARM.attributes
                0x0000058b       0x34 ./Drivers/STM32F7xx_HAL_Driver/Src/stm32f7xx_hal_tim.o
 .ARM.attributes
                0x000005bf       0x34 ./Drivers/STM32F7xx_HAL_Driver/Src/stm32f7xx_hal_tim_ex.o
 .ARM.attributes
                0x000005f3       0x34 ./Drivers/STM32F7xx_HAL_Driver/Src/stm32f7xx_hal_uart.o
 .ARM.attributes
                0x00000627       0x34 C:/ST/STM32CubeIDE_1.13.2/STM32CubeIDE/plugins/com.st.stm32cube.ide.mcu.externaltools.gnu-tools-for-stm32.12.3.rel1.win32_1.1.0.202410251130/tools/bin/../lib/gcc/arm-none-eabi/12.3.1/../../../../arm-none-eabi/lib/thumb/v7e-m+fp/hard\libc_nano.a(libc_a-atoi.o)
 .ARM.attributes
                0x0000065b       0x34 C:/ST/STM32CubeIDE_1.13.2/STM32CubeIDE/plugins/com.st.stm32cube.ide.mcu.externaltools.gnu-tools-for-stm32.12.3.rel1.win32_1.1.0.202410251130/tools/bin/../lib/gcc/arm-none-eabi/12.3.1/../../../../arm-none-eabi/lib/thumb/v7e-m+fp/hard\libc_nano.a(libc_a-strtol.o)
 .ARM.attributes
                0x0000068f       0x34 C:/ST/STM32CubeIDE_1.13.2/STM32CubeIDE/plugins/com.st.stm32cube.ide.mcu.externaltools.gnu-tools-for-stm32.12.3.rel1.win32_1.1.0.202410251130/tools/bin/../lib/gcc/arm-none-eabi/12.3.1/../../../../arm-none-eabi/lib/thumb/v7e-m+fp/hard\libc_nano.a(libc_a-ctype_.o)
 .ARM.attributes
                0x000006c3       0x34 C:/ST/STM32CubeIDE_1.13.2/STM32CubeIDE/plugins/com.st.stm32cube.ide.mcu.externaltools.gnu-tools-for-stm32.12.3.rel1.win32_1.1.0.202410251130/tools/bin/../lib/gcc/arm-none-eabi/12.3.1/../../../../arm-none-eabi/lib/thumb/v7e-m+fp/hard\libc_nano.a(libc_a-findfp.o)
 .ARM.attributes
                0x000006f7       0x34 C:/ST/STM32CubeIDE_1.13.2/STM32CubeIDE/plugins/com.st.stm32cube.ide.mcu.externaltools.gnu-tools-for-stm32.12.3.rel1.win32_1.1.0.202410251130/tools/bin/../lib/gcc/arm-none-eabi/12.3.1/../../../../arm-none-eabi/lib/thumb/v7e-m+fp/hard\libc_nano.a(libc_a-snprintf.o)
 .ARM.attributes
                0x0000072b       0x34 C:/ST/STM32CubeIDE_1.13.2/STM32CubeIDE/plugins/com.st.stm32cube.ide.mcu.externaltools.gnu-tools-for-stm32.12.3.rel1.win32_1.1.0.202410251130/tools/bin/../lib/gcc/arm-none-eabi/12.3.1/../../../../arm-none-eabi/lib/thumb/v7e-m+fp/hard\libc_nano.a(libc_a-memset.o)
 .ARM.attributes
                0x0000075f       0x34 C:/ST/STM32CubeIDE_1.13.2/STM32CubeIDE/plugins/com.st.stm32cube.ide.mcu.externaltools.gnu-tools-for-stm32.12.3.rel1.win32_1.1.0.202410251130/tools/bin/../lib/gcc/arm-none-eabi/12.3.1/../../../../arm-none-eabi/lib/thumb/v7e-m+fp/hard\libc_nano.a(libc_a-reent.o)
 .ARM.attributes
                0x00000793       0x34 C:/ST/STM32CubeIDE_1.13.2/STM32CubeIDE/plugins/com.st.stm32cube.ide.mcu.externaltools.gnu-tools-for-stm32.12.3.rel1.win32_1.1.0.202410251130/tools/bin/../lib/gcc/arm-none-eabi/12.3.1/../../../../arm-none-eabi/lib/thumb/v7e-m+fp/hard\libc_nano.a(libc_a-impure.o)
 .ARM.attributes
                0x000007c7       0x34 C:/ST/STM32CubeIDE_1.13.2/STM32CubeIDE/plugins/com.st.stm32cube.ide.mcu.externaltools.gnu-tools-for-stm32.12.3.rel1.win32_1.1.0.202410251130/tools/bin/../lib/gcc/arm-none-eabi/12.3.1/../../../../arm-none-eabi/lib/thumb/v7e-m+fp/hard\libc_nano.a(libc_a-errno.o)
 .ARM.attributes
                0x000007fb       0x34 C:/ST/STM32CubeIDE_1.13.2/STM32CubeIDE/plugins/com.st.stm32cube.ide.mcu.externaltools.gnu-tools-for-stm32.12.3.rel1.win32_1.1.0.202410251130/tools/bin/../lib/gcc/arm-none-eabi/12.3.1/../../../../arm-none-eabi/lib/thumb/v7e-m+fp/hard\libc_nano.a(libc_a-init.o)
 .ARM.attributes
                0x0000082f       0x34 C:/ST/STM32CubeIDE_1.13.2/STM32CubeIDE/plugins/com.st.stm32cube.ide.mcu.externaltools.gnu-tools-for-stm32.12.3.rel1.win32_1.1.0.202410251130/tools/bin/../lib/gcc/arm-none-eabi/12.3.1/../../../../arm-none-eabi/lib/thumb/v7e-m+fp/hard\libc_nano.a(libc_a-lock.o)
 .ARM.attributes
                0x00000863       0x20 C:/ST/STM32CubeIDE_1.13.2/STM32CubeIDE/plugins/com.st.stm32cube.ide.mcu.externaltools.gnu-tools-for-stm32.12.3.rel1.win32_1.1.0.202410251130/tools/bin/../lib/gcc/arm-none-eabi/12.3.1/../../../../arm-none-eabi/lib/thumb/v7e-m+fp/hard\libc_nano.a(libc_a-strcmp.o)
 .ARM.attributes
                0x00000883       0x17 C:/ST/STM32CubeIDE_1.13.2/STM32CubeIDE/plugins/com.st.stm32cube.ide.mcu.externaltools.gnu-tools-for-stm32.12.3.rel1.win32_1.1.0.202410251130/tools/bin/../lib/gcc/arm-none-eabi/12.3.1/../../../../arm-none-eabi/lib/thumb/v7e-m+fp/hard\libc_nano.a(libc_a-strlen.o)
 .ARM.attributes
                0x0000089a       0x34 C:/ST/STM32CubeIDE_1.13.2/STM32CubeIDE/plugins/com.st.stm32cube.ide.mcu.externaltools.gnu-tools-for-stm32.12.3.rel1.win32_1.1.0.202410251130/tools/bin/../lib/gcc/arm-none-eabi/12.3.1/../../../../arm-none-eabi/lib/thumb/v7e-m+fp/hard\libc_nano.a(libc_a-freer.o)
 .ARM.attributes
                0x000008ce       0x34 C:/ST/STM32CubeIDE_1.13.2/STM32CubeIDE/plugins/com.st.stm32cube.ide.mcu.externaltools.gnu-tools-for-stm32.12.3.rel1.win32_1.1.0.202410251130/tools/bin/../lib/gcc/arm-none-eabi/12.3.1/../../../../arm-none-eabi/lib/thumb/v7e-m+fp/hard\libc_nano.a(libc_a-mallocr.o)
 .ARM.attributes
                0x00000902       0x34 C:/ST/STM32CubeIDE_1.13.2/STM32CubeIDE/plugins/com.st.stm32cube.ide.mcu.externaltools.gnu-tools-for-stm32.12.3.rel1.win32_1.1.0.202410251130/tools/bin/../lib/gcc/arm-none-eabi/12.3.1/../../../../arm-none-eabi/lib/thumb/v7e-m+fp/hard\libc_nano.a(libc_a-mlock.o)
 .ARM.attributes
                0x00000936       0x34 C:/ST/STM32CubeIDE_1.13.2/STM32CubeIDE/plugins/com.st.stm32cube.ide.mcu.externaltools.gnu-tools-for-stm32.12.3.rel1.win32_1.1.0.202410251130/tools/bin/../lib/gcc/arm-none-eabi/12.3.1/../../../../arm-none-eabi/lib/thumb/v7e-m+fp/hard\libc_nano.a(libc_a-nano-svfprintf.o)
 .ARM.attributes
                0x0000096a       0x34 C:/ST/STM32CubeIDE_1.13.2/STM32CubeIDE/plugins/com.st.stm32cube.ide.mcu.externaltools.gnu-tools-for-stm32.12.3.rel1.win32_1.1.0.202410251130/tools/bin/../lib/gcc/arm-none-eabi/12.3.1/../../../../arm-none-eabi/lib/thumb/v7e-m+fp/hard\libc_nano.a(libc_a-nano-vfprintf_i.o)
 .ARM.attributes
                0x0000099e       0x34 C:/ST/STM32CubeIDE_1.13.2/STM32CubeIDE/plugins/com.st.stm32cube.ide.mcu.externaltools.gnu-tools-for-stm32.12.3.rel1.win32_1.1.0.202410251130/tools/bin/../lib/gcc/arm-none-eabi/12.3.1/../../../../arm-none-eabi/lib/thumb/v7e-m+fp/hard\libc_nano.a(libc_a-memmove.o)
 .ARM.attributes
                0x000009d2       0x34 C:/ST/STM32CubeIDE_1.13.2/STM32CubeIDE/plugins/com.st.stm32cube.ide.mcu.externaltools.gnu-tools-for-stm32.12.3.rel1.win32_1.1.0.202410251130/tools/bin/../lib/gcc/arm-none-eabi/12.3.1/../../../../arm-none-eabi/lib/thumb/v7e-m+fp/hard\libc_nano.a(libc_a-sbrkr.o)
 .ARM.attributes
                0x00000a06       0x1c C:/ST/STM32CubeIDE_1.13.2/STM32CubeIDE/plugins/com.st.stm32cube.ide.mcu.externaltools.gnu-tools-for-stm32.12.3.rel1.win32_1.1.0.202410251130/tools/bin/../lib/gcc/arm-none-eabi/12.3.1/../../../../arm-none-eabi/lib/thumb/v7e-m+fp/hard\libc_nano.a(libc_a-memchr.o)
 .ARM.attributes
                0x00000a22       0x34 C:/ST/STM32CubeIDE_1.13.2/STM32CubeIDE/plugins/com.st.stm32cube.ide.mcu.externaltools.gnu-tools-for-stm32.12.3.rel1.win32_1.1.0.202410251130/tools/bin/../lib/gcc/arm-none-eabi/12.3.1/../../../../arm-none-eabi/lib/thumb/v7e-m+fp/hard\libc_nano.a(libc_a-memcpy-stub.o)
 .ARM.attributes
                0x00000a56       0x34 C:/ST/STM32CubeIDE_1.13.2/STM32CubeIDE/plugins/com.st.stm32cube.ide.mcu.externaltools.gnu-tools-for-stm32.12.3.rel1.win32_1.1.0.202410251130/tools/bin/../lib/gcc/arm-none-eabi/12.3.1/../../../../arm-none-eabi/lib/thumb/v7e-m+fp/hard\libc_nano.a(libc_a-reallocr.o)
 .ARM.attributes
                0x00000a8a       0x34 C:/ST/STM32CubeIDE_1.13.2/STM32CubeIDE/plugins/com.st.stm32cube.ide.mcu.externaltools.gnu-tools-for-stm32.12.3.rel1.win32_1.1.0.202410251130/tools/bin/../lib/gcc/arm-none-eabi/12.3.1/../../../../arm-none-eabi/lib/thumb/v7e-m+fp/hard\libc_nano.a(libc_a-msizer.o)
 .ARM.attributes
                0x00000abe       0x34 C:/ST/STM32CubeIDE_1.13.2/STM32CubeIDE/plugins/com.st.stm32cube.ide.mcu.externaltools.gnu-tools-for-stm32.12.3.rel1.win32_1.1.0.202410251130/tools/bin/../lib/gcc/arm-none-eabi/12.3.1/../../../../arm-none-eabi/lib/thumb/v7e-m+fp/hard\libm.a(libm_a-s_floor.o)
 .ARM.attributes
                0x00000af2       0x34 C:/ST/STM32CubeIDE_1.13.2/STM32CubeIDE/plugins/com.st.stm32cube.ide.mcu.externaltools.gnu-tools-for-stm32.12.3.rel1.win32_1.1.0.202410251130/tools/bin/../lib/gcc/arm-none-eabi/12.3.1/../../../../arm-none-eabi/lib/thumb/v7e-m+fp/hard\libm.a(libm_a-s_round.o)
 .ARM.attributes
                0x00000b26       0x22 C:/ST/STM32CubeIDE_1.13.2/STM32CubeIDE/plugins/com.st.stm32cube.ide.mcu.externaltools.gnu-tools-for-stm32.12.3.rel1.win32_1.1.0.202410251130/tools/bin/../lib/gcc/arm-none-eabi/12.3.1/thumb/v7e-m+fp/hard\libgcc.a(_arm_addsubdf3.o)
 .ARM.attributes