Archive member included to satisfy reference by file (symbol)

C:/ST/STM32CubeIDE_1.13.1/STM32CubeIDE/plugins/com.st.stm32cube.ide.mcu.externaltools.gnu-tools-for-stm32.11.3.rel1.win32_1.1.100.202309141235/tools/bin/../lib/gcc/arm-none-eabi/11.3.1/../../../../arm-none-eabi/lib/thumb/v7e-m+fp/hard\libc_nano.a(libc_a-atoi.o)
                              ./Core/Src/main.o (atoi)
C:/ST/STM32CubeIDE_1.13.1/STM32CubeIDE/plugins/com.st.stm32cube.ide.mcu.externaltools.gnu-tools-for-stm32.11.3.rel1.win32_1.1.100.202309141235/tools/bin/../lib/gcc/arm-none-eabi/11.3.1/../../../../arm-none-eabi/lib/thumb/v7e-m+fp/hard\libc_nano.a(libc_a-exit.o)
                              C:/ST/STM32CubeIDE_1.13.1/STM32CubeIDE/plugins/com.st.stm32cube.ide.mcu.externaltools.gnu-tools-for-stm32.11.3.rel1.win32_1.1.100.202309141235/tools/bin/../lib/gcc/arm-none-eabi/11.3.1/../../../../arm-none-eabi/lib/thumb/v7e-m+fp/hard/crt0.o (exit)
C:/ST/STM32CubeIDE_1.13.1/STM32CubeIDE/plugins/com.st.stm32cube.ide.mcu.externaltools.gnu-tools-for-stm32.11.3.rel1.win32_1.1.100.202309141235/tools/bin/../lib/gcc/arm-none-eabi/11.3.1/../../../../arm-none-eabi/lib/thumb/v7e-m+fp/hard\libc_nano.a(libc_a-strtol.o)
                              C:/ST/STM32CubeIDE_1.13.1/STM32CubeIDE/plugins/com.st.stm32cube.ide.mcu.externaltools.gnu-tools-for-stm32.11.3.rel1.win32_1.1.100.202309141235/tools/bin/../lib/gcc/arm-none-eabi/11.3.1/../../../../arm-none-eabi/lib/thumb/v7e-m+fp/hard\libc_nano.a(libc_a-atoi.o) (_strtol_r)
C:/ST/STM32CubeIDE_1.13.1/STM32CubeIDE/plugins/com.st.stm32cube.ide.mcu.externaltools.gnu-tools-for-stm32.11.3.rel1.win32_1.1.100.202309141235/tools/bin/../lib/gcc/arm-none-eabi/11.3.1/../../../../arm-none-eabi/lib/thumb/v7e-m+fp/hard\libc_nano.a(libc_a-ctype_.o)
                              C:/ST/STM32CubeIDE_1.13.1/STM32CubeIDE/plugins/com.st.stm32cube.ide.mcu.externaltools.gnu-tools-for-stm32.11.3.rel1.win32_1.1.100.202309141235/tools/bin/../lib/gcc/arm-none-eabi/11.3.1/../../../../arm-none-eabi/lib/thumb/v7e-m+fp/hard\libc_nano.a(libc_a-strtol.o) (_ctype_)
C:/ST/STM32CubeIDE_1.13.1/STM32CubeIDE/plugins/com.st.stm32cube.ide.mcu.externaltools.gnu-tools-for-stm32.11.3.rel1.win32_1.1.100.202309141235/tools/bin/../lib/gcc/arm-none-eabi/11.3.1/../../../../arm-none-eabi/lib/thumb/v7e-m+fp/hard\libc_nano.a(libc_a-findfp.o)
                              C:/ST/STM32CubeIDE_1.13.1/STM32CubeIDE/plugins/com.st.stm32cube.ide.mcu.externaltools.gnu-tools-for-stm32.11.3.rel1.win32_1.1.100.202309141235/tools/bin/../lib/gcc/arm-none-eabi/11.3.1/../../../../arm-none-eabi/lib/thumb/v7e-m+fp/hard\libc_nano.a(libc_a-exit.o) (__stdio_exit_handler)
C:/ST/STM32CubeIDE_1.13.1/STM32CubeIDE/plugins/com.st.stm32cube.ide.mcu.externaltools.gnu-tools-for-stm32.11.3.rel1.win32_1.1.100.202309141235/tools/bin/../lib/gcc/arm-none-eabi/11.3.1/../../../../arm-none-eabi/lib/thumb/v7e-m+fp/hard\libc_nano.a(libc_a-fwalk.o)
                              C:/ST/STM32CubeIDE_1.13.1/STM32CubeIDE/plugins/com.st.stm32cube.ide.mcu.externaltools.gnu-tools-for-stm32.11.3.rel1.win32_1.1.100.202309141235/tools/bin/../lib/gcc/arm-none-eabi/11.3.1/../../../../arm-none-eabi/lib/thumb/v7e-m+fp/hard\libc_nano.a(libc_a-findfp.o) (_fwalk_sglue)
C:/ST/STM32CubeIDE_1.13.1/STM32CubeIDE/plugins/com.st.stm32cube.ide.mcu.externaltools.gnu-tools-for-stm32.11.3.rel1.win32_1.1.100.202309141235/tools/bin/../lib/gcc/arm-none-eabi/11.3.1/../../../../arm-none-eabi/lib/thumb/v7e-m+fp/hard\libc_nano.a(libc_a-snprintf.o)
                              ./Core/Src/main.o (snprintf)
C:/ST/STM32CubeIDE_1.13.1/STM32CubeIDE/plugins/com.st.stm32cube.ide.mcu.externaltools.gnu-tools-for-stm32.11.3.rel1.win32_1.1.100.202309141235/tools/bin/../lib/gcc/arm-none-eabi/11.3.1/../../../../arm-none-eabi/lib/thumb/v7e-m+fp/hard\libc_nano.a(libc_a-stdio.o)
                              C:/ST/STM32CubeIDE_1.13.1/STM32CubeIDE/plugins/com.st.stm32cube.ide.mcu.externaltools.gnu-tools-for-stm32.11.3.rel1.win32_1.1.100.202309141235/tools/bin/../lib/gcc/arm-none-eabi/11.3.1/../../../../arm-none-eabi/lib/thumb/v7e-m+fp/hard\libc_nano.a(libc_a-findfp.o) (__sread)
C:/ST/STM32CubeIDE_1.13.1/STM32CubeIDE/plugins/com.st.stm32cube.ide.mcu.externaltools.gnu-tools-for-stm32.11.3.rel1.win32_1.1.100.202309141235/tools/bin/../lib/gcc/arm-none-eabi/11.3.1/../../../../arm-none-eabi/lib/thumb/v7e-m+fp/hard\libc_nano.a(libc_a-memset.o)
                              C:/ST/STM32CubeIDE_1.13.1/STM32CubeIDE/plugins/com.st.stm32cube.ide.mcu.externaltools.gnu-tools-for-stm32.11.3.rel1.win32_1.1.100.202309141235/tools/bin/../lib/gcc/arm-none-eabi/11.3.1/../../../../arm-none-eabi/lib/thumb/v7e-m+fp/hard/crt0.o (memset)
C:/ST/STM32CubeIDE_1.13.1/STM32CubeIDE/plugins/com.st.stm32cube.ide.mcu.externaltools.gnu-tools-for-stm32.11.3.rel1.win32_1.1.100.202309141235/tools/bin/../lib/gcc/arm-none-eabi/11.3.1/../../../../arm-none-eabi/lib/thumb/v7e-m+fp/hard\libc_nano.a(libc_a-closer.o)
[...]
Memory Configuration

Name             Origin             Length             Attributes
RAM              0x0000000020000000 0x0000000000050000 xrw
FLASH            0x0000000008000000 0x0000000000100000 xr
*default*        0x0000000000000000 0xffffffffffffffff

Linker script and memory map

LOAD C:/ST/STM32CubeIDE_1.13.1/STM32CubeIDE/plugins/com.st.stm32cube.ide.mcu.externaltools.gnu-tools-for-stm32.11.3.rel1.win32_1.1.100.202309141235/tools/bin/../lib/gcc/arm-none-eabi/11.3.1/thumb/v7e-m+fp/hard/crti.o
LOAD C:/ST/STM32CubeIDE_1.13.1/STM32CubeIDE/plugins/com.st.stm32cube.ide.mcu.externaltools.gnu-tools-for-stm32.11.3.rel1.win32_1.1.100.202309141235/tools/bin/../lib/gcc/arm-none-eabi/11.3.1/thumb/v7e-m+fp/hard/crtbegin.o
LOAD C:/ST/STM32CubeIDE_1.13.1/STM32CubeIDE/plugins/com.st.stm32cube.ide.mcu.externaltools.gnu-tools-for-stm32.11.3.rel1.win32_1.1.100.202309141235/tools/bin/../lib/gcc/arm-none-eabi/11.3.1/../../../../arm-none-eabi/lib/thumb/v7e-m+fp/hard/crt0.o
LOAD ./Core/Src/INA219.o
LOAD ./Core/Src/bmp2.o
LOAD ./Core/Src/bmp2_config.o
LOAD ./Core/Src/gpio.o
LOAD ./Core/Src/i2c.o
LOAD ./Core/Src/keypad_4x4_lib.o
LOAD ./Core/Src/lcd_hd44780_lib.o
LOAD ./Core/Src/main.o
LOAD ./Core/Src/spi.o
LOAD ./Core/Src/stm32f7xx_hal_msp.o
LOAD ./Core/Src/stm32f7xx_it.o
LOAD ./Core/Src/syscalls.o
LOAD ./Core/Src/sysmem.o
LOAD ./Core/Src/system_stm32f7xx.o
LOAD ./Core/Src/tim.o
LOAD ./Core/Src/usart.o
LOAD ./Core/Startup/startup_stm32f746zgtx.o
LOAD ./Drivers/STM32F7xx_HAL_Driver/Src/stm32f7xx_hal.o
LOAD ./Drivers/STM32F7xx_HAL_Driver/Src/stm32f7xx_hal_cortex.o
LOAD ./Drivers/STM32F7xx_HAL_Driver/Src/stm32f7xx_hal_dma.o
LOAD ./Drivers/STM32F7xx_HAL_Driver/Src/stm32f7xx_hal_dma_ex.o
LOAD ./Drivers/STM32F7xx_HAL_Driver/Src/stm32f7xx_hal_exti.o
LOAD ./Drivers/STM32F7xx_HAL_Driver/Src/stm32f7xx_hal_flash.o
LOAD ./Drivers/STM32F7xx_HAL_Driver/Src/stm32f7xx_hal_flash_ex.o
LOAD ./Drivers/STM32F7xx_HAL_Driver/Src/stm32f7xx_hal_gpio.o
LOAD ./Drivers/STM32F7xx_HAL_Driver/Src/stm32f7xx_hal_i2c.o
LOAD ./Drivers/STM32F7xx_HAL_Driver/Src/stm32f7xx_hal_i2c_ex.o
LOAD ./Drivers/STM32F7xx_HAL_Driver/Src/stm32f7xx_hal_pwr.o
LOAD ./Drivers/STM32F7xx_HAL_Driver/Src/stm32f7xx_hal_pwr_ex.o
LOAD ./Drivers/STM32F7xx_HAL_Driver/Src/stm32f7xx_hal_rcc.o
LOAD ./Drivers/STM32F7xx_HAL_Driver/Src/stm32f7xx_hal_rcc_ex.o
LOAD ./Drivers/STM32F7xx_HAL_Driver/Src/stm32f7xx_hal_spi.o
LOAD ./Drivers/STM32F7xx_HAL_Driver/Src/stm32f7xx_hal_spi_ex.o
LOAD ./Drivers/STM32F7xx_HAL_Driver/Src/stm32f7xx_hal_tim.o
LOAD ./Drivers/STM32F7xx_HAL_Driver/Src/stm32f7xx_hal_tim_ex.o
LOAD ./Drivers/STM32F7xx_HAL_Driver/Src/stm32f7xx_hal_uart.o
LOAD ./Drivers/STM32F7xx_HAL_Driver/Src/stm32f7xx_hal_uart_ex.o
START GROUP
LOAD C:/ST/STM32CubeIDE_1.13.1/STM32CubeIDE/plugins/com.st.stm32cube.ide.mcu.externaltools.gnu-tools-for-stm32.11.3.rel1.win32_1.1.100.202309141235/tools/bin/../lib/gcc/arm-none-eabi/11.3.1/../../../../arm-none-eabi/lib/thumb/v7e-m+fp/hard\libc_nano.a
LOAD C:/ST/STM32CubeIDE_1.13.1/STM32CubeIDE/plugins/com.st.stm32cube.ide.mcu.externaltools.gnu-tools-for-stm32.11.3.rel1.win32_1.1.100.202309141235/tools/bin/../lib/gcc/arm-none-eabi/11.3.1/../../../../arm-none-eabi/lib/thumb/v7e-m+fp/hard\libm.a
END GROUP
START GROUP
LOAD C:/ST/STM32CubeIDE_1.13.1/STM32CubeIDE/plugins/com.st.stm32cube.ide.mcu.externaltools.gnu-tools-for-stm32.11.3.rel1.win32_1.1.100.202309141235/tools/bin/../lib/gcc/arm-none-eabi/11.3.1/thumb/v7e-m+fp/hard\libgcc.a
LOAD C:/ST/STM32CubeIDE_1.13.1/STM32CubeIDE/plugins/com.st.stm32cube.ide.mcu.externaltools.gnu-tools-for-stm32.11.3.rel1.win32_1.1.100.202309141235/tools/bin/../lib/gcc/arm-none-eabi/11.3.1/../../../../arm-none-eabi/lib/thumb/v7e-m+fp/hard\libc_nano.a
END GROUP
START GROUP
LOAD C:/ST/STM32CubeIDE_1.13.1/STM32CubeIDE/plugins/com.st.stm32cube.ide.mcu.externaltools.gnu-tools-for-stm32.11.3.rel1.win32_1.1.100.202309141235/tools/bin/../lib/gcc/arm-none-eabi/11.3.1/thumb/v7e-m+fp/hard\libgcc.a
LOAD C:/ST/STM32CubeIDE_1.13.1/STM32CubeIDE/plugins/com.st.stm32cube.ide.mcu.externaltools.gnu-tools-for-stm32.11.3.rel1.win32_1.1.100.202309141235/tools/bin/../lib/gcc/arm-none-eabi/11.3.1/../../../../arm-none-eabi/lib/thumb/v7e-m+fp/hard\libc_nano.a
LOAD C:/ST/STM32CubeIDE_1.13.1/STM32CubeIDE/plugins/com.st.stm32cube.ide.mcu.externaltools.gnu-tools-for-stm32.11.3.rel1.win32_1.1.100.202309141235/tools/bin/../lib/gcc/arm-none-eabi/11.3.1/../../../../arm-none-eabi/lib/thumb/v7e-m+fp/hard\libnosys.a
END GROUP
START GROUP
LOAD C:/ST/STM32CubeIDE_1.13.1/STM32CubeIDE/plugins/com.st.stm32cube.ide.mcu.externaltools.gnu-tools-for-stm32.11.3.rel1.win32_1.1.100.202309141235/tools/bin/../lib/gcc/arm-none-eabi/11.3.1/thumb/v7e-m+fp/hard\libgcc.a
LOAD C:/ST/STM32CubeIDE_1.13.1/STM32CubeIDE/plugins/com.st.stm32cube.ide.mcu.externaltools.gnu-tools-for-stm32.11.3.rel1.win32_1.1.100.202309141235/tools/bin/../lib/gcc/arm-none-eabi/11.3.1/../../../../arm-none-eabi/lib/thumb/v7e-m+fp/hard\libc_nano.a
LOAD C:/ST/STM32CubeIDE_1.13.1/STM32CubeIDE/plugins/com.st.stm32cube.ide.mcu.externaltools.gnu-tools-for-stm32.11.3.rel1.win32_1.1.100.202309141235/tools/bin/../lib/gcc/arm-none-eabi/11.3.1/../../../../arm-none-eabi/lib/thumb/v7e-m+fp/hard\libnosys.a
END GROUP
LOAD C:/ST/STM32CubeIDE_1.13.1/STM32CubeIDE/plugins/com.st.stm32cube.ide.mcu.externaltools.gnu-tools-for-stm32.11.3.rel1.win32_1.1.100.202309141235/tools/bin/../lib/gcc/arm-none-eabi/11.3.1/thumb/v7e-m+fp/hard/crtend.o
LOAD C:/ST/STM32CubeIDE_1.13.1/STM32CubeIDE/plugins/com.st.stm32cube.ide.mcu.externaltools.gnu-tools-for-stm32.11.3.rel1.win32_1.1.100.202309141235/tools/bin/../lib/gcc/arm-none-eabi/11.3.1/thumb/v7e-m+fp/hard/crtn.o
                0x0000000020050000                _estack = (ORIGIN (RAM) + LENGTH (RAM))
                0x0000000000000200                _Min_Heap_Size = 0x200
                0x0000000000000400                _Min_Stack_Size = 0x400

.isr_vector     0x0000000008000000      0x1c8
                0x0000000008000000                . = ALIGN (0x4)
 *(.isr_vector)
 .isr_vector    0x0000000008000000      0x1c8 ./Core/Startup/startup_stm32f746zgtx.o
                0x0000000008000000                g_pfnVectors
                0x00000000080001c8                . = ALIGN (0x4)

.text           0x00000000080001d0     0xbe08
                0x00000000080001d0                . = ALIGN (0x4)
 *(.text)
 .text          0x00000000080001d0       0x40 C:/ST/STM32CubeIDE_1.13.1/STM32CubeIDE/plugins/com.st.stm32cube.ide.mcu.externaltools.gnu-tools-for-stm32.11.3.rel1.win32_1.1.100.202309141235/tools/bin/../lib/gcc/arm-none-eabi/11.3.1/thumb/v7e-m+fp/hard/crtbegin.o
 .text          0x0000000008000210       0x14 C:/ST/STM32CubeIDE_1.13.1/STM32CubeIDE/plugins/com.st.stm32cube.ide.mcu.externaltools.gnu-tools-for-stm32.11.3.rel1.win32_1.1.100.202309141235/tools/bin/../lib/gcc/arm-none-eabi/11.3.1/../../../../arm-none-eabi/lib/thumb/v7e-m+fp/hard\libc_nano.a(libc_a-strcmp.o)
                0x0000000008000210                strcmp
 .text          0x0000000008000224       0x10 C:/ST/STM32CubeIDE_1.13.1/STM32CubeIDE/plugins/com.st.stm32cube.ide.mcu.externaltools.gnu-tools-for-stm32.11.3.rel1.win32_1.1.100.202309141235/tools/bin/../lib/gcc/arm-none-eabi/11.3.1/../../../../arm-none-eabi/lib/thumb/v7e-m+fp/hard\libc_nano.a(libc_a-strlen.o)
                0x0000000008000224                strlen
 *fill*         0x0000000008000234        0xc 
 .text          0x0000000008000240       0xa0 C:/ST/STM32CubeIDE_1.13.1/STM32CubeIDE/plugins/com.st.stm32cube.ide.mcu.externaltools.gnu-tools-for-stm32.11.3.rel1.win32_1.1.100.202309141235/tools/bin/../lib/gcc/arm-none-eabi/11.3.1/../../../../arm-none-eabi/lib/thumb/v7e-m+fp/hard\libc_nano.a(libc_a-memchr.o)
                0x0000000008000240                memchr
 .text          0x00000000080002e0      0x378 C:/ST/STM32CubeIDE_1.13.1/STM32CubeIDE/plugins/com.st.stm32cube.ide.mcu.externaltools.gnu-tools-for-stm32.11.3.rel1.win32_1.1.100.202309141235/tools/bin/../lib/gcc/arm-none-eabi/11.3.1/thumb/v7e-m+fp/hard\libgcc.a(_arm_addsubdf3.o)
                0x00000000080002e0                __aeabi_drsub
                0x00000000080002e8                __aeabi_dsub
                0x00000000080002e8                __subdf3
                0x00000000080002ec                __aeabi_dadd
                0x00000000080002ec                __adddf3
                0x0000000008000564                __floatunsidf
                0x0000000008000564                __aeabi_ui2d
                0x0000000008000584                __floatsidf
                0x0000000008000584                __aeabi_i2d
                0x00000000080005a8                __aeabi_f2d
                0x00000000080005a8                __extendsfdf2
                0x00000000080005ec                __floatundidf
                0x00000000080005ec                __aeabi_ul2d
                0x00000000080005fc                __floatdidf
                0x00000000080005fc                __aeabi_l2d
 .text          0x0000000008000658      0x424 C:/ST/STM32CubeIDE_1.13.1/STM32CubeIDE/plugins/com.st.stm32cube.ide.mcu.externaltools.gnu-tools-for-stm32.11.3.rel1.win32_1.1.100.202309141235/tools/bin/../lib/gcc/arm-none-eabi/11.3.1/thumb/v7e-m+fp/hard\libgcc.a(_arm_muldivdf3.o)
                0x0000000008000658                __aeabi_dmul
                0x0000000008000658                __muldf3
                0x00000000080008ac                __divdf3
                0x00000000080008ac                __aeabi_ddiv
 .text          0x0000000008000a7c      0x110 C:/ST/STM32CubeIDE_1.13.1/STM32CubeIDE/plugins/com.st.stm32cube.ide.mcu.externaltools.gnu-tools-for-stm32.11.3.rel1.win32_1.1.100.202309141235/tools/bin/../lib/gcc/arm-none-eabi/11.3.1/thumb/v7e-m+fp/hard\libgcc.a(_arm_cmpdf2.o)
                0x0000000008000a7c                __gtdf2
                0x0000000008000a7c                __gedf2
                0x0000000008000a84                __ltdf2
                0x0000000008000a84                __ledf2
                0x0000000008000a8c                __nedf2
                0x0000000008000a8c                __eqdf2
                0x0000000008000a8c                __cmpdf2
                0x0000000008000b08                __aeabi_cdrcmple
                0x0000000008000b18                __aeabi_cdcmpeq
                0x0000000008000b18                __aeabi_cdcmple
                0x0000000008000b28                __aeabi_dcmpeq
                0x0000000008000b3c                __aeabi_dcmplt
                0x0000000008000b50                __aeabi_dcmple
                0x0000000008000b64                __aeabi_dcmpge
                0x0000000008000b78                __aeabi_dcmpgt
 .text          0x0000000008000b8c       0x50 C:/ST/STM32CubeIDE_1.13.1/STM32CubeIDE/plugins/com.st.stm32cube.ide.mcu.externaltools.gnu-tools-for-stm32.11.3.rel1.win32_1.1.100.202309141235/tools/bin/../lib/gcc/arm-none-eabi/11.3.1/thumb/v7e-m+fp/hard\libgcc.a(_arm_fixdfsi.o)
                0x0000000008000b8c                __aeabi_d2iz
                0x0000000008000b8c                __fixdfsi
 .text          0x0000000008000bdc       0x40 C:/ST/STM32CubeIDE_1.13.1/STM32CubeIDE/plugins/com.st.stm32cube.ide.mcu.externaltools.gnu-tools-for-stm32.11.3.rel1.win32_1.1.100.202309141235/tools/bin/../lib/gcc/arm-none-eabi/11.3.1/thumb/v7e-m+fp/hard\libgcc.a(_arm_fixunsdfsi.o)
                0x0000000008000bdc                __aeabi_d2uiz
                0x0000000008000bdc                __fixunsdfsi
 .text          0x0000000008000c1c       0xa0 C:/ST/STM32CubeIDE_1.13.1/STM32CubeIDE/plugins/com.st.stm32cube.ide.mcu.externaltools.gnu-tools-for-stm32.11.3.rel1.win32_1.1.100.202309141235/tools/bin/../lib/gcc/arm-none-eabi/11.3.1/thumb/v7e-m+fp/hard\libgcc.a(_arm_truncdfsf2.o)
                0x0000000008000c1c                __truncdfsf2
                0x0000000008000c1c                __aeabi_d2f
 .text          0x0000000008000cbc       0x30 C:/ST/STM32CubeIDE_1.13.1/STM32CubeIDE/plugins/com.st.stm32cube.ide.mcu.externaltools.gnu-tools-for-stm32.11.3.rel1.win32_1.1.100.202309141235/tools/bin/../lib/gcc/arm-none-eabi/11.3.1/thumb/v7e-m+fp/hard\libgcc.a(_aeabi_uldivmod.o)
                0x0000000008000cbc                __aeabi_uldivmod
 .text          0x0000000008000cec      0x2c8 C:/ST/STM32CubeIDE_1.13.1/STM32CubeIDE/plugins/com.st.stm32cube.ide.mcu.externaltools.gnu-tools-for-stm32.11.3.rel1.win32_1.1.100.202309141235/tools/bin/../lib/gcc/arm-none-eabi/11.3.1/thumb/v7e-m+fp/hard\libgcc.a(_udivmoddi4.o)
                0x0000000008000cec                __udivmoddi4
 .text          0x0000000008000fb4        0x4 C:/ST/STM32CubeIDE_1.13.1/STM32CubeIDE/plugins/com.st.stm32cube.ide.mcu.externaltools.gnu-tools-for-stm32.11.3.rel1.win32_1.1.100.202309141235/tools/bin/../lib/gcc/arm-none-eabi/11.3.1/thumb/v7e-m+fp/hard\libgcc.a(_dvmd_tls.o)
                0x0000000008000fb4                __aeabi_idiv0
                0x0000000008000fb4                __aeabi_ldiv0
 *(.text*)
 .text.Read16   0x0000000008000fb8       0x44 ./Core/Src/INA219.o
                0x0000000008000fb8                Read16
 .text.Write16  0x0000000008000ffc       0x48 ./Core/Src/INA219.o
                0x0000000008000ffc                Write16
 .text.INA219_ReadBusVoltage
                0x0000000008001044       0x26 ./Core/Src/INA219.o
                0x0000000008001044                INA219_ReadBusVoltage
 .text.INA219_ReadCurrent_raw
                0x000000000800106a       0x20 ./Core/Src/INA219.o
                0x000000000800106a                INA219_ReadCurrent_raw
 *fill*         0x000000000800108a        0x2 
 .text.INA219_ReadCurrent
                0x000000000800108c       0x30 ./Core/Src/INA219.o
                0x000000000800108c                INA219_ReadCurrent
 *fill*         0x00000000080010bc        0x4 
 .text.INA219_ReadShuntVolage
                0x00000000080010c0       0x48 ./Core/Src/INA219.o
                0x00000000080010c0                INA219_ReadShuntVolage
 .text.INA219_Reset
                0x0000000008001108       0x22 ./Core/Src/INA219.o
                0x0000000008001108                INA219_Reset
 .text.INA219_setCalibration
                0x000000000800112a       0x20 ./Core/Src/INA219.o
                0x000000000800112a                INA219_setCalibration
 .text.INA219_setConfig
                0x000000000800114a       0x20 ./Core/Src/INA219.o
                0x000000000800114a                INA219_setConfig
 *fill*         0x000000000800116a        0x2 
 .text.INA219_setCalibration_16V_400mA
                0x000000000800116c       0x4c ./Core/Src/INA219.o
                0x000000000800116c                INA219_setCalibration_16V_400mA
 .text.INA219_Init
                0x00000000080011b8       0x64 ./Core/Src/INA219.o
                0x00000000080011b8                INA219_Init
 .text.bmp2_init
                0x000000000800121c       0x56 ./Core/Src/bmp2.o
                0x000000000800121c                bmp2_init
 .text.bmp2_get_regs
                0x0000000008001272       0x70 ./Core/Src/bmp2.o
                0x0000000008001272                bmp2_get_regs
 .text.bmp2_set_regs
                0x00000000080012e2       0xe4 ./Core/Src/bmp2.o
                0x00000000080012e2                bmp2_set_regs
 .text.bmp2_soft_reset
                0x00000000080013c6       0x30 ./Core/Src/bmp2.o
                0x00000000080013c6                bmp2_soft_reset
 .text.bmp2_get_config
                0x00000000080013f6       0x80 ./Core/Src/bmp2.o
                0x00000000080013f6                bmp2_get_config
 .text.bmp2_set_config
                0x0000000008001476       0x1e ./Core/Src/bmp2.o
                0x0000000008001476                bmp2_set_config
 .text.bmp2_get_status
                0x0000000008001494       0x58 ./Core/Src/bmp2.o
                0x0000000008001494                bmp2_get_status
 .text.bmp2_set_power_mode
                0x00000000080014ec       0x2a ./Core/Src/bmp2.o
                0x00000000080014ec                bmp2_set_power_mode
 .text.bmp2_get_sensor_data
                0x0000000008001516       0x7c ./Core/Src/bmp2.o
                0x0000000008001516                bmp2_get_sensor_data
 .text.bmp2_compensate_data
                0x0000000008001592       0x82 ./Core/Src/bmp2.o
                0x0000000008001592                bmp2_compensate_data
 .text.bmp2_compute_meas_time
                0x0000000008001614       0xa4 ./Core/Src/bmp2.o
                0x0000000008001614                bmp2_compute_meas_time
 .text.null_ptr_check
                0x00000000080016b8       0x40 ./Core/Src/bmp2.o
 .text.interleave_data
                0x00000000080016f8       0x56 ./Core/Src/bmp2.o
 .text.get_calib_param
                0x000000000800174e      0x136 ./Core/Src/bmp2.o
 .text.conf_sensor
                0x0000000008001884      0x118 ./Core/Src/bmp2.o
 .text.set_os_mode
                0x000000000800199c      0x138 ./Core/Src/bmp2.o
 .text.parse_sensor_data
                0x0000000008001ad4       0x86 ./Core/Src/bmp2.o
 *fill*         0x0000000008001b5a        0x2 
 .text.compensate_temperature
                0x0000000008001b5c      0x1ec ./Core/Src/bmp2.o
 .text.compensate_pressure
                0x0000000008001d48      0x3c8 ./Core/Src/bmp2.o
 .text.st_check_boundaries
                0x0000000008002110       0x8c ./Core/Src/bmp2.o
 .text.BMP2_Init
                0x000000000800219c       0x70 ./Core/Src/bmp2_config.o
                0x000000000800219c                BMP2_Init
 .text.bmp2_spi_read
                0x000000000800220c       0x80 ./Core/Src/bmp2_config.o
                0x000000000800220c                bmp2_spi_read
 .text.bmp2_spi_write
                0x000000000800228c       0x80 ./Core/Src/bmp2_config.o
                0x000000000800228c                bmp2_spi_write
 .text.bmp2_delay_us
                0x000000000800230c       0x28 ./Core/Src/bmp2_config.o
                0x000000000800230c                bmp2_delay_us
 .text.BMP2_ReadData
                0x0000000008002334       0xc8 ./Core/Src/bmp2_config.o
                0x0000000008002334                BMP2_ReadData
 .text.MX_GPIO_Init
                0x00000000080023fc      0x240 ./Core/Src/gpio.o
                0x00000000080023fc                MX_GPIO_Init
 .text.MX_I2C1_Init
                0x000000000800263c       0x80 ./Core/Src/i2c.o
                0x000000000800263c                MX_I2C1_Init
 .text.MX_I2C2_Init
                0x00000000080026bc       0x80 ./Core/Src/i2c.o
                0x00000000080026bc                MX_I2C2_Init
 .text.HAL_I2C_MspInit
                0x000000000800273c      0x14c ./Core/Src/i2c.o
                0x000000000800273c                HAL_I2C_MspInit
 .text.keypad_config
                0x0000000008002888       0x68 ./Core/Src/keypad_4x4_lib.o
                0x0000000008002888                keypad_config
 .text.keypad_readkey
                0x00000000080028f0       0x94 ./Core/Src/keypad_4x4_lib.o
                0x00000000080028f0                keypad_readkey
 .text.LCD_WriteNibble
                0x0000000008002984       0x78 ./Core/Src/lcd_hd44780_lib.o
                0x0000000008002984                LCD_WriteNibble
 .text.LCD_ReadNibble
                0x00000000080029fc       0x90 ./Core/Src/lcd_hd44780_lib.o
                0x00000000080029fc                LCD_ReadNibble
 .text.LCD_ReadStatus
                0x0000000008002a8c       0x98 ./Core/Src/lcd_hd44780_lib.o
                0x0000000008002a8c                LCD_ReadStatus
 .text.LCD_WriteData
                0x0000000008002b24       0x58 ./Core/Src/lcd_hd44780_lib.o
                0x0000000008002b24                LCD_WriteData
 .text.LCD_WriteCommand
                0x0000000008002b7c       0x4c ./Core/Src/lcd_hd44780_lib.o
                0x0000000008002b7c                LCD_WriteCommand
 .text.LCD_WriteText
                0x0000000008002bc8       0x2a ./Core/Src/lcd_hd44780_lib.o
                0x0000000008002bc8                LCD_WriteText
 .text.LCD_GoTo
                0x0000000008002bf2       0x34 ./Core/Src/lcd_hd44780_lib.o
                0x0000000008002bf2                LCD_GoTo
 .text.LCD_WriteTextXY
                0x0000000008002c26       0x3e ./Core/Src/lcd_hd44780_lib.o
                0x0000000008002c26                LCD_WriteTextXY
 .text.LCD_Initialize
                0x0000000008002c64       0xf0 ./Core/Src/lcd_hd44780_lib.o
                0x0000000008002c64                LCD_Initialize
 .text.move_menu
                0x0000000008002d54       0xcc ./Core/Src/main.o
                0x0000000008002d54                move_menu
 .text.roundToTwoDecimals
                0x0000000008002e20       0x6c ./Core/Src/main.o
                0x0000000008002e20                roundToTwoDecimals
 .text.PowerSupply_SetState
                0x0000000008002e8c       0x24 ./Core/Src/main.o
                0x0000000008002e8c                PowerSupply_SetState
 .text.PowerSupply_Off
                0x0000000008002eb0       0x1c ./Core/Src/main.o
                0x0000000008002eb0                PowerSupply_Off
 .text.PowerSupply_On
                0x0000000008002ecc       0x1c ./Core/Src/main.o
                0x0000000008002ecc                PowerSupply_On
 .text.Battery_SetState
                0x0000000008002ee8       0x24 ./Core/Src/main.o
                0x0000000008002ee8                Battery_SetState
 .text.Battery_Off
                0x0000000008002f0c       0x1c ./Core/Src/main.o
                0x0000000008002f0c                Battery_Off
 .text.Battery_On
                0x0000000008002f28       0x1c ./Core/Src/main.o
                0x0000000008002f28                Battery_On
 .text.Output_SetState
                0x0000000008002f44       0x24 ./Core/Src/main.o
                0x0000000008002f44                Output_SetState
 .text.Output_On
                0x0000000008002f68       0x1c ./Core/Src/main.o
                0x0000000008002f68                Output_On
 .text.sendBluetoothData
                0x0000000008002f84       0x48 ./Core/Src/main.o
                0x0000000008002f84                sendBluetoothData
 .text.HAL_UART_RxCpltCallback
                0x0000000008002fcc       0x54 ./Core/Src/main.o
                0x0000000008002fcc                HAL_UART_RxCpltCallback
 .text.HAL_TIM_PeriodElapsedCallback
                0x0000000008003020       0x94 ./Core/Src/main.o
                0x0000000008003020                HAL_TIM_PeriodElapsedCallback
 *fill*         0x00000000080030b4        0x4 
 .text.main     0x00000000080030b8     0x19e4 ./Core/Src/main.o
                0x00000000080030b8                main
 .text.SystemClock_Config
                0x0000000008004a9c       0xd0 ./Core/Src/main.o
                0x0000000008004a9c                SystemClock_Config
 .text.Error_Handler
                0x0000000008004b6c        0xa ./Core/Src/main.o
                0x0000000008004b6c                Error_Handler
 *fill*         0x0000000008004b76        0x2 
 .text.MX_SPI4_Init
                0x0000000008004b78       0x7c ./Core/Src/spi.o
                0x0000000008004b78                MX_SPI4_Init
 .text.HAL_SPI_MspInit
                0x0000000008004bf4       0x98 ./Core/Src/spi.o
                0x0000000008004bf4                HAL_SPI_MspInit
 .text.HAL_MspInit
                0x0000000008004c8c       0x48 ./Core/Src/stm32f7xx_hal_msp.o
                0x0000000008004c8c                HAL_MspInit
 .text.NMI_Handler
                0x0000000008004cd4        0x6 ./Core/Src/stm32f7xx_it.o
                0x0000000008004cd4                NMI_Handler
 .text.HardFault_Handler
                0x0000000008004cda        0x6 ./Core/Src/stm32f7xx_it.o
                0x0000000008004cda                HardFault_Handler
 .text.MemManage_Handler
                0x0000000008004ce0        0x6 ./Core/Src/stm32f7xx_it.o
                0x0000000008004ce0                MemManage_Handler
 .text.BusFault_Handler
                0x0000000008004ce6        0x6 ./Core/Src/stm32f7xx_it.o
                0x0000000008004ce6                BusFault_Handler
 .text.UsageFault_Handler
                0x0000000008004cec        0x6 ./Core/Src/stm32f7xx_it.o
                0x0000000008004cec                UsageFault_Handler
 .text.SVC_Handler
                0x0000000008004cf2        0xe ./Core/Src/stm32f7xx_it.o
                0x0000000008004cf2                SVC_Handler
 .text.DebugMon_Handler
                0x0000000008004d00        0xe ./Core/Src/stm32f7xx_it.o
                0x0000000008004d00                DebugMon_Handler
 .text.PendSV_Handler
                0x0000000008004d0e        0xe ./Core/Src/stm32f7xx_it.o
                0x0000000008004d0e                PendSV_Handler
 .text.SysTick_Handler
                0x0000000008004d1c        0xc ./Core/Src/stm32f7xx_it.o
                0x0000000008004d1c                SysTick_Handler
 .text.TIM1_CC_IRQHandler
                0x0000000008004d28       0x14 ./Core/Src/stm32f7xx_it.o
                0x0000000008004d28                TIM1_CC_IRQHandler
 .text.TIM2_IRQHandler
                0x0000000008004d3c       0x14 ./Core/Src/stm32f7xx_it.o
                0x0000000008004d3c                TIM2_IRQHandler
 .text.TIM3_IRQHandler
                0x0000000008004d50       0x14 ./Core/Src/stm32f7xx_it.o
                0x0000000008004d50                TIM3_IRQHandler
 .text.TIM4_IRQHandler
                0x0000000008004d64       0x14 ./Core/Src/stm32f7xx_it.o
                0x0000000008004d64                TIM4_IRQHandler
 .text.EXTI15_10_IRQHandler
                0x0000000008004d78       0x10 ./Core/Src/stm32f7xx_it.o
                0x0000000008004d78                EXTI15_10_IRQHandler
 .text.SPI4_IRQHandler
                0x0000000008004d88       0x14 ./Core/Src/stm32f7xx_it.o
                0x0000000008004d88                SPI4_IRQHandler
 .text._sbrk    0x0000000008004d9c       0x6c ./Core/Src/sysmem.o
                0x0000000008004d9c                _sbrk
 .text.SystemInit
                0x0000000008004e08       0x24 ./Core/Src/system_stm32f7xx.o
                0x0000000008004e08                SystemInit
 .text.MX_TIM1_Init
                0x0000000008004e2c      0x1a0 ./Core/Src/tim.o
                0x0000000008004e2c                MX_TIM1_Init
 .text.MX_TIM2_Init
                0x0000000008004fcc      0x124 ./Core/Src/tim.o
                0x0000000008004fcc                MX_TIM2_Init
 .text.MX_TIM3_Init
                0x00000000080050f0       0xf0 ./Core/Src/tim.o
                0x00000000080050f0                MX_TIM3_Init
 .text.MX_TIM4_Init
                0x00000000080051e0      0x10c ./Core/Src/tim.o
                0x00000000080051e0                MX_TIM4_Init
 .text.HAL_TIM_Base_MspInit
                0x00000000080052ec       0xf0 ./Core/Src/tim.o
                0x00000000080052ec                HAL_TIM_Base_MspInit
 .text.HAL_TIM_MspPostInit
                0x00000000080053dc      0x1cc ./Core/Src/tim.o
                0x00000000080053dc                HAL_TIM_MspPostInit
 .text.MX_USART6_UART_Init
                0x00000000080055a8       0x60 ./Core/Src/usart.o
                0x00000000080055a8                MX_USART6_UART_Init
 .text.HAL_UART_MspInit
                0x0000000008005608       0xc0 ./Core/Src/usart.o
                0x0000000008005608                HAL_UART_MspInit
 .text.Reset_Handler
                0x00000000080056c8       0x50 ./Core/Startup/startup_stm32f746zgtx.o
                0x00000000080056c8                Reset_Handler
 .text.Default_Handler
                0x0000000008005718        0x2 ./Core/Startup/startup_stm32f746zgtx.o
                0x0000000008005718                RTC_Alarm_IRQHandler
                0x0000000008005718                EXTI2_IRQHandler
                0x0000000008005718                TIM8_CC_IRQHandler
                0x0000000008005718                UART8_IRQHandler
                0x0000000008005718                DMA2_Stream5_IRQHandler
                0x0000000008005718                DMA1_Stream5_IRQHandler
                0x0000000008005718                PVD_IRQHandler
                0x0000000008005718                TAMP_STAMP_IRQHandler
                0x0000000008005718                CAN2_RX1_IRQHandler
                0x0000000008005718                EXTI3_IRQHandler
                0x0000000008005718                TIM8_TRG_COM_TIM14_IRQHandler
                0x0000000008005718                TIM1_UP_TIM10_IRQHandler
                0x0000000008005718                TIM8_UP_TIM13_IRQHandler
                0x0000000008005718                I2C3_ER_IRQHandler
                0x0000000008005718                EXTI0_IRQHandler
                0x0000000008005718                I2C2_EV_IRQHandler
                0x0000000008005718                DMA1_Stream2_IRQHandler
                0x0000000008005718                CAN1_RX0_IRQHandler
                0x0000000008005718                FPU_IRQHandler
                0x0000000008005718                OTG_HS_WKUP_IRQHandler
                0x0000000008005718                LTDC_ER_IRQHandler
                0x0000000008005718                CAN2_SCE_IRQHandler
                0x0000000008005718                DMA2_Stream2_IRQHandler
                0x0000000008005718                SPI1_IRQHandler
                0x0000000008005718                TIM6_DAC_IRQHandler
                0x0000000008005718                TIM1_BRK_TIM9_IRQHandler
                0x0000000008005718                DCMI_IRQHandler
                0x0000000008005718                CAN2_RX0_IRQHandler
                0x0000000008005718                DMA2_Stream3_IRQHandler
                0x0000000008005718                SAI2_IRQHandler
                0x0000000008005718                USART6_IRQHandler
                0x0000000008005718                USART3_IRQHandler
                0x0000000008005718                CAN1_RX1_IRQHandler
                0x0000000008005718                UART5_IRQHandler
                0x0000000008005718                DMA2_Stream0_IRQHandler
                0x0000000008005718                QUADSPI_IRQHandler
                0x0000000008005718                I2C1_EV_IRQHandler
                0x0000000008005718                DMA1_Stream6_IRQHandler
                0x0000000008005718                DMA1_Stream1_IRQHandler
                0x0000000008005718                UART4_IRQHandler
                0x0000000008005718                RCC_IRQHandler
                0x0000000008005718                TIM8_BRK_TIM12_IRQHandler
                0x0000000008005718                Default_Handler
                0x0000000008005718                CEC_IRQHandler
                0x0000000008005718                ADC_IRQHandler
                0x0000000008005718                DMA1_Stream7_IRQHandler
                0x0000000008005718                SPI5_IRQHandler
                0x0000000008005718                TIM7_IRQHandler
                0x0000000008005718                SDMMC1_IRQHandler
                0x0000000008005718                CAN2_TX_IRQHandler
                0x0000000008005718                TIM5_IRQHandler
                0x0000000008005718                DMA2_Stream7_IRQHandler
                0x0000000008005718                I2C3_EV_IRQHandler
                0x0000000008005718                EXTI9_5_IRQHandler
                0x0000000008005718                RTC_WKUP_IRQHandler
                0x0000000008005718                LTDC_IRQHandler
                0x0000000008005718                ETH_WKUP_IRQHandler
                0x0000000008005718                SPDIF_RX_IRQHandler
                0x0000000008005718                SPI2_IRQHandler
                0x0000000008005718                OTG_HS_EP1_IN_IRQHandler
                0x0000000008005718                DMA1_Stream0_IRQHandler
                0x0000000008005718                CAN1_TX_IRQHandler
                0x0000000008005718                EXTI4_IRQHandler
                0x0000000008005718                RNG_IRQHandler
                0x0000000008005718                ETH_IRQHandler
                0x0000000008005718                OTG_HS_EP1_OUT_IRQHandler
                0x0000000008005718                WWDG_IRQHandler
                0x0000000008005718                SPI6_IRQHandler
                0x0000000008005718                I2C4_EV_IRQHandler
                0x0000000008005718                OTG_FS_WKUP_IRQHandler
                0x0000000008005718                TIM1_TRG_COM_TIM11_IRQHandler
                0x0000000008005718                OTG_HS_IRQHandler
                0x0000000008005718                DMA2D_IRQHandler
                0x0000000008005718                EXTI1_IRQHandler
                0x0000000008005718                UART7_IRQHandler
                0x0000000008005718                USART2_IRQHandler
                0x0000000008005718                I2C2_ER_IRQHandler
                0x0000000008005718                DMA2_Stream1_IRQHandler
                0x0000000008005718                CAN1_SCE_IRQHandler
                0x0000000008005718                FLASH_IRQHandler
                0x0000000008005718                DMA2_Stream4_IRQHandler
                0x0000000008005718                USART1_IRQHandler
                0x0000000008005718                OTG_FS_IRQHandler
                0x0000000008005718                SPI3_IRQHandler
                0x0000000008005718                DMA1_Stream4_IRQHandler
                0x0000000008005718                I2C1_ER_IRQHandler
                0x0000000008005718                FMC_IRQHandler
                0x0000000008005718                LPTIM1_IRQHandler
                0x0000000008005718                I2C4_ER_IRQHandler
                0x0000000008005718                DMA2_Stream6_IRQHandler
                0x0000000008005718                SAI1_IRQHandler
                0x0000000008005718                DMA1_Stream3_IRQHandler
 .text.HAL_Init
                0x000000000800571a       0x1a ./Drivers/STM32F7xx_HAL_Driver/Src/stm32f7xx_hal.o
                0x000000000800571a                HAL_Init
 .text.HAL_InitTick
                0x0000000008005734       0x60 ./Drivers/STM32F7xx_HAL_Driver/Src/stm32f7xx_hal.o
                0x0000000008005734                HAL_InitTick
 .text.HAL_IncTick
                0x0000000008005794       0x28 ./Drivers/STM32F7xx_HAL_Driver/Src/stm32f7xx_hal.o
                0x0000000008005794                HAL_IncTick
 .text.HAL_GetTick
                0x00000000080057bc       0x18 ./Drivers/STM32F7xx_HAL_Driver/Src/stm32f7xx_hal.o
                0x00000000080057bc                HAL_GetTick
 .text.HAL_Delay
                0x00000000080057d4       0x48 ./Drivers/STM32F7xx_HAL_Driver/Src/stm32f7xx_hal.o
                0x00000000080057d4                HAL_Delay
 .text.__NVIC_SetPriorityGrouping
                0x000000000800581c       0x48 ./Drivers/STM32F7xx_HAL_Driver/Src/stm32f7xx_hal_cortex.o
 .text.__NVIC_GetPriorityGrouping
                0x0000000008005864       0x1c ./Drivers/STM32F7xx_HAL_Driver/Src/stm32f7xx_hal_cortex.o
 .text.__NVIC_EnableIRQ
                0x0000000008005880       0x3c ./Drivers/STM32F7xx_HAL_Driver/Src/stm32f7xx_hal_cortex.o
 .text.__NVIC_SetPriority
                0x00000000080058bc       0x54 ./Drivers/STM32F7xx_HAL_Driver/Src/stm32f7xx_hal_cortex.o
 .text.NVIC_EncodePriority
                0x0000000008005910       0x66 ./Drivers/STM32F7xx_HAL_Driver/Src/stm32f7xx_hal_cortex.o
 *fill*         0x0000000008005976        0x2 
 .text.SysTick_Config
                0x0000000008005978       0x44 ./Drivers/STM32F7xx_HAL_Driver/Src/stm32f7xx_hal_cortex.o
 .text.HAL_NVIC_SetPriorityGrouping
                0x00000000080059bc       0x16 ./Drivers/STM32F7xx_HAL_Driver/Src/stm32f7xx_hal_cortex.o
                0x00000000080059bc                HAL_NVIC_SetPriorityGrouping
 .text.HAL_NVIC_SetPriority
                0x00000000080059d2       0x38 ./Drivers/STM32F7xx_HAL_Driver/Src/stm32f7xx_hal_cortex.o
                0x00000000080059d2                HAL_NVIC_SetPriority
 .text.HAL_NVIC_EnableIRQ
                0x0000000008005a0a       0x1c ./Drivers/STM32F7xx_HAL_Driver/Src/stm32f7xx_hal_cortex.o
                0x0000000008005a0a                HAL_NVIC_EnableIRQ
 .text.HAL_SYSTICK_Config
                0x0000000008005a26       0x18 ./Drivers/STM32F7xx_HAL_Driver/Src/stm32f7xx_hal_cortex.o
                0x0000000008005a26                HAL_SYSTICK_Config
 .text.HAL_DMA_Abort_IT
                0x0000000008005a3e       0x44 ./Drivers/STM32F7xx_HAL_Driver/Src/stm32f7xx_hal_dma.o
                0x0000000008005a3e                HAL_DMA_Abort_IT
 *fill*         0x0000000008005a82        0x2 
 .text.HAL_GPIO_Init
                0x0000000008005a84      0x358 ./Drivers/STM32F7xx_HAL_Driver/Src/stm32f7xx_hal_gpio.o
                0x0000000008005a84                HAL_GPIO_Init
 .text.HAL_GPIO_ReadPin
                0x0000000008005ddc       0x30 ./Drivers/STM32F7xx_HAL_Driver/Src/stm32f7xx_hal_gpio.o
                0x0000000008005ddc                HAL_GPIO_ReadPin
 .text.HAL_GPIO_WritePin
                0x0000000008005e0c       0x32 ./Drivers/STM32F7xx_HAL_Driver/Src/stm32f7xx_hal_gpio.o
                0x0000000008005e0c                HAL_GPIO_WritePin
 .text.HAL_GPIO_TogglePin
                0x0000000008005e3e       0x34 ./Drivers/STM32F7xx_HAL_Driver/Src/stm32f7xx_hal_gpio.o
                0x0000000008005e3e                HAL_GPIO_TogglePin
 *fill*         0x0000000008005e72        0x2 
 .text.HAL_GPIO_EXTI_IRQHandler
                0x0000000008005e74       0x30 ./Drivers/STM32F7xx_HAL_Driver/Src/stm32f7xx_hal_gpio.o
                0x0000000008005e74                HAL_GPIO_EXTI_IRQHandler
 .text.HAL_GPIO_EXTI_Callback
                0x0000000008005ea4       0x16 ./Drivers/STM32F7xx_HAL_Driver/Src/stm32f7xx_hal_gpio.o
                0x0000000008005ea4                HAL_GPIO_EXTI_Callback
 *fill*         0x0000000008005eba        0x2 
 .text.HAL_I2C_Init
                0x0000000008005ebc      0x120 ./Drivers/STM32F7xx_HAL_Driver/Src/stm32f7xx_hal_i2c.o
                0x0000000008005ebc                HAL_I2C_Init
 .text.HAL_I2C_Mem_Write
                0x0000000008005fdc      0x228 ./Drivers/STM32F7xx_HAL_Driver/Src/stm32f7xx_hal_i2c.o
                0x0000000008005fdc                HAL_I2C_Mem_Write
 .text.HAL_I2C_Mem_Read
                0x0000000008006204      0x234 ./Drivers/STM32F7xx_HAL_Driver/Src/stm32f7xx_hal_i2c.o
                0x0000000008006204                HAL_I2C_Mem_Read
 .text.HAL_I2C_IsDeviceReady
                0x0000000008006438      0x210 ./Drivers/STM32F7xx_HAL_Driver/Src/stm32f7xx_hal_i2c.o
                0x0000000008006438                HAL_I2C_IsDeviceReady
 .text.I2C_RequestMemoryWrite
                0x0000000008006648       0xa8 ./Drivers/STM32F7xx_HAL_Driver/Src/stm32f7xx_hal_i2c.o
 .text.I2C_RequestMemoryRead
                0x00000000080066f0       0xa8 ./Drivers/STM32F7xx_HAL_Driver/Src/stm32f7xx_hal_i2c.o
 .text.I2C_Flush_TXDR
                0x0000000008006798       0x48 ./Drivers/STM32F7xx_HAL_Driver/Src/stm32f7xx_hal_i2c.o
 .text.I2C_WaitOnFlagUntilTimeout
                0x00000000080067e0       0x80 ./Drivers/STM32F7xx_HAL_Driver/Src/stm32f7xx_hal_i2c.o
 .text.I2C_WaitOnTXISFlagUntilTimeout
                0x0000000008006860       0x80 ./Drivers/STM32F7xx_HAL_Driver/Src/stm32f7xx_hal_i2c.o
 .text.I2C_WaitOnSTOPFlagUntilTimeout
                0x00000000080068e0       0x78 ./Drivers/STM32F7xx_HAL_Driver/Src/stm32f7xx_hal_i2c.o
 .text.I2C_IsErrorOccurred
                0x0000000008006958      0x1c0 ./Drivers/STM32F7xx_HAL_Driver/Src/stm32f7xx_hal_i2c.o
 .text.I2C_TransferConfig
                0x0000000008006b18       0x64 ./Drivers/STM32F7xx_HAL_Driver/Src/stm32f7xx_hal_i2c.o
 .text.HAL_I2CEx_ConfigAnalogFilter
                0x0000000008006b7c       0x96 ./Drivers/STM32F7xx_HAL_Driver/Src/stm32f7xx_hal_i2c_ex.o
                0x0000000008006b7c                HAL_I2CEx_ConfigAnalogFilter
 .text.HAL_I2CEx_ConfigDigitalFilter
                0x0000000008006c12       0x98 ./Drivers/STM32F7xx_HAL_Driver/Src/stm32f7xx_hal_i2c_ex.o
                0x0000000008006c12                HAL_I2CEx_ConfigDigitalFilter
 *fill*         0x0000000008006caa        0x2 
 .text.HAL_PWR_EnableBkUpAccess
                0x0000000008006cac       0x20 ./Drivers/STM32F7xx_HAL_Driver/Src/stm32f7xx_hal_pwr.o
                0x0000000008006cac                HAL_PWR_EnableBkUpAccess
 .text.HAL_RCC_OscConfig
                0x0000000008006ccc      0x548 ./Drivers/STM32F7xx_HAL_Driver/Src/stm32f7xx_hal_rcc.o
                0x0000000008006ccc                HAL_RCC_OscConfig
 .text.HAL_RCC_ClockConfig
                0x0000000008007214      0x1d8 ./Drivers/STM32F7xx_HAL_Driver/Src/stm32f7xx_hal_rcc.o
                0x0000000008007214                HAL_RCC_ClockConfig
 .text.HAL_RCC_GetSysClockFreq
                0x00000000080073ec      0x20c ./Drivers/STM32F7xx_HAL_Driver/Src/stm32f7xx_hal_rcc.o
                0x00000000080073ec                HAL_RCC_GetSysClockFreq
 .text.HAL_RCC_GetHCLKFreq
                0x00000000080075f8       0x18 ./Drivers/STM32F7xx_HAL_Driver/Src/stm32f7xx_hal_rcc.o
                0x00000000080075f8                HAL_RCC_GetHCLKFreq
 .text.HAL_RCC_GetPCLK1Freq
                0x0000000008007610       0x28 ./Drivers/STM32F7xx_HAL_Driver/Src/stm32f7xx_hal_rcc.o
                0x0000000008007610                HAL_RCC_GetPCLK1Freq
 .text.HAL_RCC_GetPCLK2Freq
                0x0000000008007638       0x28 ./Drivers/STM32F7xx_HAL_Driver/Src/stm32f7xx_hal_rcc.o
                0x0000000008007638                HAL_RCC_GetPCLK2Freq
 .text.HAL_RCCEx_PeriphCLKConfig
                0x0000000008007660      0x7e0 ./Drivers/STM32F7xx_HAL_Driver/Src/stm32f7xx_hal_rcc_ex.o
                0x0000000008007660                HAL_RCCEx_PeriphCLKConfig
 .text.HAL_SPI_Init
                0x0000000008007e40      0x156 ./Drivers/STM32F7xx_HAL_Driver/Src/stm32f7xx_hal_spi.o
                0x0000000008007e40                HAL_SPI_Init
 .text.HAL_SPI_Transmit
                0x0000000008007f96      0x2dc ./Drivers/STM32F7xx_HAL_Driver/Src/stm32f7xx_hal_spi.o
                0x0000000008007f96                HAL_SPI_Transmit
 .text.HAL_SPI_Receive
                0x0000000008008272      0x260 ./Drivers/STM32F7xx_HAL_Driver/Src/stm32f7xx_hal_spi.o
                0x0000000008008272                HAL_SPI_Receive
 .text.HAL_SPI_TransmitReceive
                0x00000000080084d2      0x426 ./Drivers/STM32F7xx_HAL_Driver/Src/stm32f7xx_hal_spi.o
                0x00000000080084d2                HAL_SPI_TransmitReceive
 .text.HAL_SPI_IRQHandler
                0x00000000080088f8      0x1e8 ./Drivers/STM32F7xx_HAL_Driver/Src/stm32f7xx_hal_spi.o
                0x00000000080088f8                HAL_SPI_IRQHandler
 .text.HAL_SPI_ErrorCallback
                0x0000000008008ae0       0x14 ./Drivers/STM32F7xx_HAL_Driver/Src/stm32f7xx_hal_spi.o
                0x0000000008008ae0                HAL_SPI_ErrorCallback
 .text.SPI_DMAAbortOnError
                0x0000000008008af4       0x2a ./Drivers/STM32F7xx_HAL_Driver/Src/stm32f7xx_hal_spi.o
 *fill*         0x0000000008008b1e        0x2 
 .text.SPI_WaitFlagStateUntilTimeout
                0x0000000008008b20      0x110 ./Drivers/STM32F7xx_HAL_Driver/Src/stm32f7xx_hal_spi.o
 .text.SPI_WaitFifoStateUntilTimeout
                0x0000000008008c30      0x12c ./Drivers/STM32F7xx_HAL_Driver/Src/stm32f7xx_hal_spi.o
 .text.SPI_EndRxTransaction
                0x0000000008008d5c       0xf8 ./Drivers/STM32F7xx_HAL_Driver/Src/stm32f7xx_hal_spi.o
 .text.SPI_EndRxTxTransaction
                0x0000000008008e54       0xd4 ./Drivers/STM32F7xx_HAL_Driver/Src/stm32f7xx_hal_spi.o
 .text.HAL_TIM_Base_Init
                0x0000000008008f28       0xae ./Drivers/STM32F7xx_HAL_Driver/Src/stm32f7xx_hal_tim.o
                0x0000000008008f28                HAL_TIM_Base_Init
 *fill*         0x0000000008008fd6        0x2 
 .text.HAL_TIM_Base_Start_IT
                0x0000000008008fd8       0xf0 ./Drivers/STM32F7xx_HAL_Driver/Src/stm32f7xx_hal_tim.o
                0x0000000008008fd8                HAL_TIM_Base_Start_IT
 .text.HAL_TIM_Base_Stop_IT
                0x00000000080090c8       0x5e ./Drivers/STM32F7xx_HAL_Driver/Src/stm32f7xx_hal_tim.o
                0x00000000080090c8                HAL_TIM_Base_Stop_IT
 .text.HAL_TIM_PWM_Init
                0x0000000008009126       0xae ./Drivers/STM32F7xx_HAL_Driver/Src/stm32f7xx_hal_tim.o
                0x0000000008009126                HAL_TIM_PWM_Init
 .text.HAL_TIM_PWM_MspInit
                0x00000000080091d4       0x14 ./Drivers/STM32F7xx_HAL_Driver/Src/stm32f7xx_hal_tim.o
                0x00000000080091d4                HAL_TIM_PWM_MspInit
 .text.HAL_TIM_PWM_Start
                0x00000000080091e8      0x1f4 ./Drivers/STM32F7xx_HAL_Driver/Src/stm32f7xx_hal_tim.o
                0x00000000080091e8                HAL_TIM_PWM_Start
 .text.HAL_TIM_PWM_Stop
                0x00000000080093dc      0x100 ./Drivers/STM32F7xx_HAL_Driver/Src/stm32f7xx_hal_tim.o
                0x00000000080093dc                HAL_TIM_PWM_Stop
 .text.HAL_TIM_IRQHandler
                0x00000000080094dc      0x23e ./Drivers/STM32F7xx_HAL_Driver/Src/stm32f7xx_hal_tim.o
                0x00000000080094dc                HAL_TIM_IRQHandler
 *fill*         0x000000000800971a        0x2 
 .text.HAL_TIM_PWM_ConfigChannel
                0x000000000800971c      0x228 ./Drivers/STM32F7xx_HAL_Driver/Src/stm32f7xx_hal_tim.o
                0x000000000800971c                HAL_TIM_PWM_ConfigChannel
 .text.HAL_TIM_ConfigClockSource
                0x0000000008009944      0x194 ./Drivers/STM32F7xx_HAL_Driver/Src/stm32f7xx_hal_tim.o
                0x0000000008009944                HAL_TIM_ConfigClockSource
 .text.HAL_TIM_OC_DelayElapsedCallback
                0x0000000008009ad8       0x14 ./Drivers/STM32F7xx_HAL_Driver/Src/stm32f7xx_hal_tim.o
                0x0000000008009ad8                HAL_TIM_OC_DelayElapsedCallback
 .text.HAL_TIM_IC_CaptureCallback
                0x0000000008009aec       0x14 ./Drivers/STM32F7xx_HAL_Driver/Src/stm32f7xx_hal_tim.o
                0x0000000008009aec                HAL_TIM_IC_CaptureCallback
 .text.HAL_TIM_PWM_PulseFinishedCallback
                0x0000000008009b00       0x14 ./Drivers/STM32F7xx_HAL_Driver/Src/stm32f7xx_hal_tim.o
                0x0000000008009b00                HAL_TIM_PWM_PulseFinishedCallback
 .text.HAL_TIM_TriggerCallback
                0x0000000008009b14       0x14 ./Drivers/STM32F7xx_HAL_Driver/Src/stm32f7xx_hal_tim.o
                0x0000000008009b14                HAL_TIM_TriggerCallback
 .text.TIM_Base_SetConfig
                0x0000000008009b28      0x140 ./Drivers/STM32F7xx_HAL_Driver/Src/stm32f7xx_hal_tim.o
                0x0000000008009b28                TIM_Base_SetConfig
 .text.TIM_OC1_SetConfig
                0x0000000008009c68       0xe4 ./Drivers/STM32F7xx_HAL_Driver/Src/stm32f7xx_hal_tim.o
 .text.TIM_OC2_SetConfig
                0x0000000008009d4c       0xf0 ./Drivers/STM32F7xx_HAL_Driver/Src/stm32f7xx_hal_tim.o
                0x0000000008009d4c                TIM_OC2_SetConfig
 .text.TIM_OC3_SetConfig
                0x0000000008009e3c       0xec ./Drivers/STM32F7xx_HAL_Driver/Src/stm32f7xx_hal_tim.o
 .text.TIM_OC4_SetConfig
                0x0000000008009f28       0xb0 ./Drivers/STM32F7xx_HAL_Driver/Src/stm32f7xx_hal_tim.o
 .text.TIM_OC5_SetConfig
                0x0000000008009fd8       0xa4 ./Drivers/STM32F7xx_HAL_Driver/Src/stm32f7xx_hal_tim.o
 .text.TIM_OC6_SetConfig
                0x000000000800a07c       0xa8 ./Drivers/STM32F7xx_HAL_Driver/Src/stm32f7xx_hal_tim.o
 .text.TIM_TI1_ConfigInputStage
                0x000000000800a124       0x5e ./Drivers/STM32F7xx_HAL_Driver/Src/stm32f7xx_hal_tim.o
 .text.TIM_TI2_ConfigInputStage
                0x000000000800a182       0x60 ./Drivers/STM32F7xx_HAL_Driver/Src/stm32f7xx_hal_tim.o
 .text.TIM_ITRx_SetConfig
                0x000000000800a1e2       0x36 ./Drivers/STM32F7xx_HAL_Driver/Src/stm32f7xx_hal_tim.o
 .text.TIM_ETR_SetConfig
                0x000000000800a218       0x40 ./Drivers/STM32F7xx_HAL_Driver/Src/stm32f7xx_hal_tim.o
                0x000000000800a218                TIM_ETR_SetConfig
 .text.TIM_CCxChannelCmd
                0x000000000800a258       0x4a ./Drivers/STM32F7xx_HAL_Driver/Src/stm32f7xx_hal_tim.o
                0x000000000800a258                TIM_CCxChannelCmd
 *fill*         0x000000000800a2a2        0x2 
 .text.HAL_TIMEx_MasterConfigSynchronization
                0x000000000800a2a4      0x11c ./Drivers/STM32F7xx_HAL_Driver/Src/stm32f7xx_hal_tim_ex.o
                0x000000000800a2a4                HAL_TIMEx_MasterConfigSynchronization
 .text.HAL_TIMEx_ConfigBreakDeadTime
                0x000000000800a3c0       0xfc ./Drivers/STM32F7xx_HAL_Driver/Src/stm32f7xx_hal_tim_ex.o
                0x000000000800a3c0                HAL_TIMEx_ConfigBreakDeadTime
 .text.HAL_TIMEx_CommutCallback
                0x000000000800a4bc       0x14 ./Drivers/STM32F7xx_HAL_Driver/Src/stm32f7xx_hal_tim_ex.o
                0x000000000800a4bc                HAL_TIMEx_CommutCallback
 .text.HAL_TIMEx_BreakCallback
                0x000000000800a4d0       0x14 ./Drivers/STM32F7xx_HAL_Driver/Src/stm32f7xx_hal_tim_ex.o
                0x000000000800a4d0                HAL_TIMEx_BreakCallback
 .text.HAL_TIMEx_Break2Callback
                0x000000000800a4e4       0x14 ./Drivers/STM32F7xx_HAL_Driver/Src/stm32f7xx_hal_tim_ex.o
                0x000000000800a4e4                HAL_TIMEx_Break2Callback
 .text.HAL_UART_Init
                0x000000000800a4f8       0x9c ./Drivers/STM32F7xx_HAL_Driver/Src/stm32f7xx_hal_uart.o
                0x000000000800a4f8                HAL_UART_Init
 .text.HAL_UART_Transmit
                0x000000000800a594      0x106 ./Drivers/STM32F7xx_HAL_Driver/Src/stm32f7xx_hal_uart.o
                0x000000000800a594                HAL_UART_Transmit
 .text.HAL_UART_Receive_IT
                0x000000000800a69a       0x88 ./Drivers/STM32F7xx_HAL_Driver/Src/stm32f7xx_hal_uart.o
                0x000000000800a69a                HAL_UART_Receive_IT
 .text.HAL_UARTEx_RxEventCallback
                0x000000000800a722       0x18 ./Drivers/STM32F7xx_HAL_Driver/Src/stm32f7xx_hal_uart.o
                0x000000000800a722                HAL_UARTEx_RxEventCallback
 *fill*         0x000000000800a73a        0x2 
 .text.UART_SetConfig
                0x000000000800a73c      0x4c8 ./Drivers/STM32F7xx_HAL_Driver/Src/stm32f7xx_hal_uart.o
                0x000000000800a73c                UART_SetConfig
 .text.UART_AdvFeatureConfig
                0x000000000800ac04      0x144 ./Drivers/STM32F7xx_HAL_Driver/Src/stm32f7xx_hal_uart.o
                0x000000000800ac04                UART_AdvFeatureConfig
 .text.UART_CheckIdleState
                0x000000000800ad48       0x6e ./Drivers/STM32F7xx_HAL_Driver/Src/stm32f7xx_hal_uart.o
                0x000000000800ad48                UART_CheckIdleState
 .text.UART_WaitOnFlagUntilTimeout
                0x000000000800adb6      0x18c ./Drivers/STM32F7xx_HAL_Driver/Src/stm32f7xx_hal_uart.o
                0x000000000800adb6                UART_WaitOnFlagUntilTimeout
 *fill*         0x000000000800af42        0x2 
 .text.UART_Start_Receive_IT
                0x000000000800af44      0x18c ./Drivers/STM32F7xx_HAL_Driver/Src/stm32f7xx_hal_uart.o
                0x000000000800af44                UART_Start_Receive_IT
 .text.UART_RxISR_8BIT
                0x000000000800b0d0      0x166 ./Drivers/STM32F7xx_HAL_Driver/Src/stm32f7xx_hal_uart.o
 .text.UART_RxISR_16BIT
                0x000000000800b236      0x166 ./Drivers/STM32F7xx_HAL_Driver/Src/stm32f7xx_hal_uart.o
 .text.atoi     0x000000000800b39c        0x8 C:/ST/STM32CubeIDE_1.13.1/STM32CubeIDE/plugins/com.st.stm32cube.ide.mcu.externaltools.gnu-tools-for-stm32.11.3.rel1.win32_1.1.100.202309141235/tools/bin/../lib/gcc/arm-none-eabi/11.3.1/../../../../arm-none-eabi/lib/thumb/v7e-m+fp/hard\libc_nano.a(libc_a-atoi.o)
                0x000000000800b39c                atoi
 .text._strtol_l.constprop.0
                0x000000000800b3a4      0x104 C:/ST/STM32CubeIDE_1.13.1/STM32CubeIDE/plugins/com.st.stm32cube.ide.mcu.externaltools.gnu-tools-for-stm32.11.3.rel1.win32_1.1.100.202309141235/tools/bin/../lib/gcc/arm-none-eabi/11.3.1/../../../../arm-none-eabi/lib/thumb/v7e-m+fp/hard\libc_nano.a(libc_a-strtol.o)
 .text.strtol   0x000000000800b4a8       0x14 C:/ST/STM32CubeIDE_1.13.1/STM32CubeIDE/plugins/com.st.stm32cube.ide.mcu.externaltools.gnu-tools-for-stm32.11.3.rel1.win32_1.1.100.202309141235/tools/bin/../lib/gcc/arm-none-eabi/11.3.1/../../../../arm-none-eabi/lib/thumb/v7e-m+fp/hard\libc_nano.a(libc_a-strtol.o)
                0x000000000800b4a8                strtol
 .text.snprintf
                0x000000000800b4bc       0x68 C:/ST/STM32CubeIDE_1.13.1/STM32CubeIDE/plugins/com.st.stm32cube.ide.mcu.externaltools.gnu-tools-for-stm32.11.3.rel1.win32_1.1.100.202309141235/tools/bin/../lib/gcc/arm-none-eabi/11.3.1/../../../../arm-none-eabi/lib/thumb/v7e-m+fp/hard\libc_nano.a(libc_a-snprintf.o)
                0x000000000800b4bc                sniprintf
                0x000000000800b4bc                snprintf
 .text.memset   0x000000000800b524       0x10 C:/ST/STM32CubeIDE_1.13.1/STM32CubeIDE/plugins/com.st.stm32cube.ide.mcu.externaltools.gnu-tools-for-stm32.11.3.rel1.win32_1.1.100.202309141235/tools/bin/../lib/gcc/arm-none-eabi/11.3.1/../../../../arm-none-eabi/lib/thumb/v7e-m+fp/hard\libc_nano.a(libc_a-memset.o)
                0x000000000800b524                memset
 .text.__errno  0x000000000800b534        0xc C:/ST/STM32CubeIDE_1.13.1/STM32CubeIDE/plugins/com.st.stm32cube.ide.mcu.externaltools.gnu-tools-for-stm32.11.3.rel1.win32_1.1.100.202309141235/tools/bin/../lib/gcc/arm-none-eabi/11.3.1/../../../../arm-none-eabi/lib/thumb/v7e-m+fp/hard\libc_nano.a(libc_a-errno.o)
                0x000000000800b534                __errno
 .text.__libc_init_array
                0x000000000800b540       0x48 C:/ST/STM32CubeIDE_1.13.1/STM32CubeIDE/plugins/com.st.stm32cube.ide.mcu.externaltools.gnu-tools-for-stm32.11.3.rel1.win32_1.1.100.202309141235/tools/bin/../lib/gcc/arm-none-eabi/11.3.1/../../../../arm-none-eabi/lib/thumb/v7e-m+fp/hard\libc_nano.a(libc_a-init.o)
                0x000000000800b540                __libc_init_array
 .text.__retarget_lock_acquire_recursive
                0x000000000800b588        0x2 C:/ST/STM32CubeIDE_1.13.1/STM32CubeIDE/plugins/com.st.stm32cube.ide.mcu.externaltools.gnu-tools-for-stm32.11.3.rel1.win32_1.1.100.202309141235/tools/bin/../lib/gcc/arm-none-eabi/11.3.1/../../../../arm-none-eabi/lib/thumb/v7e-m+fp/hard\libc_nano.a(libc_a-lock.o)
                0x000000000800b588                __retarget_lock_acquire_recursive
 .text.__retarget_lock_release_recursive
                0x000000000800b58a        0x2 C:/ST/STM32CubeIDE_1.13.1/STM32CubeIDE/plugins/com.st.stm32cube.ide.mcu.externaltools.gnu-tools-for-stm32.11.3.rel1.win32_1.1.100.202309141235/tools/bin/../lib/gcc/arm-none-eabi/11.3.1/../../../../arm-none-eabi/lib/thumb/v7e-m+fp/hard\libc_nano.a(libc_a-lock.o)
                0x000000000800b58a                __retarget_lock_release_recursive
 .text._free_r  0x000000000800b58c       0x98 C:/ST/STM32CubeIDE_1.13.1/STM32CubeIDE/plugins/com.st.stm32cube.ide.mcu.externaltools.gnu-tools-for-stm32.11.3.rel1.win32_1.1.100.202309141235/tools/bin/../lib/gcc/arm-none-eabi/11.3.1/../../../../arm-none-eabi/lib/thumb/v7e-m+fp/hard\libc_nano.a(libc_a-freer.o)
                0x000000000800b58c                _free_r
 .text.sbrk_aligned
                0x000000000800b624       0x40 C:/ST/STM32CubeIDE_1.13.1/STM32CubeIDE/plugins/com.st.stm32cube.ide.mcu.externaltools.gnu-tools-for-stm32.11.3.rel1.win32_1.1.100.202309141235/tools/bin/../lib/gcc/arm-none-eabi/11.3.1/../../../../arm-none-eabi/lib/thumb/v7e-m+fp/hard\libc_nano.a(libc_a-mallocr.o)
 .text._malloc_r
                0x000000000800b664      0x100 C:/ST/STM32CubeIDE_1.13.1/STM32CubeIDE/plugins/com.st.stm32cube.ide.mcu.externaltools.gnu-tools-for-stm32.11.3.rel1.win32_1.1.100.202309141235/tools/bin/../lib/gcc/arm-none-eabi/11.3.1/../../../../arm-none-eabi/lib/thumb/v7e-m+fp/hard\libc_nano.a(libc_a-mallocr.o)
                0x000000000800b664                _malloc_r
 .text.__malloc_lock
                0x000000000800b764        0xc C:/ST/STM32CubeIDE_1.13.1/STM32CubeIDE/plugins/com.st.stm32cube.ide.mcu.externaltools.gnu-tools-for-stm32.11.3.rel1.win32_1.1.100.202309141235/tools/bin/../lib/gcc/arm-none-eabi/11.3.1/../../../../arm-none-eabi/lib/thumb/v7e-m+fp/hard\libc_nano.a(libc_a-mlock.o)
                0x000000000800b764                __malloc_lock
 .text.__malloc_unlock
                0x000000000800b770        0xc C:/ST/STM32CubeIDE_1.13.1/STM32CubeIDE/plugins/com.st.stm32cube.ide.mcu.externaltools.gnu-tools-for-stm32.11.3.rel1.win32_1.1.100.202309141235/tools/bin/../lib/gcc/arm-none-eabi/11.3.1/../../../../arm-none-eabi/lib/thumb/v7e-m+fp/hard\libc_nano.a(libc_a-mlock.o)
                0x000000000800b770                __malloc_unlock
 .text.__ssputs_r
                0x000000000800b77c       0xb4 C:/ST/STM32CubeIDE_1.13.1/STM32CubeIDE/plugins/com.st.stm32cube.ide.mcu.externaltools.gnu-tools-for-stm32.11.3.rel1.win32_1.1.100.202309141235/tools/bin/../lib/gcc/arm-none-eabi/11.3.1/../../../../arm-none-eabi/lib/thumb/v7e-m+fp/hard\libc_nano.a(libc_a-nano-svfprintf.o)
                0x000000000800b77c                __ssputs_r
 .text._svfprintf_r
                0x000000000800b830      0x1fc C:/ST/STM32CubeIDE_1.13.1/STM32CubeIDE/plugins/com.st.stm32cube.ide.mcu.externaltools.gnu-tools-for-stm32.11.3.rel1.win32_1.1.100.202309141235/tools/bin/../lib/gcc/arm-none-eabi/11.3.1/../../../../arm-none-eabi/lib/thumb/v7e-m+fp/hard\libc_nano.a(libc_a-nano-svfprintf.o)
                0x000000000800b830                _svfiprintf_r
                0x000000000800b830                _svfprintf_r
 .text._printf_common
                0x000000000800ba2c       0xda C:/ST/STM32CubeIDE_1.13.1/STM32CubeIDE/plugins/com.st.stm32cube.ide.mcu.externaltools.gnu-tools-for-stm32.11.3.rel1.win32_1.1.100.202309141235/tools/bin/../lib/gcc/arm-none-eabi/11.3.1/../../../../arm-none-eabi/lib/thumb/v7e-m+fp/hard\libc_nano.a(libc_a-nano-vfprintf_i.o)
                0x000000000800ba2c                _printf_common
 *fill*         0x000000000800bb06        0x2 
 .text._printf_i
                0x000000000800bb08      0x244 C:/ST/STM32CubeIDE_1.13.1/STM32CubeIDE/plugins/com.st.stm32cube.ide.mcu.externaltools.gnu-tools-for-stm32.11.3.rel1.win32_1.1.100.202309141235/tools/bin/../lib/gcc/arm-none-eabi/11.3.1/../../../../arm-none-eabi/lib/thumb/v7e-m+fp/hard\libc_nano.a(libc_a-nano-vfprintf_i.o)
                0x000000000800bb08                _printf_i
 .text.memmove  0x000000000800bd4c       0x34 C:/ST/STM32CubeIDE_1.13.1/STM32CubeIDE/plugins/com.st.stm32cube.ide.mcu.externaltools.gnu-tools-for-stm32.11.3.rel1.win32_1.1.100.202309141235/tools/bin/../lib/gcc/arm-none-eabi/11.3.1/../../../../arm-none-eabi/lib/thumb/v7e-m+fp/hard\libc_nano.a(libc_a-memmove.o)
                0x000000000800bd4c                memmove
 .text._sbrk_r  0x000000000800bd80       0x20 C:/ST/STM32CubeIDE_1.13.1/STM32CubeIDE/plugins/com.st.stm32cube.ide.mcu.externaltools.gnu-tools-for-stm32.11.3.rel1.win32_1.1.100.202309141235/tools/bin/../lib/gcc/arm-none-eabi/11.3.1/../../../../arm-none-eabi/lib/thumb/v7e-m+fp/hard\libc_nano.a(libc_a-sbrkr.o)
                0x000000000800bd80                _sbrk_r
 .text.memcpy   0x000000000800bda0       0x1c C:/ST/STM32CubeIDE_1.13.1/STM32CubeIDE/plugins/com.st.stm32cube.ide.mcu.externaltools.gnu-tools-for-stm32.11.3.rel1.win32_1.1.100.202309141235/tools/bin/../lib/gcc/arm-none-eabi/11.3.1/../../../../arm-none-eabi/lib/thumb/v7e-m+fp/hard\libc_nano.a(libc_a-memcpy-stub.o)
                0x000000000800bda0                memcpy
 .text._realloc_r
                0x000000000800bdbc       0x5e C:/ST/STM32CubeIDE_1.13.1/STM32CubeIDE/plugins/com.st.stm32cube.ide.mcu.externaltools.gnu-tools-for-stm32.11.3.rel1.win32_1.1.100.202309141235/tools/bin/../lib/gcc/arm-none-eabi/11.3.1/../../../../arm-none-eabi/lib/thumb/v7e-m+fp/hard\libc_nano.a(libc_a-reallocr.o)
                0x000000000800bdbc                _realloc_r
 .text._malloc_usable_size_r
                0x000000000800be1a       0x10 C:/ST/STM32CubeIDE_1.13.1/STM32CubeIDE/plugins/com.st.stm32cube.ide.mcu.externaltools.gnu-tools-for-stm32.11.3.rel1.win32_1.1.100.202309141235/tools/bin/../lib/gcc/arm-none-eabi/11.3.1/../../../../arm-none-eabi/lib/thumb/v7e-m+fp/hard\libc_nano.a(libc_a-msizer.o)
                0x000000000800be1a                _malloc_usable_size_r
 *fill*         0x000000000800be2a        0x6 
 .text.floor    0x000000000800be30      0x100 C:/ST/STM32CubeIDE_1.13.1/STM32CubeIDE/plugins/com.st.stm32cube.ide.mcu.externaltools.gnu-tools-for-stm32.11.3.rel1.win32_1.1.100.202309141235/tools/bin/../lib/gcc/arm-none-eabi/11.3.1/../../../../arm-none-eabi/lib/thumb/v7e-m+fp/hard\libm.a(libm_a-s_floor.o)
                0x000000000800be30                floor
 .text.round    0x000000000800bf30       0x90 C:/ST/STM32CubeIDE_1.13.1/STM32CubeIDE/plugins/com.st.stm32cube.ide.mcu.externaltools.gnu-tools-for-stm32.11.3.rel1.win32_1.1.100.202309141235/tools/bin/../lib/gcc/arm-none-eabi/11.3.1/../../../../arm-none-eabi/lib/thumb/v7e-m+fp/hard\libm.a(libm_a-s_round.o)
                0x000000000800bf30                round
 *(.glue_7)
 .glue_7        0x000000000800bfc0        0x0 linker stubs
 *(.glue_7t)
 .glue_7t       0x000000000800bfc0        0x0 linker stubs
 *(.eh_frame)
 .eh_frame      0x000000000800bfc0        0x0 C:/ST/STM32CubeIDE_1.13.1/STM32CubeIDE/plugins/com.st.stm32cube.ide.mcu.externaltools.gnu-tools-for-stm32.11.3.rel1.win32_1.1.100.202309141235/tools/bin/../lib/gcc/arm-none-eabi/11.3.1/thumb/v7e-m+fp/hard/crtbegin.o
 *(.init)
 .init          0x000000000800bfc0        0x4 C:/ST/STM32CubeIDE_1.13.1/STM32CubeIDE/plugins/com.st.stm32cube.ide.mcu.externaltools.gnu-tools-for-stm32.11.3.rel1.win32_1.1.100.202309141235/tools/bin/../lib/gcc/arm-none-eabi/11.3.1/thumb/v7e-m+fp/hard/crti.o
                0x000000000800bfc0                _init
 .init          0x000000000800bfc4        0x8 C:/ST/STM32CubeIDE_1.13.1/STM32CubeIDE/plugins/com.st.stm32cube.ide.mcu.externaltools.gnu-tools-for-stm32.11.3.rel1.win32_1.1.100.202309141235/tools/bin/../lib/gcc/arm-none-eabi/11.3.1/thumb/v7e-m+fp/hard/crtn.o
 *(.fini)
 .fini          0x000000000800bfcc        0x4 C:/ST/STM32CubeIDE_1.13.1/STM32CubeIDE/plugins/com.st.stm32cube.ide.mcu.externaltools.gnu-tools-for-stm32.11.3.rel1.win32_1.1.100.202309141235/tools/bin/../lib/gcc/arm-none-eabi/11.3.1/thumb/v7e-m+fp/hard/crti.o
                0x000000000800bfcc                _fini
 .fini          0x000000000800bfd0        0x8 C:/ST/STM32CubeIDE_1.13.1/STM32CubeIDE/plugins/com.st.stm32cube.ide.mcu.externaltools.gnu-tools-for-stm32.11.3.rel1.win32_1.1.100.202309141235/tools/bin/../lib/gcc/arm-none-eabi/11.3.1/thumb/v7e-m+fp/hard/crtn.o
                0x000000000800bfd8                . = ALIGN (0x4)
                0x000000000800bfd8                _etext = .

.vfp11_veneer   0x000000000800bfd8        0x0
 .vfp11_veneer  0x000000000800bfd8        0x0 linker stubs

.v4_bx          0x000000000800bfd8        0x0
 .v4_bx         0x000000000800bfd8        0x0 linker stubs

.iplt           0x000000000800bfd8        0x0
 .iplt          0x000000000800bfd8        0x0 C:/ST/STM32CubeIDE_1.13.1/STM32CubeIDE/plugins/com.st.stm32cube.ide.mcu.externaltools.gnu-tools-for-stm32.11.3.rel1.win32_1.1.100.202309141235/tools/bin/../lib/gcc/arm-none-eabi/11.3.1/thumb/v7e-m+fp/hard/crtbegin.o

.rodata         0x000000000800bfd8      0x3e8
                0x000000000800bfd8                . = ALIGN (0x4)
 *(.rodata)
 .rodata        0x000000000800bfd8       0x34 ./Core/Src/bmp2.o
 .rodata        0x000000000800c00c      0x24f ./Core/Src/main.o
 *(.rodata*)
 *fill*         0x000000000800c25b        0x1 
 .rodata.KeyMap
                0x000000000800c25c       0x10 ./Core/Src/keypad_4x4_lib.o
                0x000000000800c25c                KeyMap
 .rodata.Rows   0x000000000800c26c        0x4 ./Core/Src/keypad_4x4_lib.o
                0x000000000800c26c                Rows
 .rodata.Cols   0x000000000800c270        0x4 ./Core/Src/keypad_4x4_lib.o
                0x000000000800c270                Cols
 .rodata.AHBPrescTable
                0x000000000800c274       0x10 ./Core/Src/system_stm32f7xx.o
                0x000000000800c274                AHBPrescTable
 .rodata.APBPrescTable
                0x000000000800c284        0x8 ./Core/Src/system_stm32f7xx.o
                0x000000000800c284                APBPrescTable
 .rodata._ctype_
                0x000000000800c28c      0x101 C:/ST/STM32CubeIDE_1.13.1/STM32CubeIDE/plugins/com.st.stm32cube.ide.mcu.externaltools.gnu-tools-for-stm32.11.3.rel1.win32_1.1.100.202309141235/tools/bin/../lib/gcc/arm-none-eabi/11.3.1/../../../../arm-none-eabi/lib/thumb/v7e-m+fp/hard\libc_nano.a(libc_a-ctype_.o)
                0x000000000800c28c                _ctype_
 .rodata._svfprintf_r.str1.1
                0x000000000800c38d       0x11 C:/ST/STM32CubeIDE_1.13.1/STM32CubeIDE/plugins/com.st.stm32cube.ide.mcu.externaltools.gnu-tools-for-stm32.11.3.rel1.win32_1.1.100.202309141235/tools/bin/../lib/gcc/arm-none-eabi/11.3.1/../../../../arm-none-eabi/lib/thumb/v7e-m+fp/hard\libc_nano.a(libc_a-nano-svfprintf.o)
 .rodata._printf_i.str1.1
                0x000000000800c39e       0x22 C:/ST/STM32CubeIDE_1.13.1/STM32CubeIDE/plugins/com.st.stm32cube.ide.mcu.externaltools.gnu-tools-for-stm32.11.3.rel1.win32_1.1.100.202309141235/tools/bin/../lib/gcc/arm-none-eabi/11.3.1/../../../../arm-none-eabi/lib/thumb/v7e-m+fp/hard\libc_nano.a(libc_a-nano-vfprintf_i.o)
                0x000000000800c3c0                . = ALIGN (0x4)

.ARM.extab      0x000000000800c3c0        0x0
                0x000000000800c3c0                . = ALIGN (0x4)
 *(.ARM.extab* .gnu.linkonce.armextab.*)
                0x000000000800c3c0                . = ALIGN (0x4)

.ARM            0x000000000800c3c0        0x8
                0x000000000800c3c0                . = ALIGN (0x4)
                0x000000000800c3c0                __exidx_start = .
 *(.ARM.exidx*)
 .ARM.exidx     0x000000000800c3c0        0x8 C:/ST/STM32CubeIDE_1.13.1/STM32CubeIDE/plugins/com.st.stm32cube.ide.mcu.externaltools.gnu-tools-for-stm32.11.3.rel1.win32_1.1.100.202309141235/tools/bin/../lib/gcc/arm-none-eabi/11.3.1/thumb/v7e-m+fp/hard\libgcc.a(_udivmoddi4.o)
                0x000000000800c3c8                __exidx_end = .
                0x000000000800c3c8                . = ALIGN (0x4)

.rel.dyn        0x000000000800c3c8        0x0
 .rel.iplt      0x000000000800c3c8        0x0 C:/ST/STM32CubeIDE_1.13.1/STM32CubeIDE/plugins/com.st.stm32cube.ide.mcu.externaltools.gnu-tools-for-stm32.11.3.rel1.win32_1.1.100.202309141235/tools/bin/../lib/gcc/arm-none-eabi/11.3.1/thumb/v7e-m+fp/hard/crtbegin.o

.preinit_array  0x000000000800c3c8        0x0
                0x000000000800c3c8                . = ALIGN (0x4)
                0x000000000800c3c8                PROVIDE (__preinit_array_start = .)
 *(.preinit_array*)
                0x000000000800c3c8                PROVIDE (__preinit_array_end = .)
                0x000000000800c3c8                . = ALIGN (0x4)

.init_array     0x000000000800c3c8        0x4
                0x000000000800c3c8                . = ALIGN (0x4)
                0x000000000800c3c8                PROVIDE (__init_array_start = .)
 *(SORT_BY_NAME(.init_array.*))
 *(.init_array*)
 .init_array    0x000000000800c3c8        0x4 C:/ST/STM32CubeIDE_1.13.1/STM32CubeIDE/plugins/com.st.stm32cube.ide.mcu.externaltools.gnu-tools-for-stm32.11.3.rel1.win32_1.1.100.202309141235/tools/bin/../lib/gcc/arm-none-eabi/11.3.1/thumb/v7e-m+fp/hard/crtbegin.o
                0x000000000800c3cc                PROVIDE (__init_array_end = .)
                0x000000000800c3cc                . = ALIGN (0x4)

.fini_array     0x000000000800c3cc        0x4
                0x000000000800c3cc                . = ALIGN (0x4)
                [!provide]                        PROVIDE (__fini_array_start = .)
 *(SORT_BY_NAME(.fini_array.*))
 *(.fini_array*)
 .fini_array    0x000000000800c3cc        0x4 C:/ST/STM32CubeIDE_1.13.1/STM32CubeIDE/plugins/com.st.stm32cube.ide.mcu.externaltools.gnu-tools-for-stm32.11.3.rel1.win32_1.1.100.202309141235/tools/bin/../lib/gcc/arm-none-eabi/11.3.1/thumb/v7e-m+fp/hard/crtbegin.o
                [!provide]                        PROVIDE (__fini_array_end = .)
                0x000000000800c3d0                . = ALIGN (0x4)
                0x000000000800c3d0                _sidata = LOADADDR (.data)

.data           0x0000000020000000      0x198 load address 0x000000000800c3d0
                0x0000000020000000                . = ALIGN (0x4)
                0x0000000020000000                _sdata = .
 *(.data)
 *(.data*)
 .data.hbmp2    0x0000000020000000       0x18 ./Core/Src/bmp2_config.o
                0x0000000020000000                hbmp2
 .data.bmp2dev  0x0000000020000018       0x3c ./Core/Src/bmp2_config.o
                0x0000000020000018                bmp2dev
 .data.position
                0x0000000020000054        0x1 ./Core/Src/main.o
                0x0000000020000054                position
 .data.max_pos  0x0000000020000055        0x1 ./Core/Src/main.o
                0x0000000020000055                max_pos
 *fill*         0x0000000020000056        0x2 
 .data.mainmenu
                0x0000000020000058       0x10 ./Core/Src/main.o
                0x0000000020000058                mainmenu
 .data.menuKitchen
                0x0000000020000068       0x10 ./Core/Src/main.o
                0x0000000020000068                menuKitchen
 .data.menuKitchenLighting
                0x0000000020000078       0x10 ./Core/Src/main.o
                0x0000000020000078                menuKitchenLighting
 .data.menuKitchenShutter
                0x0000000020000088       0x10 ./Core/Src/main.o
                0x0000000020000088                menuKitchenShutter
 .data.menuLivingroom
                0x0000000020000098       0x10 ./Core/Src/main.o
                0x0000000020000098                menuLivingroom
 .data.menuLivingroomLighting
                0x00000000200000a8       0x10 ./Core/Src/main.o
                0x00000000200000a8                menuLivingroomLighting
 .data.menuLivingroomTemperature
                0x00000000200000b8       0x10 ./Core/Src/main.o
                0x00000000200000b8                menuLivingroomTemperature
 .data.menuLivingroomShutter
                0x00000000200000c8       0x10 ./Core/Src/main.o
                0x00000000200000c8                menuLivingroomShutter
 .data.menuGarage
                0x00000000200000d8       0x10 ./Core/Src/main.o
                0x00000000200000d8                menuGarage
 .data.menuGarageLighting
                0x00000000200000e8       0x10 ./Core/Src/main.o
                0x00000000200000e8                menuGarageLighting
 .data.menuGarageShutter
                0x00000000200000f8       0x10 ./Core/Src/main.o
                0x00000000200000f8                menuGarageShutter
 .data.menuGarageGate
                0x0000000020000108       0x10 ./Core/Src/main.o
                0x0000000020000108                menuGarageGate
 .data.menuAlarm
                0x0000000020000118       0x10 ./Core/Src/main.o
                0x0000000020000118                menuAlarm
 .data.act_menu
                0x0000000020000128        0x4 ./Core/Src/main.o
                0x0000000020000128                act_menu
 .data.brightnessLivingroom
                0x000000002000012c        0x4 ./Core/Src/main.o
                0x000000002000012c                brightnessLivingroom
 .data.brightnessKitchen
                0x0000000020000130        0x4 ./Core/Src/main.o
                0x0000000020000130                brightnessKitchen
 .data.brightnessGarage
                0x0000000020000134        0x4 ./Core/Src/main.o
                0x0000000020000134                brightnessGarage
 .data.energymode
                0x0000000020000138        0x2 ./Core/Src/main.o
                0x0000000020000138                energymode
 *fill*         0x000000002000013a        0x2 
 .data.SystemCoreClock
                0x000000002000013c        0x4 ./Core/Src/system_stm32f7xx.o
                0x000000002000013c                SystemCoreClock
 .data.uwTickPrio
                0x0000000020000140        0x4 ./Drivers/STM32F7xx_HAL_Driver/Src/stm32f7xx_hal.o
                0x0000000020000140                uwTickPrio
 .data.uwTickFreq
                0x0000000020000144        0x1 ./Drivers/STM32F7xx_HAL_Driver/Src/stm32f7xx_hal.o
                0x0000000020000144                uwTickFreq
 *fill*         0x0000000020000145        0x3 
 .data._impure_data
                0x0000000020000148       0x4c C:/ST/STM32CubeIDE_1.13.1/STM32CubeIDE/plugins/com.st.stm32cube.ide.mcu.externaltools.gnu-tools-for-stm32.11.3.rel1.win32_1.1.100.202309141235/tools/bin/../lib/gcc/arm-none-eabi/11.3.1/../../../../arm-none-eabi/lib/thumb/v7e-m+fp/hard\libc_nano.a(libc_a-impure.o)
                0x0000000020000148                _impure_data
 .data._impure_ptr
                0x0000000020000194        0x4 C:/ST/STM32CubeIDE_1.13.1/STM32CubeIDE/plugins/com.st.stm32cube.ide.mcu.externaltools.gnu-tools-for-stm32.11.3.rel1.win32_1.1.100.202309141235/tools/bin/../lib/gcc/arm-none-eabi/11.3.1/../../../../arm-none-eabi/lib/thumb/v7e-m+fp/hard\libc_nano.a(libc_a-impure.o)
                0x0000000020000194                _impure_ptr
 *(.RamFunc)
 *(.RamFunc*)
                0x0000000020000198                . = ALIGN (0x4)
                0x0000000020000198                _edata = .

.igot.plt       0x0000000020000198        0x0 load address 0x000000000800c568
 .igot.plt      0x0000000020000198        0x0 C:/ST/STM32CubeIDE_1.13.1/STM32CubeIDE/plugins/com.st.stm32cube.ide.mcu.externaltools.gnu-tools-for-stm32.11.3.rel1.win32_1.1.100.202309141235/tools/bin/../lib/gcc/arm-none-eabi/11.3.1/thumb/v7e-m+fp/hard/crtbegin.o
                0x0000000020000198                . = ALIGN (0x4)

.bss            0x0000000020000198      0x52c load address 0x000000000800c568
                0x0000000020000198                _sbss = .
                0x0000000020000198                __bss_start__ = _sbss
 *(.bss)
 .bss           0x0000000020000198       0x1c C:/ST/STM32CubeIDE_1.13.1/STM32CubeIDE/plugins/com.st.stm32cube.ide.mcu.externaltools.gnu-tools-for-stm32.11.3.rel1.win32_1.1.100.202309141235/tools/bin/../lib/gcc/arm-none-eabi/11.3.1/thumb/v7e-m+fp/hard/crtbegin.o
 *(.bss*)
 .bss.ina219_calibrationValue
                0x00000000200001b4        0x2 ./Core/Src/INA219.o
                0x00000000200001b4                ina219_calibrationValue
 .bss.ina219_currentDivider_mA
                0x00000000200001b6        0x2 ./Core/Src/INA219.o
                0x00000000200001b6                ina219_currentDivider_mA
 .bss.ina219_powerMultiplier_mW
                0x00000000200001b8        0x2 ./Core/Src/INA219.o
                0x00000000200001b8                ina219_powerMultiplier_mW
 *fill*         0x00000000200001ba        0x2 
 .bss.hi2c1     0x00000000200001bc       0x54 ./Core/Src/i2c.o
                0x00000000200001bc                hi2c1
 .bss.hi2c2     0x0000000020000210       0x54 ./Core/Src/i2c.o
                0x0000000020000210                hi2c2
 .bss.GPIO_InitStruct
                0x0000000020000264       0x14 ./Core/Src/lcd_hd44780_lib.o
                0x0000000020000264                GPIO_InitStruct
 .bss.symbol    0x0000000020000278        0x1 ./Core/Src/main.o
                0x0000000020000278                symbol
 *fill*         0x0000000020000279        0x3 
 .bss.buff      0x000000002000027c        0x5 ./Core/Src/main.o
                0x000000002000027c                buff
 *fill*         0x0000000020000281        0x3 
 .bss.result    0x0000000020000284       0x32 ./Core/Src/main.o
                0x0000000020000284                result
 *fill*         0x00000000200002b6        0x2 
 .bss.buffer    0x00000000200002b8        0xa ./Core/Src/main.o
                0x00000000200002b8                buffer
 *fill*         0x00000000200002c2        0x2 
 .bss.rxBuffer  0x00000000200002c4        0xa ./Core/Src/main.o
                0x00000000200002c4                rxBuffer
 .bss.rxIndex   0x00000000200002ce        0x1 ./Core/Src/main.o
                0x00000000200002ce                rxIndex
 *fill*         0x00000000200002cf        0x1 
 .bss.received  0x00000000200002d0        0x5 ./Core/Src/main.o
                0x00000000200002d0                received
 *fill*         0x00000000200002d5        0x3 
 .bss.lastMessage
                0x00000000200002d8        0x5 ./Core/Src/main.o
                0x00000000200002d8                lastMessage
 .bss.refreshLCD
                0x00000000200002dd        0x1 ./Core/Src/main.o
                0x00000000200002dd                refreshLCD
 .bss.alarm     0x00000000200002de        0x1 ./Core/Src/main.o
                0x00000000200002de                alarm
 .bss.alarmLED  0x00000000200002df        0x1 ./Core/Src/main.o
                0x00000000200002df                alarmLED
 .bss.PIR_Garage
                0x00000000200002e0        0x1 ./Core/Src/main.o
                0x00000000200002e0                PIR_Garage
 .bss.PIR_Livingroom
                0x00000000200002e1        0x1 ./Core/Src/main.o
                0x00000000200002e1                PIR_Livingroom
 .bss.PIR_Kitchen
                0x00000000200002e2        0x1 ./Core/Src/main.o
                0x00000000200002e2                PIR_Kitchen
 .bss.PIR_detected
                0x00000000200002e3        0x1 ./Core/Src/main.o
                0x00000000200002e3                PIR_detected
 .bss.kitchenShutter
                0x00000000200002e4        0x1 ./Core/Src/main.o
                0x00000000200002e4                kitchenShutter
 .bss.livingroomShutter
                0x00000000200002e5        0x1 ./Core/Src/main.o
                0x00000000200002e5                livingroomShutter
 .bss.garageShutter
                0x00000000200002e6        0x1 ./Core/Src/main.o
                0x00000000200002e6                garageShutter
 *fill*         0x00000000200002e7        0x1 
 .bss.i         0x00000000200002e8        0x4 ./Core/Src/main.o
                0x00000000200002e8                i
 .bss.tempLivingroom
                0x00000000200002ec        0x4 ./Core/Src/main.o
                0x00000000200002ec                tempLivingroom
 .bss.pinKey    0x00000000200002f0        0x4 ./Core/Src/main.o
                0x00000000200002f0                pinKey
 .bss.intPart   0x00000000200002f4        0x4 ./Core/Src/main.o
                0x00000000200002f4                intPart
 .bss.fracPart  0x00000000200002f8        0x4 ./Core/Src/main.o
                0x00000000200002f8                fracPart
 *fill*         0x00000000200002fc        0x4 
 .bss.temp      0x0000000020000300        0x8 ./Core/Src/main.o
                0x0000000020000300                temp
 .bss.press     0x0000000020000308        0x8 ./Core/Src/main.o
                0x0000000020000308                press
 .bss.roundedValue
                0x0000000020000310        0x8 ./Core/Src/main.o
                0x0000000020000310                roundedValue
 .bss.ina219    0x0000000020000318        0x8 ./Core/Src/main.o
                0x0000000020000318                ina219
 .bss.ina219_2  0x0000000020000320        0x8 ./Core/Src/main.o
                0x0000000020000320                ina219_2
 .bss.vbus      0x0000000020000328        0x2 ./Core/Src/main.o
                0x0000000020000328                vbus
 .bss.vshunt    0x000000002000032a        0x2 ./Core/Src/main.o
                0x000000002000032a                vshunt
 .bss.current   0x000000002000032c        0x2 ./Core/Src/main.o
                0x000000002000032c                current
 .bss.power     0x000000002000032e        0x2 ./Core/Src/main.o
                0x000000002000032e                power
 .bss.vbus2     0x0000000020000330        0x2 ./Core/Src/main.o
                0x0000000020000330                vbus2
 .bss.vshunt2   0x0000000020000332        0x2 ./Core/Src/main.o
                0x0000000020000332                vshunt2
 .bss.current2  0x0000000020000334        0x2 ./Core/Src/main.o
                0x0000000020000334                current2
 .bss.power2    0x0000000020000336        0x2 ./Core/Src/main.o
                0x0000000020000336                power2
 .bss.PowerSupply
                0x0000000020000338        0x1 ./Core/Src/main.o
                0x0000000020000338                PowerSupply
 .bss.Battery   0x0000000020000339        0x1 ./Core/Src/main.o
                0x0000000020000339                Battery
 .bss.Output    0x000000002000033a        0x1 ./Core/Src/main.o
                0x000000002000033a                Output
 .bss.Solar     0x000000002000033b        0x1 ./Core/Src/main.o
                0x000000002000033b                Solar
 .bss.solar_volts
                0x000000002000033c        0x4 ./Core/Src/main.o
                0x000000002000033c                solar_volts
 .bss.vshunt_volts
                0x0000000020000340        0x4 ./Core/Src/main.o
                0x0000000020000340                vshunt_volts
 .bss.solar_amps
                0x0000000020000344        0x4 ./Core/Src/main.o
                0x0000000020000344                solar_amps
 .bss.output_volts
                0x0000000020000348        0x4 ./Core/Src/main.o
                0x0000000020000348                output_volts
 .bss.vshunt_volts2
                0x000000002000034c        0x4 ./Core/Src/main.o
                0x000000002000034c                vshunt_volts2
 .bss.current_amps2
                0x0000000020000350        0x4 ./Core/Src/main.o
                0x0000000020000350                current_amps2
 .bss.solar_power
                0x0000000020000354        0x4 ./Core/Src/main.o
                0x0000000020000354                solar_power
 .bss.hspi4     0x0000000020000358       0x64 ./Core/Src/spi.o
                0x0000000020000358                hspi4
 .bss.__sbrk_heap_end
                0x00000000200003bc        0x4 ./Core/Src/sysmem.o
 .bss.htim1     0x00000000200003c0       0x4c ./Core/Src/tim.o
                0x00000000200003c0                htim1
 .bss.htim2     0x000000002000040c       0x4c ./Core/Src/tim.o
                0x000000002000040c                htim2
 .bss.htim3     0x0000000020000458       0x4c ./Core/Src/tim.o
                0x0000000020000458                htim3
 .bss.htim4     0x00000000200004a4       0x4c ./Core/Src/tim.o
                0x00000000200004a4                htim4
 .bss.huart6    0x00000000200004f0       0x88 ./Core/Src/usart.o
                0x00000000200004f0                huart6
 .bss.uwTick    0x0000000020000578        0x4 ./Drivers/STM32F7xx_HAL_Driver/Src/stm32f7xx_hal.o
                0x0000000020000578                uwTick
 .bss.__sf      0x000000002000057c      0x138 C:/ST/STM32CubeIDE_1.13.1/STM32CubeIDE/plugins/com.st.stm32cube.ide.mcu.externaltools.gnu-tools-for-stm32.11.3.rel1.win32_1.1.100.202309141235/tools/bin/../lib/gcc/arm-none-eabi/11.3.1/../../../../arm-none-eabi/lib/thumb/v7e-m+fp/hard\libc_nano.a(libc_a-findfp.o)
                0x000000002000057c                __sf
 .bss.errno     0x00000000200006b4        0x4 C:/ST/STM32CubeIDE_1.13.1/STM32CubeIDE/plugins/com.st.stm32cube.ide.mcu.externaltools.gnu-tools-for-stm32.11.3.rel1.win32_1.1.100.202309141235/tools/bin/../lib/gcc/arm-none-eabi/11.3.1/../../../../arm-none-eabi/lib/thumb/v7e-m+fp/hard\libc_nano.a(libc_a-reent.o)
                0x00000000200006b4                errno
 .bss.__lock___malloc_recursive_mutex
                0x00000000200006b8        0x1 C:/ST/STM32CubeIDE_1.13.1/STM32CubeIDE/plugins/com.st.stm32cube.ide.mcu.externaltools.gnu-tools-for-stm32.11.3.rel1.win32_1.1.100.202309141235/tools/bin/../lib/gcc/arm-none-eabi/11.3.1/../../../../arm-none-eabi/lib/thumb/v7e-m+fp/hard\libc_nano.a(libc_a-lock.o)
                0x00000000200006b8                __lock___malloc_recursive_mutex
 *fill*         0x00000000200006b9        0x3 
 .bss.__malloc_free_list
                0x00000000200006bc        0x4 C:/ST/STM32CubeIDE_1.13.1/STM32CubeIDE/plugins/com.st.stm32cube.ide.mcu.externaltools.gnu-tools-for-stm32.11.3.rel1.win32_1.1.100.202309141235/tools/bin/../lib/gcc/arm-none-eabi/11.3.1/../../../../arm-none-eabi/lib/thumb/v7e-m+fp/hard\libc_nano.a(libc_a-mallocr.o)
                0x00000000200006bc                __malloc_free_list
 .bss.__malloc_sbrk_start
                0x00000000200006c0        0x4 C:/ST/STM32CubeIDE_1.13.1/STM32CubeIDE/plugins/com.st.stm32cube.ide.mcu.externaltools.gnu-tools-for-stm32.11.3.rel1.win32_1.1.100.202309141235/tools/bin/../lib/gcc/arm-none-eabi/11.3.1/../../../../arm-none-eabi/lib/thumb/v7e-m+fp/hard\libc_nano.a(libc_a-mallocr.o)
                0x00000000200006c0                __malloc_sbrk_start
 *(COMMON)
                0x00000000200006c4                . = ALIGN (0x4)
                0x00000000200006c4                _ebss = .
                0x00000000200006c4                __bss_end__ = _ebss

._user_heap_stack
                0x00000000200006c4      0x604 load address 0x000000000800c568
                0x00000000200006c8                . = ALIGN (0x8)
 *fill*         0x00000000200006c4        0x4 
                [!provide]                        PROVIDE (end = .)
                0x00000000200006c8                PROVIDE (_end = .)
                0x00000000200008c8                . = (. + _Min_Heap_Size)
 *fill*         0x00000000200006c8      0x200 
                0x0000000020000cc8                . = (. + _Min_Stack_Size)
 *fill*         0x00000000200008c8      0x400 
                0x0000000020000cc8                . = ALIGN (0x8)

/DISCARD/
 libc.a(*)
 libm.a(*)
 libgcc.a(*)

.ARM.attributes
                0x0000000000000000       0x30
 *(.ARM.attributes)
 .ARM.attributes
                0x0000000000000000       0x1e C:/ST/STM32CubeIDE_1.13.1/STM32CubeIDE/plugins/com.st.stm32cube.ide.mcu.externaltools.gnu-tools-for-stm32.11.3.rel1.win32_1.1.100.202309141235/tools/bin/../lib/gcc/arm-none-eabi/11.3.1/thumb/v7e-m+fp/hard/crti.o
 .ARM.attributes
                0x000000000000001e       0x34 C:/ST/STM32CubeIDE_1.13.1/STM32CubeIDE/plugins/com.st.stm32cube.ide.mcu.externaltools.gnu-tools-for-stm32.11.3.rel1.win32_1.1.100.202309141235/tools/bin/../lib/gcc/arm-none-eabi/11.3.1/thumb/v7e-m+fp/hard/crtbegin.o
 .ARM.attributes
                0x0000000000000052       0x34 ./Core/Src/INA219.o
 .ARM.attributes
                0x0000000000000086       0x34 ./Core/Src/bmp2.o
 .ARM.attributes
                0x00000000000000ba       0x34 ./Core/Src/bmp2_config.o
 .ARM.attributes
                0x00000000000000ee       0x34 ./Core/Src/gpio.o
 .ARM.attributes
                0x0000000000000122       0x34 ./Core/Src/i2c.o
 .ARM.attributes
                0x0000000000000156       0x34 ./Core/Src/keypad_4x4_lib.o
 .ARM.attributes
                0x000000000000018a       0x34 ./Core/Src/lcd_hd44780_lib.o
 .ARM.attributes
                0x00000000000001be       0x34 ./Core/Src/main.o
 .ARM.attributes
                0x00000000000001f2       0x34 ./Core/Src/spi.o
 .ARM.attributes
                0x0000000000000226       0x34 ./Core/Src/stm32f7xx_hal_msp.o
 .ARM.attributes
                0x000000000000025a       0x34 ./Core/Src/stm32f7xx_it.o
 .ARM.attributes
                0x000000000000028e       0x34 ./Core/Src/sysmem.o
 .ARM.attributes
                0x00000000000002c2       0x34 ./Core/Src/system_stm32f7xx.o
 .ARM.attributes
                0x00000000000002f6       0x34 ./Core/Src/tim.o
 .ARM.attributes
                0x000000000000032a       0x34 ./Core/Src/usart.o
 .ARM.attributes
                0x000000000000035e       0x21 ./Core/Startup/startup_stm32f746zgtx.o
 .ARM.attributes
                0x000000000000037f       0x34 ./Drivers/STM32F7xx_HAL_Driver/Src/stm32f7xx_hal.o
 .ARM.attributes
                0x00000000000003b3       0x34 ./Drivers/STM32F7xx_HAL_Driver/Src/stm32f7xx_hal_cortex.o
 .ARM.attributes
                0x00000000000003e7       0x34 ./Drivers/STM32F7xx_HAL_Driver/Src/stm32f7xx_hal_dma.o
 .ARM.attributes
                0x000000000000041b       0x34 ./Drivers/STM32F7xx_HAL_Driver/Src/stm32f7xx_hal_gpio.o
 .ARM.attributes
                0x000000000000044f       0x34 ./Drivers/STM32F7xx_HAL_Driver/Src/stm32f7xx_hal_i2c.o
 .ARM.attributes
                0x0000000000000483       0x34 ./Drivers/STM32F7xx_HAL_Driver/Src/stm32f7xx_hal_i2c_ex.o
 .ARM.attributes
                0x00000000000004b7       0x34 ./Drivers/STM32F7xx_HAL_Driver/Src/stm32f7xx_hal_pwr.o
 .ARM.attributes
                0x00000000000004eb       0x34 ./Drivers/STM32F7xx_HAL_Driver/Src/stm32f7xx_hal_rcc.o
 .ARM.attributes
                0x000000000000051f       0x34 ./Drivers/STM32F7xx_HAL_Driver/Src/stm32f7xx_hal_rcc_ex.o
 .ARM.attributes
                0x0000000000000553       0x34 ./Drivers/STM32F7xx_HAL_Driver/Src/stm32f7xx_hal_spi.o
 .ARM.attributes
                0x0000000000000587       0x34 ./Drivers/STM32F7xx_HAL_Driver/Src/stm32f7xx_hal_tim.o
 .ARM.attributes
                0x00000000000005bb       0x34 ./Drivers/STM32F7xx_HAL_Driver/Src/stm32f7xx_hal_tim_ex.o
 .ARM.attributes
                0x00000000000005ef       0x34 ./Drivers/STM32F7xx_HAL_Driver/Src/stm32f7xx_hal_uart.o
 .ARM.attributes
                0x0000000000000623       0x34 C:/ST/STM32CubeIDE_1.13.1/STM32CubeIDE/plugins/com.st.stm32cube.ide.mcu.externaltools.gnu-tools-for-stm32.11.3.rel1.win32_1.1.100.202309141235/tools/bin/../lib/gcc/arm-none-eabi/11.3.1/../../../../arm-none-eabi/lib/thumb/v7e-m+fp/hard\libc_nano.a(libc_a-atoi.o)
 .ARM.attributes
                0x0000000000000657       0x34 C:/ST/STM32CubeIDE_1.13.1/STM32CubeIDE/plugins/com.st.stm32cube.ide.mcu.externaltools.gnu-tools-for-stm32.11.3.rel1.win32_1.1.100.202309141235/tools/bin/../lib/gcc/arm-none-eabi/11.3.1/../../../../arm-none-eabi/lib/thumb/v7e-m+fp/hard\libc_nano.a(libc_a-strtol.o)
 .ARM.attributes
                0x000000000000068b       0x34 C:/ST/STM32CubeIDE_1.13.1/STM32CubeIDE/plugins/com.st.stm32cube.ide.mcu.externaltools.gnu-tools-for-stm32.11.3.rel1.win32_1.1.100.202309141235/tools/bin/../lib/gcc/arm-none-eabi/11.3.1/../../../../arm-none-eabi/lib/thumb/v7e-m+fp/hard\libc_nano.a(libc_a-ctype_.o)
 .ARM.attributes
                0x00000000000006bf       0x34 C:/ST/STM32CubeIDE_1.13.1/STM32CubeIDE/plugins/com.st.stm32cube.ide.mcu.externaltools.gnu-tools-for-stm32.11.3.rel1.win32_1.1.100.202309141235/tools/bin/../lib/gcc/arm-none-eabi/11.3.1/../../../../arm-none-eabi/lib/thumb/v7e-m+fp/hard\libc_nano.a(libc_a-findfp.o)
 .ARM.attributes
                0x00000000000006f3       0x34 C:/ST/STM32CubeIDE_1.13.1/STM32CubeIDE/plugins/com.st.stm32cube.ide.mcu.externaltools.gnu-tools-for-stm32.11.3.rel1.win32_1.1.100.202309141235/tools/bin/../lib/gcc/arm-none-eabi/11.3.1/../../../../arm-none-eabi/lib/thumb/v7e-m+fp/hard\libc_nano.a(libc_a-snprintf.o)
 .ARM.attributes
                0x0000000000000727       0x34 C:/ST/STM32CubeIDE_1.13.1/STM32CubeIDE/plugins/com.st.stm32cube.ide.mcu.externaltools.gnu-tools-for-stm32.11.3.rel1.win32_1.1.100.202309141235/tools/bin/../lib/gcc/arm-none-eabi/11.3.1/../../../../arm-none-eabi/lib/thumb/v7e-m+fp/hard\libc_nano.a(libc_a-memset.o)
 .ARM.attributes
                0x000000000000075b       0x34 C:/ST/STM32CubeIDE_1.13.1/STM32CubeIDE/plugins/com.st.stm32cube.ide.mcu.externaltools.gnu-tools-for-stm32.11.3.rel1.win32_1.1.100.202309141235/tools/bin/../lib/gcc/arm-none-eabi/11.3.1/../../../../arm-none-eabi/lib/thumb/v7e-m+fp/hard\libc_nano.a(libc_a-reent.o)
 .ARM.attributes
                0x000000000000078f       0x34 C:/ST/STM32CubeIDE_1.13.1/STM32CubeIDE/plugins/com.st.stm32cube.ide.mcu.externaltools.gnu-tools-for-stm32.11.3.rel1.win32_1.1.100.202309141235/tools/bin/../lib/gcc/arm-none-eabi/11.3.1/../../../../arm-none-eabi/lib/thumb/v7e-m+fp/hard\libc_nano.a(libc_a-impure.o)
 .ARM.attributes
                0x00000000000007c3       0x34 C:/ST/STM32CubeIDE_1.13.1/STM32CubeIDE/plugins/com.st.stm32cube.ide.mcu.externaltools.gnu-tools-for-stm32.11.3.rel1.win32_1.1.100.202309141235/tools/bin/../lib/gcc/arm-none-eabi/11.3.1/../../../../arm-none-eabi/lib/thumb/v7e-m+fp/hard\libc_nano.a(libc_a-errno.o)
 .ARM.attributes
                0x00000000000007f7       0x34 C:/ST/STM32CubeIDE_1.13.1/STM32CubeIDE/plugins/com.st.stm32cube.ide.mcu.externaltools.gnu-tools-for-stm32.11.3.rel1.win32_1.1.100.202309141235/tools/bin/../lib/gcc/arm-none-eabi/11.3.1/../../../../arm-none-eabi/lib/thumb/v7e-m+fp/hard\libc_nano.a(libc_a-init.o)
 .ARM.attributes
                0x000000000000082b       0x34 C:/ST/STM32CubeIDE_1.13.1/STM32CubeIDE/plugins/com.st.stm32cube.ide.mcu.externaltools.gnu-tools-for-stm32.11.3.rel1.win32_1.1.100.202309141235/tools/bin/../lib/gcc/arm-none-eabi/11.3.1/../../../../arm-none-eabi/lib/thumb/v7e-m+fp/hard\libc_nano.a(libc_a-lock.o)
 .ARM.attributes
                0x000000000000085f       0x1c C:/ST/STM32CubeIDE_1.13.1/STM32CubeIDE/plugins/com.st.stm32cube.ide.mcu.externaltools.gnu-tools-for-stm32.11.3.rel1.win32_1.1.100.202309141235/tools/bin/../lib/gcc/arm-none-eabi/11.3.1/../../../../arm-none-eabi/lib/thumb/v7e-m+fp/hard\libc_nano.a(libc_a-strcmp.o)
 .ARM.attributes
                0x000000000000087b       0x17 C:/ST/STM32CubeIDE_1.13.1/STM32CubeIDE/plugins/com.st.stm32cube.ide.mcu.externaltools.gnu-tools-for-stm32.11.3.rel1.win32_1.1.100.202309141235/tools/bin/../lib/gcc/arm-none-eabi/11.3.1/../../../../arm-none-eabi/lib/thumb/v7e-m+fp/hard\libc_nano.a(libc_a-strlen.o)
 .ARM.attributes
                0x0000000000000892       0x34 C:/ST/STM32CubeIDE_1.13.1/STM32CubeIDE/plugins/com.st.stm32cube.ide.mcu.externaltools.gnu-tools-for-stm32.11.3.rel1.win32_1.1.100.202309141235/tools/bin/../lib/gcc/arm-none-eabi/11.3.1/../../../../arm-none-eabi/lib/thumb/v7e-m+fp/hard\libc_nano.a(libc_a-freer.o)
 .ARM.attributes
                0x00000000000008c6       0x34 C:/ST/STM32CubeIDE_1.13.1/STM32CubeIDE/plugins/com.st.stm32cube.ide.mcu.externaltools.gnu-tools-for-stm32.11.3.rel1.win32_1.1.100.202309141235/tools/bin/../lib/gcc/arm-none-eabi/11.3.1/../../../../arm-none-eabi/lib/thumb/v7e-m+fp/hard\libc_nano.a(libc_a-mallocr.o)