../Core/Src/lcd_hd44780_lib.c:7:6:LCD_WriteNibble	16	static
../Core/Src/lcd_hd44780_lib.c:19:15:LCD_ReadNibble	16	static
../Core/Src/lcd_hd44780_lib.c:33:15:LCD_ReadStatus	16	static
../Core/Src/lcd_hd44780_lib.c:61:6:LCD_WriteData	16	static
../Core/Src/lcd_hd44780_lib.c:74:6:LCD_WriteCommand	16	static
../Core/Src/lcd_hd44780_lib.c:85:6:LCD_WriteText	16	static
../Core/Src/lcd_hd44780_lib.c:93:6:LCD_GoTo	16	static
../Core/Src/lcd_hd44780_lib.c:100:6:LCD_WriteTextXY	16	static
../Core/Src/lcd_hd44780_lib.c:109:6:LCD_WriteBinary	24	static
../Core/Src/lcd_hd44780_lib.c:120:6:LCD_ShiftLeft	8	static
../Core/Src/lcd_hd44780_lib.c:127:6:LCD_ShiftRight	8	static
../Core/Src/lcd_hd44780_lib.c:134:6:LCD_Initialize	40	static
../Core/Src/lcd_hd44780_lib.c:188:6:LCD_SetUserChar	16	static
