../Core/Src/main.c:151:6:move_menu	16	static
../Core/Src/main.c:174:8:roundToTwoDecimals	16	static
../Core/Src/main.c:180:9:calculate_discrete_pi	48	static
../Core/Src/main.c:220:6:PowerSupply_SetState	16	static
../Core/Src/main.c:224:6:PowerSupply_Off	8	static
../Core/Src/main.c:230:6:PowerSupply_On	8	static
../Core/Src/main.c:237:6:Battery_SetState	16	static
../Core/Src/main.c:241:6:Battery_Off	8	static
../Core/Src/main.c:247:6:Battery_On	8	static
../Core/Src/main.c:254:6:Output_SetState	16	static
../Core/Src/main.c:258:6:Output_Off	8	static
../Core/Src/main.c:263:6:Output_On	8	static
../Core/Src/main.c:272:6:sendBluetoothData	16	static
../Core/Src/main.c:278:6:HAL_UART_RxCpltCallback	16	static
../Core/Src/main.c:289:6:HAL_TIM_PeriodElapsedCallback	24	static
../Core/Src/main.c:322:5:main	32	static
../Core/Src/main.c:1076:6:SystemClock_Config	88	static
../Core/Src/main.c:1130:6:Error_Handler	4	static,ignoring_inline_asm
