../Core/Src/main.c:128:6:move_menu	16	static
../Core/Src/main.c:151:8:roundToTwoDecimals	16	static
../Core/Src/main.c:157:6:PowerSupply_SetState	16	static
../Core/Src/main.c:161:6:PowerSupply_Off	8	static
../Core/Src/main.c:166:6:PowerSupply_On	8	static
../Core/Src/main.c:172:6:Battery_SetState	16	static
../Core/Src/main.c:176:6:Battery_Off	8	static
../Core/Src/main.c:181:6:Battery_On	8	static
../Core/Src/main.c:187:6:Output_SetState	16	static
../Core/Src/main.c:191:6:Output_Off	8	static
../Core/Src/main.c:196:6:Output_On	8	static
../Core/Src/main.c:205:6:sendBluetoothData	16	static
../Core/Src/main.c:211:6:HAL_UART_RxCpltCallback	16	static
../Core/Src/main.c:222:6:HAL_TIM_PeriodElapsedCallback	16	static
../Core/Src/main.c:249:5:main	32	static
../Core/Src/main.c:982:6:SystemClock_Config	88	static
../Core/Src/main.c:1036:6:Error_Handler	4	static,ignoring_inline_asm
